******************************************************************************
                  MSP430 Linker PC v4.2.1                      
******************************************************************************
>> Linked Sun Dec 29 23:58:10 2013

OUTPUT FILE NAME:   <CurubaDevice.out>
ENTRY POINT SYMBOL: "_c_int00"  address: 0000c404


MEMORY CONFIGURATION

         name            origin    length      used     unused   attr    fill
----------------------  --------  ---------  --------  --------  ----  --------
  SFR                   00000000   00000010  00000000  00000010  RWIX
  PERIPHERALS_8BIT      00000010   000000f0  00000000  000000f0  RWIX
  PERIPHERALS_16BIT     00000100   00000100  00000000  00000100  RWIX
  INFOD                 00001800   00000080  00000000  00000080  RWIX
  INFOC                 00001880   00000080  00000000  00000080  RWIX
  INFOB                 00001900   00000080  00000000  00000080  RWIX
  INFOA                 00001980   00000080  00000000  00000080  RWIX
  RAM                   00001c00   00001800  000006d4  0000112c  RWIX
  FLASH                 00008000   00007f80  0000495a  00003626  RWIX
  INT00                 0000ff80   00000002  00000000  00000002  RWIX
  INT01                 0000ff82   00000002  00000000  00000002  RWIX
  INT02                 0000ff84   00000002  00000000  00000002  RWIX
  INT03                 0000ff86   00000002  00000000  00000002  RWIX
  INT04                 0000ff88   00000002  00000000  00000002  RWIX
  INT05                 0000ff8a   00000002  00000000  00000002  RWIX
  INT06                 0000ff8c   00000002  00000000  00000002  RWIX
  INT07                 0000ff8e   00000002  00000000  00000002  RWIX
  INT08                 0000ff90   00000002  00000000  00000002  RWIX
  INT09                 0000ff92   00000002  00000000  00000002  RWIX
  INT10                 0000ff94   00000002  00000000  00000002  RWIX
  INT11                 0000ff96   00000002  00000000  00000002  RWIX
  INT12                 0000ff98   00000002  00000000  00000002  RWIX
  INT13                 0000ff9a   00000002  00000000  00000002  RWIX
  INT14                 0000ff9c   00000002  00000000  00000002  RWIX
  INT15                 0000ff9e   00000002  00000000  00000002  RWIX
  INT16                 0000ffa0   00000002  00000000  00000002  RWIX
  INT17                 0000ffa2   00000002  00000000  00000002  RWIX
  INT18                 0000ffa4   00000002  00000000  00000002  RWIX
  INT19                 0000ffa6   00000002  00000000  00000002  RWIX
  INT20                 0000ffa8   00000002  00000000  00000002  RWIX
  INT21                 0000ffaa   00000002  00000000  00000002  RWIX
  INT22                 0000ffac   00000002  00000000  00000002  RWIX
  INT23                 0000ffae   00000002  00000000  00000002  RWIX
  INT24                 0000ffb0   00000002  00000000  00000002  RWIX
  INT25                 0000ffb2   00000002  00000000  00000002  RWIX
  INT26                 0000ffb4   00000002  00000000  00000002  RWIX
  INT27                 0000ffb6   00000002  00000000  00000002  RWIX
  INT28                 0000ffb8   00000002  00000000  00000002  RWIX
  INT29                 0000ffba   00000002  00000000  00000002  RWIX
  INT30                 0000ffbc   00000002  00000000  00000002  RWIX
  INT31                 0000ffbe   00000002  00000000  00000002  RWIX
  INT32                 0000ffc0   00000002  00000000  00000002  RWIX
  INT33                 0000ffc2   00000002  00000000  00000002  RWIX
  INT34                 0000ffc4   00000002  00000000  00000002  RWIX
  INT35                 0000ffc6   00000002  00000000  00000002  RWIX
  INT36                 0000ffc8   00000002  00000000  00000002  RWIX
  INT37                 0000ffca   00000002  00000000  00000002  RWIX
  INT38                 0000ffcc   00000002  00000000  00000002  RWIX
  INT39                 0000ffce   00000002  00000000  00000002  RWIX
  INT40                 0000ffd0   00000002  00000000  00000002  RWIX
  INT41                 0000ffd2   00000002  00000002  00000000  RWIX
  INT42                 0000ffd4   00000002  00000002  00000000  RWIX
  INT43                 0000ffd6   00000002  00000002  00000000  RWIX
  INT44                 0000ffd8   00000002  00000002  00000000  RWIX
  INT45                 0000ffda   00000002  00000002  00000000  RWIX
  INT46                 0000ffdc   00000002  00000002  00000000  RWIX
  INT47                 0000ffde   00000002  00000002  00000000  RWIX
  INT48                 0000ffe0   00000002  00000002  00000000  RWIX
  INT49                 0000ffe2   00000002  00000002  00000000  RWIX
  INT50                 0000ffe4   00000002  00000002  00000000  RWIX
  INT51                 0000ffe6   00000002  00000002  00000000  RWIX
  INT52                 0000ffe8   00000002  00000002  00000000  RWIX
  INT53                 0000ffea   00000002  00000002  00000000  RWIX
  INT54                 0000ffec   00000002  00000002  00000000  RWIX
  INT55                 0000ffee   00000002  00000002  00000000  RWIX
  INT56                 0000fff0   00000002  00000002  00000000  RWIX
  INT57                 0000fff2   00000002  00000002  00000000  RWIX
  INT58                 0000fff4   00000002  00000002  00000000  RWIX
  INT59                 0000fff6   00000002  00000002  00000000  RWIX
  INT60                 0000fff8   00000002  00000002  00000000  RWIX
  INT61                 0000fffa   00000002  00000002  00000000  RWIX
  INT62                 0000fffc   00000002  00000002  00000000  RWIX
  RESET                 0000fffe   00000002  00000002  00000000  RWIX


SECTION ALLOCATION MAP

 output                                  attributes/
section   page    origin      length       input sections
--------  ----  ----------  ----------   ----------------
.init_array 
*          0    00008000    00000000     UNINITIALIZED

.bss       0    00001c00    000002ca     UNINITIALIZED
                  00001c00    00000084     (.common:spi_buffer)
                  00001c84    00000084     (.common:wlan_tx_buffer)
                  00001d08    00000064     (.common:requestBuffer)
                  00001d6c    00000046     (.common:comms_receive_array)
                  00001db2    00000046     (.common:comms_transmit_array)
                  00001df8    00000046     (.common:deviceInfoState$1)
                  00001e3e    0000003e     (.common:tSLInformation)
                  00001e7c    00000014     (.common:pingReport)
                  00001e90    00000010     (.common:sSpiInformation)
                  00001ea0    00000010     (.common:tSocketAddr)
                  00001eb0    00000004     (.common:ulCC3000Connected)
                  00001eb4    00000004     (.common:ulCC3000DHCP)
                  00001eb8    00000004     (.common:ulCC3000SocketClosed)
                  00001ebc    00000004     (.common:ulPingReceived)
                  00001ec0    00000004     (.common:ulSocketTCP)
                  00001ec4    00000002     (.common:memsize)
                  00001ec6    00000002     (.common:sys_base)
                  00001ec8    00000002     (.common:sys_free)

.TI.noinit 
*          0    00001c00    00000000     UNINITIALIZED

.data      0    00001eca    000002ca     UNINITIALIZED
                  00001eca    00000268     adcBuffer.obj (.data:tab_ADC10)
                  00002132    00000010     CC3000 Board.lib : interuptDeviceControl.obj (.data)
                  00002142    00000009     network.obj (.data:_SSIDKey)
                  0000214b    00000001     --HOLE--
                  0000214c    00000008     commsManager.obj (.data)
                  00002154    00000008     rts430x_lc_sd_eabi.lib : _lock.obj (.data)
                  0000215c    00000008     util.obj (.data)
                  00002164    00000006     dimmer.obj (.data)
                  0000216a    00000005     network.obj (.data:_SSIDName)
                  0000216f    00000001     --HOLE--
                  00002170    00000005     CC3000 Spi.lib : spi.obj (.data:tSpiReadHeader)
                  00002175    00000001     --HOLE--
                  00002176    00000004     CC3000HostDriver.lib : evnt_handler.obj (.data)
                  0000217a    00000004     network.obj (.data:_serverIP)
                  0000217e    00000004     network.obj (.data)
                  00002182    00000004     outlet.obj (.data)
                  00002186    00000002     network.obj (.data:_serverPort)
                  00002188    00000002     adcBuffer.obj (.data)
                  0000218a    00000002     communication.obj (.data)
                  0000218c    00000002     deviceControl.obj (.data)
                  0000218e    00000002     eventManager.obj (.data)
                  00002190    00000002     rts430x_lc_sd_eabi.lib : errno.obj (.data)
                  00002192    00000002                            : memory.obj (.data)

.TI.persistent 
*          0    00001eca    00000000     UNINITIALIZED

.sysmem    0    00002194    000000a0     UNINITIALIZED
                  00002194    00000004     rts430x_lc_sd_eabi.lib : memory.obj (.sysmem)
                  00002198    0000009c     --HOLE--

.stack     0    00003360    000000a0     UNINITIALIZED
                  00003360    00000002     rts430x_lc_sd_eabi.lib : boot.obj (.stack)
                  00003362    0000009e     --HOLE--

.text      0    00008000    000048ea     
                  00008000    00000444     rts430x_lc_sd_eabi.lib : frcdivd.obj (.text:__TI_frcdivd)
                  00008444    00000406     CC3000HostDriver.lib : evnt_handler.obj (.text:hci_event_handler)
                  0000884a    0000038e     rts430x_lc_sd_eabi.lib : llmath.obj (.text:__mspabi_divull)
                  00008bd8    000002da                            : frcmpyd.obj (.text:__TI_frcmpyd)
                  00008eb2    00000276     CC3000HostDriver.lib : evnt_handler.obj (.text:hci_unsol_event_handler)
                  00009128    00000244     rts430x_lc_sd_eabi.lib : mpyd.obj (.text:__mspabi_mpyd)
                  0000936c    00000218                            : divd.obj (.text:__mspabi_divd)
                  00009584    000001b8     CC3000HostDriver.lib : socket.obj (.text:simple_link_send)
                  0000973c    00000166     communication.obj (.text:payloadToSend)
                  000098a2    0000015c     CC3000HostDriver.lib : wlan.obj (.text:wlan_connect)
                  000099fe    00000140     rts430x_lc_sd_eabi.lib : llmath.obj (.text:__mspabi_divlli)
                  00009b3e    00000138     util.obj (.text:ComputationWattHour)
                  00009c76    00000114     Wifi.lib : cc3000.obj (.text:initCC3000)
                  00009d8a    000000f6     dimmer.obj (.text:controlCommsReceive_dimmer)
                  00009e80    000000f4     CC3000HostDriver.lib : netapp.obj (.text:netapp_timeout_values)
                  00009f74    000000dc                          : hci.obj (.text:hci_patch_send)
                  0000a050    000000d8     rts430x_lc_sd_eabi.lib : copy_decompress_rle.obj (.text:__TI_decompress_rle_core)
                  0000a128    000000d4     CC3000 Board.lib : boardMSP430.obj (.text:Init_FLL)
                  0000a1fc    000000d4                      : boardMSP430.obj (.text:SetVCoreUp)
                  0000a2d0    000000ca     CC3000 Spi.lib : spi.obj (.text:SpiWrite)
                  0000a39a    000000be     CC3000 Board.lib : board.obj (.text:pio_init)
                  0000a458    000000b6     CC3000HostDriver.lib : evnt_handler.obj (.text:hci_unsol_handle_patch_request)
                  0000a50e    000000b6     rts430x_lc_sd_eabi.lib : fs_mpy.obj (.text)
                  0000a5c4    000000b4     CC3000HostDriver.lib : socket.obj (.text:setsockopt)
                  0000a678    000000a6     rts430x_lc_sd_eabi.lib : memory.obj (.text:malloc)
                  0000a71e    000000a0     CC3000HostDriver.lib : netapp.obj (.text:netapp_dhcp)
                  0000a7be    0000009e                          : wlan.obj (.text:wlan_start)
                  0000a85c    0000009a     CC3000 Board.lib : boardMSP430.obj (.text:SetVCoreDown)
                  0000a8f6    0000009a     Wifi.lib : cc3000.obj (.text:initSocket)
                  0000a990    00000098     outlet.obj (.text:heartBeat_outlet)
                  0000aa28    00000090     CC3000HostDriver.lib : socket.obj (.text:connect)
                  0000aab8    00000090     communication.obj (.text:payloadReceived)
                  0000ab48    0000008e     rts430x_lc_sd_eabi.lib : fs_div.obj (.text)
                  0000abd6    0000008a     CC3000HostDriver.lib : socket.obj (.text:simple_link_recv)
                  0000ac60    00000086     Wifi.lib : cc3000.obj (.text:CC3000_UsynchCallback)
                  0000ace6    00000082     rts430x_lc_sd_eabi.lib : fixdul.obj (.text:__mspabi_fixdul)
                  0000ad68    00000082                            : fltuld.obj (.text:__mspabi_fltuld)
                  0000adea    0000007e                            : fs_tol.obj (.text)
                  0000ae68    00000076     CC3000 Spi.lib : spi.obj (.text:SpiReadDataCont)
                  0000aede    00000076     util.obj (.text:ledControl)
                  0000af54    00000072     eventManager.obj (.text:doEvent)
                  0000afc6    00000072     CC3000HostDriver.lib : wlan.obj (.text:wlan_set_event_mask)
                  0000b038    00000070     rts430x_lc_sd_eabi.lib : autoinit.obj (.text:_auto_init)
                  0000b0a8    0000006e     CC3000HostDriver.lib : socket.obj (.text:socket)
                  0000b116    0000006c     CC3000 Spi.lib : spi.obj (.text:_isr:IntSpiGPIOHandler)
                  0000b182    0000006c     network.obj (.text:connectToWifi)
                  0000b1ee    00000064     dimmer.obj (.text:heartBeat_dimmer)
                  0000b252    00000060     CC3000HostDriver.lib : evnt_handler.obj (.text:set_socket_active_status)
                  0000b2b2    0000005a     rts430x_lc_sd_eabi.lib : mult64_f5hw.obj (.text:__mpyll)
                  0000b30c    0000005a     CC3000HostDriver.lib : wlan.obj (.text:wlan_ioctl_set_connection_policy)
                  0000b366    00000058     CC3000 Board.lib : board.obj (.text:readADC)
                  0000b3be    00000058     rts430x_lc_sd_eabi.lib : div32u.obj (.text)
                  0000b416    00000054     CC3000HostDriver.lib : socket.obj (.text:closesocket)
                  0000b46a    00000054     outlet.obj (.text:controlCommsReceive_outlet)
                  0000b4be    00000052     dimmer.obj (.text:changeIO_dimmer)
                  0000b510    00000050     CC3000 Spi.lib : spi.obj (.text:SpiReadDataSynchronous)
                  0000b560    0000004c     CC3000HostDriver.lib : socket.obj (.text:HostFlowControlConsumeBuff)
                  0000b5ac    0000004a     CC3000 Spi.lib : spi.obj (.text:SpiFirstWrite)
                  0000b5f6    0000004a     rts430x_lc_sd_eabi.lib : fs_ltof.obj (.text)
                  0000b640    00000048     CC3000HostDriver.lib : hci.obj (.text:hci_data_send)
                  0000b688    00000046     CC3000 Board.lib : board.obj (.text:turnOffligth)
                  0000b6ce    00000044     rts430x_lc_sd_eabi.lib : llmath.obj (.text:__mspabi_srall)
                  0000b712    00000044     outlet.obj (.text:changeIO_outlet)
                  0000b756    00000044     dimmer.obj (.text:infoCommsReceive_dimmer)
                  0000b79a    00000042     Wifi.lib : cc3000.obj (.text:connectServer)
                  0000b7dc    00000042     deviceControl.obj (.text:initApp)
                  0000b81e    00000042     Wifi.lib : cc3000.obj (.text:sendPackets)
                  0000b860    00000042     CC3000 Board.lib : board.obj (.text:turnOnlight)
                  0000b8a2    00000042     CC3000HostDriver.lib : wlan.obj (.text:wlan_ioctl_del_profile)
                  0000b8e4    00000040                          : cc3000_common.obj (.text:STREAM_TO_UINT32_f)
                  0000b924    00000040     CC3000 Board.lib : boardMSP430.obj (.text:SetVCore)
                  0000b964    00000040     rts430x_lc_sd_eabi.lib : cpy_util.obj (.text:__memcpy_far)
                  0000b9a4    00000040     Wifi.lib : cc3000.obj (.text:connectWifi)
                  0000b9e4    00000040     CC3000HostDriver.lib : evnt_handler.obj (.text:get_socket_active_status)
                  0000ba24    00000040                          : evnt_handler.obj (.text:hci_event_unsol_flowcontrol_handler)
                  0000ba64    00000040     rts430x_lc_sd_eabi.lib : div32s.obj (.text)
                  0000baa4    0000003e     CC3000 Board.lib : board.obj (.text:TimerStart)
                  0000bae2    0000003e     rts430x_lc_sd_eabi.lib : llmath.obj (.text:__mspabi_sllll)
                  0000bb20    0000003e                            : llmath.obj (.text:__mspabi_srlll)
                  0000bb5e    0000003e     network.obj (.text:checkNetwork)
                  0000bb9c    0000003e     rts430x_lc_sd_eabi.lib : copy_zero_init.obj (.text:decompress:ZI:__TI_zero_init)
                  0000bbda    0000003e                            : asr32.obj (.text:l_asr_const)
                  0000bc18    0000003e                            : lsl32.obj (.text:l_lsl_const)
                  0000bc56    0000003e                            : lsr32.obj (.text:l_lsr_const)
                  0000bc94    0000003c                            : copy_decompress_none.obj (.text:decompress:none:__TI_decompress_none)
                  0000bcd0    0000003c     CC3000HostDriver.lib : socket.obj (.text:send)
                  0000bd0c    0000003a                          : socket.obj (.text:recv)
                  0000bd46    0000003a                          : wlan.obj (.text:wlan_init)
                  0000bd80    00000038     rts430x_lc_sd_eabi.lib : memory.obj (.text:minit)
                  0000bdb8    00000038     CC3000 Board.lib : board.obj (.text:setState)
                  0000bdf0    00000038     Wifi.lib : cc3000.obj (.text:updateIPinfo)
                  0000be28    00000036     CC3000 Board.lib : boardMSP430.obj (.text:Init_FLL_Settle)
                  0000be5e    00000036     outlet.obj (.text:infoCommsReceive_outlet)
                  0000be94    00000034     CC3000 Spi.lib : spi.obj (.text:SpiWriteDataSynchronous)
                  0000bec8    00000034     CC3000 Board.lib : board.obj (.text:TimerStop)
                  0000befc    00000034     network.obj (.text:do_event_wifi_connected)
                  0000bf30    00000034     CC3000HostDriver.lib : evnt_handler.obj (.text:hci_unsolicited_event_handler)
                  0000bf64    00000032     typeDevice.obj (.text:createDimmer)
                  0000bf96    00000032     typeDevice.obj (.text:createOutlet)
                  0000bfc8    00000032     commsManager.obj (.text:push)
                  0000bffa    00000030     CC3000HostDriver.lib : wlan.obj (.text:SimpleLink_Init_Start)
                  0000c02a    00000030     CC3000 Board.lib : board.obj (.text:setStateDimmer)
                  0000c05a    00000030     CC3000HostDriver.lib : evnt_handler.obj (.text:update_socket_active_status)
                  0000c08a    0000002e     CC3000 Spi.lib : spi.obj (.text:SpiOpen)
                  0000c0b8    0000002e     CC3000HostDriver.lib : hci.obj (.text:hci_command_send)
                  0000c0e6    0000002e     CC3000 Board.lib : interuptDeviceControl.obj (.text:initReadCurrent)
                  0000c114    0000002e                      : board.obj (.text:toggleControl)
                  0000c142    0000002c     CC3000 Spi.lib : spi.obj (.text:SpiTriggerRxProcessing)
                  0000c16e    0000002c     Wifi.lib : cc3000.obj (.text:configDHCP)
                  0000c19a    0000002c              : cc3000.obj (.text:initDriver)
                  0000c1c6    00000028     CC3000HostDriver.lib : cc3000_common.obj (.text:UINT32_TO_STREAM_f)
                  0000c1ee    00000026     deviceControl.obj (.text:callback_ledTimer)
                  0000c214    00000024     util.obj (.text:GetState)
                  0000c238    00000024     dimmer.obj (.text:initDevice_dimmer)
                  0000c25c    00000024     CC3000 Board.lib : interuptDeviceControl.obj (.text:initLedTimer)
                  0000c280    00000024     Wifi.lib : cc3000.obj (.text:receivePackets)
                  0000c2a4    00000022     CC3000 Board.lib : interuptDeviceControl.obj (.text:_isr:IntGPIOHandler)
                  0000c2c6    00000022     network.obj (.text:connectToServer)
                  0000c2e8    00000022     communication.obj (.text:do_event_payloadReceived)
                  0000c30a    00000022     rts430x_lc_sd_eabi.lib : mult32_f5hw.obj (.text)
                  0000c32c    00000022     CC3000HostDriver.lib : wlan.obj (.text:wlan_stop)
                  0000c34e    00000020     CC3000 Spi.lib : spi.obj (.text:init_spi)
                  0000c36e    00000020     main.obj (.text:main)
                  0000c38e    00000020     CC3000HostDriver.lib : netapp.obj (.text:netapp_ipconfig)
                  0000c3ae    0000001e     util.obj (.text:IsStateChange)
                  0000c3cc    0000001c     commsReceive.obj (.text:controlCommsReceive)
                  0000c3e8    0000001c     CC3000 Board.lib : interuptDeviceControl.obj (.text:initDimmerTimer)
                  0000c404    0000001a     rts430x_lc_sd_eabi.lib : boot.obj (.text:_isr:_c_int00_noexit)
                  0000c41e    0000001a     util.obj (.text:getTimeElapsed)
                  0000c438    0000001a     commsReceive.obj (.text:infoCommsReceive)
                  0000c452    0000001a     network.obj (.text:initNetwork)
                  0000c46c    0000001a     CC3000 Board.lib : interuptDeviceControl.obj (.text:initTIMER0)
                  0000c486    0000001a     adcBuffer.obj (.text:next)
                  0000c4a0    00000018     CC3000 Board.lib : interuptDeviceControl.obj (.text:_isr:TIMER2_A1_ISR)
                  0000c4b8    00000018     deviceControl.obj (.text:callback_readCurrent)
                  0000c4d0    00000018     commsManager.obj (.text:pop)
                  0000c4e8    00000018     commsReceive.obj (.text:receiveComms)
                  0000c500    00000016     CC3000 Board.lib : interuptDeviceControl.obj (.text:_isr:TIMER0_B1_ISR)
                  0000c516    00000016                      : interuptDeviceControl.obj (.text:_isr:TIMER1_A1_ISR)
                  0000c52c    00000016     communication.obj (.text:do_event_payloadToSend)
                  0000c542    00000016     CC3000 Board.lib : board.obj (.text:initClk)
                  0000c558    00000016                      : interuptDeviceControl.obj (.text:initHearbeatTimer)
                  0000c56e    00000016     rts430x_lc_sd_eabi.lib : abs.obj (.text:llabs)
                  0000c584    00000016                            : div16u.obj (.text)
                  0000c59a    00000016                            : mult16_f5hw.obj (.text)
                  0000c5b0    00000014     CC3000HostDriver.lib : cc3000_common.obj (.text:STREAM_TO_UINT16_f)
                  0000c5c4    00000014     Wifi.lib : cc3000.obj (.text:callCloseSocket)
                  0000c5d8    00000014     network.obj (.text:getLanConfig)
                  0000c5ec    00000014     rts430x_lc_sd_eabi.lib : memset.obj (.text:memset)
                  0000c600    00000012     CC3000 Spi.lib : spi.obj (.text:SSIContReadOperation)
                  0000c612    00000012     CC3000HostDriver.lib : evnt_handler.obj (.text:SimpleLinkWaitEvent)
                  0000c624    00000012     rts430x_lc_sd_eabi.lib : fixdu.obj (.text:__mspabi_fixdu)
                  0000c636    00000012     CC3000 Board.lib : interuptDeviceControl.obj (.text:_isr:ADC10_ISR)
                  0000c648    00000012                      : interuptDeviceControl.obj (.text:_isr:TIMER0_A1_ISR)
                  0000c65a    00000012     typeDevice.obj (.text:createTypeDevice)
                  0000c66c    00000012     rts430x_lc_sd_eabi.lib : memcpy.obj (.text:memcpy)
                  0000c67e    00000012     commsManager.obj (.text:pushReceive)
                  0000c690    00000012     commsManager.obj (.text:pushTransmit)
                  0000c6a2    00000012     dimmer.obj (.text:timer2_Execute_dimmer)
                  0000c6b4    00000012     Wifi.lib : cc3000.obj (.text:updateAsyncEvent)
                  0000c6c6    00000010     CC3000 Spi.lib : spi.obj (.text:SpiClose)
                  0000c6d6    00000010     CC3000HostDriver.lib : cc3000_common.obj (.text:UINT16_TO_STREAM_f)
                  0000c6e6    00000010     CC3000 Board.lib : boardMSP430.obj (.text:WriteWlanPin)
                  0000c6f6    00000010     rts430x_lc_sd_eabi.lib : lsl32.obj (.text:l_lsl)
                  0000c706    00000010                            : lsr32.obj (.text:l_lsr)
                  0000c716    0000000e     CC3000 Spi.lib : spi.obj (.text:SpiReadHeader)
                  0000c724    0000000e     CC3000HostDriver.lib : wlan.obj (.text:SpiReceiveHandler)
                  0000c732    0000000e     rts430x_lc_sd_eabi.lib : copy_decompress_rle.obj (.text:decompress:rle24:__TI_decompress_rle24)
                  0000c740    0000000e     CC3000 Board.lib : board.obj (.text:disableDimmer)
                  0000c74e    0000000e                      : board.obj (.text:initLEDs)
                  0000c75c    0000000e     commsManager.obj (.text:popReceive)
                  0000c76a    0000000e     commsManager.obj (.text:popTransmit)
                  0000c778    0000000e     CC3000 Board.lib : board.obj (.text:resetDimmerTimer)
                  0000c786    0000000e     rts430x_lc_sd_eabi.lib : strlen.obj (.text:strlen)
                  0000c794    0000000e     CC3000 Board.lib : board.obj (.text:toggleLed)
                  0000c7a2    0000000e                      : board.obj (.text:turnLedOff)
                  0000c7b0    0000000e                      : board.obj (.text:turnLedOn)
                  0000c7be    0000000c                      : board.obj (.text:getCurrentStateDimmer)
                  0000c7ca    0000000a     CC3000 Spi.lib : spi.obj (.text:RXBufferIsEmpty)
                  0000c7d4    0000000a     CC3000 Board.lib : boardMSP430.obj (.text:ReadWlanInterruptPin)
                  0000c7de    0000000a     CC3000HostDriver.lib : evnt_handler.obj (.text:SimpleLinkWaitData)
                  0000c7e8    0000000a     CC3000 Spi.lib : spi.obj (.text:TXBufferIsEmpty)
                  0000c7f2    0000000a     CC3000 Board.lib : boardMSP430.obj (.text:WlanInterruptEnable)
                  0000c7fc    0000000a     Wifi.lib : cc3000.obj (.text:_system_pre_init)
                  0000c806    0000000a     deviceControl.obj (.text:callback_dimmerTimer)
                  0000c810    0000000a     network.obj (.text:do_event_socket_connected)
                  0000c81a    0000000a     CC3000 Board.lib : board.obj (.text:readAppSwitch)
                  0000c824    0000000a     rts430x_lc_sd_eabi.lib : lsl16.obj (.text)
                  0000c82e    0000000a     Wifi.lib : cc3000.obj (.text:sendBootLoaderPatch)
                  0000c838    0000000a              : cc3000.obj (.text:sendDriverPatch)
                  0000c842    0000000a              : cc3000.obj (.text:sendWLFWPatch)
                  0000c84c    0000000a     adcBuffer.obj (.text:setValue)
                  0000c856    0000000a     Wifi.lib : cc3000.obj (.text:socketclosed)
                  0000c860    0000000a              : cc3000.obj (.text:wifiConnected)
                  0000c86a    00000008     deviceControl.obj (.text:callback_heartbeatTimer)
                  0000c872    00000008     network.obj (.text:do_event_packetsReceived)
                  0000c87a    00000008     CC3000 Board.lib : board.obj (.text:enableDimmer)
                  0000c882    00000008     outlet.obj (.text:initDevice_outlet)
                  0000c88a    00000008     CC3000 Board.lib : board.obj (.text:setCurrentStateDimmerOn)
                  0000c892    00000006     CC3000 Spi.lib : spi.obj (.text:SpiPauseSpi)
                  0000c898    00000006                    : spi.obj (.text:SpiResumeSpi)
                  0000c89e    00000006     CC3000 Board.lib : boardMSP430.obj (.text:WlanInterruptDisable)
                  0000c8a4    00000006     rts430x_lc_sd_eabi.lib : fltud.obj (.text:__mspabi_fltud)
                  0000c8aa    00000006     deviceInfoState.obj (.text:getDeviceInfoState)
                  0000c8b0    00000006     CC3000 Board.lib : board.obj (.text:getValueCurrentVolt)
                  0000c8b6    00000006     adcBuffer.obj (.text:getValues)
                  0000c8bc    00000006     communication.obj (.text:initCommunication)
                  0000c8c2    00000006     CC3000 Board.lib : board.obj (.text:init_bis_register)
                  0000c8c8    00000006     eventManager.obj (.text:notify)
                  0000c8ce    00000006     CC3000 Board.lib : board.obj (.text:setDimmerTime)
                  0000c8d4    00000006                      : board.obj (.text:setHeartbeatTime)
                  0000c8da    00000004                      : boardMSP430.obj (.text:_isr:Trap_ISR)
                  0000c8de    00000004     rts430x_lc_sd_eabi.lib : exit.obj (.text:abort)
                  0000c8e2    00000004     network.obj (.text:do_event_wifi_disconnected)
                  0000c8e6    00000002     rts430x_lc_sd_eabi.lib : _lock.obj (.text:_nop)
                  0000c8e8    00000002     outlet.obj (.text:timer2_Execute_outlet)

.cinit     0    0000c8ea    00000070     
                  0000c8ea    0000004d     (.cinit..data.load) [load image, compression = rle]
                  0000c937    00000001     --HOLE-- [fill = 0]
                  0000c938    0000000c     (__TI_handler_table)
                  0000c944    00000006     (.cinit..bss.load) [load image, compression = zero_init]
                  0000c94a    00000010     (__TI_cinit_table)

RTC        0    0000ffd2    00000002     
                  0000ffd2    00000002     CC3000 Board.lib : boardMSP430.obj (.int41)

PORT2      0    0000ffd4    00000002     
                  0000ffd4    00000002     CC3000 Spi.lib : spi.obj (.int42)

TIMER2_A1 
*          0    0000ffd6    00000002     
                  0000ffd6    00000002     CC3000 Board.lib : interuptDeviceControl.obj (.int43)

TIMER2_A0 
*          0    0000ffd8    00000002     
                  0000ffd8    00000002     CC3000 Board.lib : boardMSP430.obj (.int44)

USCI_B1    0    0000ffda    00000002     
                  0000ffda    00000002     CC3000 Board.lib : boardMSP430.obj (.int45)

USCI_A1    0    0000ffdc    00000002     
                  0000ffdc    00000002     CC3000 Board.lib : boardMSP430.obj (.int46)

PORT1      0    0000ffde    00000002     
                  0000ffde    00000002     CC3000 Board.lib : interuptDeviceControl.obj (.int47)

TIMER1_A1 
*          0    0000ffe0    00000002     
                  0000ffe0    00000002     CC3000 Board.lib : interuptDeviceControl.obj (.int48)

TIMER1_A0 
*          0    0000ffe2    00000002     
                  0000ffe2    00000002     CC3000 Board.lib : boardMSP430.obj (.int49)

DMA        0    0000ffe4    00000002     
                  0000ffe4    00000002     CC3000 Board.lib : boardMSP430.obj (.int50)

LDO_PWR    0    0000ffe6    00000002     
                  0000ffe6    00000002     CC3000 Board.lib : boardMSP430.obj (.int51)

TIMER0_A1 
*          0    0000ffe8    00000002     
                  0000ffe8    00000002     CC3000 Board.lib : interuptDeviceControl.obj (.int52)

TIMER0_A0 
*          0    0000ffea    00000002     
                  0000ffea    00000002     CC3000 Board.lib : boardMSP430.obj (.int53)

ADC10      0    0000ffec    00000002     
                  0000ffec    00000002     CC3000 Board.lib : interuptDeviceControl.obj (.int54)

USCI_B0    0    0000ffee    00000002     
                  0000ffee    00000002     CC3000 Board.lib : boardMSP430.obj (.int55)

USCI_A0    0    0000fff0    00000002     
                  0000fff0    00000002     CC3000 Board.lib : boardMSP430.obj (.int56)

WDT        0    0000fff2    00000002     
                  0000fff2    00000002     CC3000 Board.lib : boardMSP430.obj (.int57)

TIMER0_B1 
*          0    0000fff4    00000002     
                  0000fff4    00000002     CC3000 Board.lib : interuptDeviceControl.obj (.int58)

TIMER0_B0 
*          0    0000fff6    00000002     
                  0000fff6    00000002     CC3000 Board.lib : boardMSP430.obj (.int59)

COMP_B     0    0000fff8    00000002     
                  0000fff8    00000002     CC3000 Board.lib : boardMSP430.obj (.int60)

UNMI       0    0000fffa    00000002     
                  0000fffa    00000002     CC3000 Board.lib : boardMSP430.obj (.int61)

SYSNMI     0    0000fffc    00000002     
                  0000fffc    00000002     CC3000 Board.lib : boardMSP430.obj (.int62)

.reset     0    0000fffe    00000002     
                  0000fffe    00000002     rts430x_lc_sd_eabi.lib : boot.obj (.reset)


LINKER GENERATED COPY TABLES

__TI_cinit_table @ 0000c94a records: 2, size/record: 8, table size: 16
	.data: load addr=0000c8ea, load size=0000004d bytes, run addr=00001eca, run size=000002ca bytes, compression=rle
	.bss: load addr=0000c944, load size=00000006 bytes, run addr=00001c00, run size=000002ca bytes, compression=zero_init


LINKER GENERATED HANDLER TABLE

__TI_handler_table @ 0000c938 records: 3, size/record: 4, table size: 12
	index: 0, handler: __TI_zero_init
	index: 1, handler: __TI_decompress_rle24
	index: 2, handler: __TI_decompress_none


GLOBAL SYMBOLS: SORTED ALPHABETICALLY BY Name 

address    name
--------   ----
00000740   ADC10CTL0
00000741   ADC10CTL0_H
00000740   ADC10CTL0_L
00000742   ADC10CTL1
00000743   ADC10CTL1_H
00000742   ADC10CTL1_L
00000744   ADC10CTL2
00000745   ADC10CTL2_H
00000744   ADC10CTL2_L
00000748   ADC10HI
00000749   ADC10HI_H
00000748   ADC10HI_L
0000075a   ADC10IE
0000075b   ADC10IE_H
0000075a   ADC10IE_L
0000075c   ADC10IFG
0000075d   ADC10IFG_H
0000075c   ADC10IFG_L
0000075e   ADC10IV
0000075f   ADC10IV_H
0000075e   ADC10IV_L
00000746   ADC10LO
00000747   ADC10LO_H
00000746   ADC10LO_L
0000074a   ADC10MCTL0
0000074b   ADC10MCTL0_H
0000074a   ADC10MCTL0_L
00000752   ADC10MEM0
00000753   ADC10MEM0_H
00000752   ADC10MEM0_L
0000c636   ADC10_ISR
0000c8de   C$$EXIT
000008c0   CBCTL0
000008c1   CBCTL0_H
000008c0   CBCTL0_L
000008c2   CBCTL1
000008c3   CBCTL1_H
000008c2   CBCTL1_L
000008c4   CBCTL2
000008c5   CBCTL2_H
000008c4   CBCTL2_L
000008c6   CBCTL3
000008c7   CBCTL3_H
000008c6   CBCTL3_L
000008cc   CBINT
000008cd   CBINT_H
000008cc   CBINT_L
000008ce   CBIV
0000ac60   CC3000_UsynchCallback
00000150   CRCDI
00000152   CRCDIRB
00000153   CRCDIRB_H
00000152   CRCDIRB_L
00000151   CRCDI_H
00000150   CRCDI_L
00000154   CRCINIRES
00000155   CRCINIRES_H
00000154   CRCINIRES_L
00000156   CRCRESR
00000157   CRCRESR_H
00000156   CRCRESR_L
00009b3e   ComputationWattHour
00000510   DMA0CTL
00000511   DMA0CTL_H
00000510   DMA0CTL_L
00000516   DMA0DA
00000516   DMA0DAL
00000512   DMA0SA
00000512   DMA0SAL
0000051a   DMA0SZ
00000520   DMA1CTL
00000521   DMA1CTL_H
00000520   DMA1CTL_L
00000526   DMA1DA
00000526   DMA1DAL
00000522   DMA1SA
00000522   DMA1SAL
0000052a   DMA1SZ
00000530   DMA2CTL
00000531   DMA2CTL_H
00000530   DMA2CTL_L
00000536   DMA2DA
00000536   DMA2DAL
00000532   DMA2SA
00000532   DMA2SAL
0000053a   DMA2SZ
00000500   DMACTL0
00000501   DMACTL0_H
00000500   DMACTL0_L
00000502   DMACTL1
00000503   DMACTL1_H
00000502   DMACTL1_L
00000504   DMACTL2
00000505   DMACTL2_H
00000504   DMACTL2_L
00000506   DMACTL3
00000507   DMACTL3_H
00000506   DMACTL3_L
00000508   DMACTL4
00000509   DMACTL4_H
00000508   DMACTL4_L
0000050e   DMAIV
0000050f   DMAIV_H
0000050e   DMAIV_L
00000140   FCTL1
00000141   FCTL1_H
00000140   FCTL1_L
00000144   FCTL3
00000145   FCTL3_H
00000144   FCTL3_L
00000146   FCTL4
00000147   FCTL4_H
00000146   FCTL4_L
0000c214   GetState
0000b560   HostFlowControlConsumeBuff
0000a128   Init_FLL
0000be28   Init_FLL_Settle
0000c2a4   IntGPIOHandler
0000b116   IntSpiGPIOHandler
0000c3ae   IsStateChange
00000900   LDOKEYPID
00000901   LDOKEYPID_H
00000900   LDOKEYPID_L
00000908   LDOPWRCTL
00000909   LDOPWRCTL_H
00000908   LDOPWRCTL_L
000004c4   MAC
000004da   MAC32H
000004db   MAC32H_H
000004da   MAC32H_L
000004d8   MAC32L
000004d9   MAC32L_H
000004d8   MAC32L_L
000004c6   MACS
000004de   MACS32H
000004df   MACS32H_H
000004de   MACS32H_L
000004dc   MACS32L
000004dd   MACS32L_H
000004dc   MACS32L_L
000004c7   MACS_H
000004c6   MACS_L
000004c5   MAC_H
000004c4   MAC_L
000004c0   MPY
000004ec   MPY32CTL0
000004ed   MPY32CTL0_H
000004ec   MPY32CTL0_L
000004d2   MPY32H
000004d3   MPY32H_H
000004d2   MPY32H_L
000004d0   MPY32L
000004d1   MPY32L_H
000004d0   MPY32L_L
000004c2   MPYS
000004d6   MPYS32H
000004d7   MPYS32H_H
000004d6   MPYS32H_L
000004d4   MPYS32L
000004d5   MPYS32L_H
000004d4   MPYS32L_L
000004c3   MPYS_H
000004c2   MPYS_L
000004c1   MPY_H
000004c0   MPY_L
000004c8   OP2
000004e2   OP2H
000004e3   OP2H_H
000004e2   OP2H_L
000004e0   OP2L
000004e1   OP2L_H
000004e0   OP2L_L
000004c9   OP2_H
000004c8   OP2_L
0000020e   P1IV
0000021e   P2IV
000001e0   P4MAP01
000001e1   P4MAP01_H
000001e0   P4MAP01_L
000001e2   P4MAP23
000001e3   P4MAP23_H
000001e2   P4MAP23_L
000001e4   P4MAP45
000001e5   P4MAP45_H
000001e4   P4MAP45_L
000001e6   P4MAP67
000001e7   P4MAP67_H
000001e6   P4MAP67_L
00000204   PADIR
00000205   PADIR_H
00000204   PADIR_L
00000208   PADS
00000209   PADS_H
00000208   PADS_L
0000021a   PAIE
00000218   PAIES
00000219   PAIES_H
00000218   PAIES_L
0000021b   PAIE_H
0000021a   PAIE_L
0000021c   PAIFG
0000021d   PAIFG_H
0000021c   PAIFG_L
00000200   PAIN
00000201   PAIN_H
00000200   PAIN_L
00000202   PAOUT
00000203   PAOUT_H
00000202   PAOUT_L
00000206   PAREN
00000207   PAREN_H
00000206   PAREN_L
0000020a   PASEL
0000020b   PASEL_H
0000020a   PASEL_L
00000224   PBDIR
00000225   PBDIR_H
00000224   PBDIR_L
00000228   PBDS
00000229   PBDS_H
00000228   PBDS_L
00000220   PBIN
00000221   PBIN_H
00000220   PBIN_L
00000222   PBOUT
00000223   PBOUT_H
00000222   PBOUT_L
00000226   PBREN
00000227   PBREN_H
00000226   PBREN_L
0000022a   PBSEL
0000022b   PBSEL_H
0000022a   PBSEL_L
00000244   PCDIR
00000245   PCDIR_H
00000244   PCDIR_L
00000248   PCDS
00000249   PCDS_H
00000248   PCDS_L
00000240   PCIN
00000241   PCIN_H
00000240   PCIN_L
00000242   PCOUT
00000243   PCOUT_H
00000242   PCOUT_L
00000246   PCREN
00000247   PCREN_H
00000246   PCREN_L
0000024a   PCSEL
0000024b   PCSEL_H
0000024a   PCSEL_L
00000324   PJDIR
00000325   PJDIR_H
00000324   PJDIR_L
00000328   PJDS
00000329   PJDS_H
00000328   PJDS_L
00000320   PJIN
00000321   PJIN_H
00000320   PJIN_L
00000322   PJOUT
00000323   PJOUT_H
00000322   PJOUT_L
00000326   PJREN
00000327   PJREN_H
00000326   PJREN_L
00000130   PM5CTL0
00000131   PM5CTL0_H
00000130   PM5CTL0_L
000001c2   PMAPCTL
000001c3   PMAPCTL_H
000001c2   PMAPCTL_L
000001c0   PMAPKEYID
000001c1   PMAPKEYID_H
000001c0   PMAPKEYID_L
00000120   PMMCTL0
00000121   PMMCTL0_H
00000120   PMMCTL0_L
00000122   PMMCTL1
00000123   PMMCTL1_H
00000122   PMMCTL1_L
0000012c   PMMIFG
0000012d   PMMIFG_H
0000012c   PMMIFG_L
0000012e   PMMRIE
0000012f   PMMRIE_H
0000012e   PMMRIE_L
00000904   PUCTL
00000905   PUCTL_H
00000904   PUCTL_L
00000158   RCCTL0
00000159   RCCTL0_H
00000158   RCCTL0_L
000001b0   REFCTL0
000001b1   REFCTL0_H
000001b0   REFCTL0_L
000004e4   RES0
000004e5   RES0_H
000004e4   RES0_L
000004e6   RES1
000004e7   RES1_H
000004e6   RES1_L
000004e8   RES2
000004e9   RES2_H
000004e8   RES2_L
000004ea   RES3
000004eb   RES3_H
000004ea   RES3_L
000004cc   RESHI
000004cd   RESHI_H
000004cc   RESHI_L
000004ca   RESLO
000004cb   RESLO_H
000004ca   RESLO_L
000004ba   RTCADOWDAY
000004bb   RTCADOWDAY_H
000004ba   RTCADOWDAY_L
000004b8   RTCAMINHR
000004b9   RTCAMINHR_H
000004b8   RTCAMINHR_L
000004a0   RTCCTL01
000004a1   RTCCTL01_H
000004a0   RTCCTL01_L
000004a2   RTCCTL23
000004a3   RTCCTL23_H
000004a2   RTCCTL23_L
000004b4   RTCDATE
000004b5   RTCDATE_H
000004b4   RTCDATE_L
000004ae   RTCIV
000004ac   RTCPS
000004a8   RTCPS0CTL
000004a9   RTCPS0CTL_H
000004a8   RTCPS0CTL_L
000004aa   RTCPS1CTL
000004ab   RTCPS1CTL_H
000004aa   RTCPS1CTL_L
000004ad   RTCPS_H
000004ac   RTCPS_L
000004b0   RTCTIM0
000004b1   RTCTIM0_H
000004b0   RTCTIM0_L
000004b2   RTCTIM1
000004b3   RTCTIM1_H
000004b2   RTCTIM1_L
000004b6   RTCYEAR
000004b7   RTCYEAR_H
000004b6   RTCYEAR_L
0000c7ca   RXBufferIsEmpty
0000c7d4   ReadWlanInterruptPin
0000214c   ReceiveFirst
0000214e   ReceivePush
00000100   SFRIE1
00000101   SFRIE1_H
00000100   SFRIE1_L
00000102   SFRIFG1
00000103   SFRIFG1_H
00000102   SFRIFG1_L
00000104   SFRRPCR
00000105   SFRRPCR_H
00000104   SFRRPCR_L
0000c600   SSIContReadOperation
0000c5b0   STREAM_TO_UINT16_f
0000b8e4   STREAM_TO_UINT32_f
000004ce   SUMEXT
000004cf   SUMEXT_H
000004ce   SUMEXT_L
00000124   SVSMHCTL
00000125   SVSMHCTL_H
00000124   SVSMHCTL_L
00000128   SVSMIO
00000129   SVSMIO_H
00000128   SVSMIO_L
00000126   SVSMLCTL
00000127   SVSMLCTL_H
00000126   SVSMLCTL_L
00000198   SYSBERRIV
00000199   SYSBERRIV_H
00000198   SYSBERRIV_L
00000182   SYSBSLC
00000183   SYSBSLC_H
00000182   SYSBSLC_L
00000180   SYSCTL
00000181   SYSCTL_H
00000180   SYSCTL_L
00000186   SYSJMBC
00000187   SYSJMBC_H
00000186   SYSJMBC_L
00000188   SYSJMBI0
00000189   SYSJMBI0_H
00000188   SYSJMBI0_L
0000018a   SYSJMBI1
0000018b   SYSJMBI1_H
0000018a   SYSJMBI1_L
0000018c   SYSJMBO0
0000018d   SYSJMBO0_H
0000018c   SYSJMBO0_L
0000018e   SYSJMBO1
0000018f   SYSJMBO1_H
0000018e   SYSJMBO1_L
0000019e   SYSRSTIV
0000019f   SYSRSTIV_H
0000019e   SYSRSTIV_L
0000019c   SYSSNIV
0000019d   SYSSNIV_H
0000019c   SYSSNIV_L
0000019a   SYSUNIV
0000019b   SYSUNIV_H
0000019a   SYSUNIV_L
0000b924   SetVCore
0000c7de   SimpleLinkWaitData
0000c612   SimpleLinkWaitEvent
0000c6c6   SpiClose
0000b5ac   SpiFirstWrite
0000c08a   SpiOpen
0000c892   SpiPauseSpi
0000ae68   SpiReadDataCont
0000b510   SpiReadDataSynchronous
0000c716   SpiReadHeader
0000c724   SpiReceiveHandler
0000c898   SpiResumeSpi
0000c142   SpiTriggerRxProcessing
0000a2d0   SpiWrite
0000be94   SpiWriteDataSynchronous
00000352   TA0CCR0
00000354   TA0CCR1
00000356   TA0CCR2
00000358   TA0CCR3
0000035a   TA0CCR4
00000342   TA0CCTL0
00000344   TA0CCTL1
00000346   TA0CCTL2
00000348   TA0CCTL3
0000034a   TA0CCTL4
00000340   TA0CTL
00000360   TA0EX0
0000036e   TA0IV
00000350   TA0R
00000392   TA1CCR0
00000394   TA1CCR1
00000396   TA1CCR2
00000382   TA1CCTL0
00000384   TA1CCTL1
00000386   TA1CCTL2
00000380   TA1CTL
000003a0   TA1EX0
000003ae   TA1IV
00000390   TA1R
00000412   TA2CCR0
00000414   TA2CCR1
00000416   TA2CCR2
00000402   TA2CCTL0
00000404   TA2CCTL1
00000406   TA2CCTL2
00000400   TA2CTL
00000420   TA2EX0
0000042e   TA2IV
00000410   TA2R
000003d2   TB0CCR0
000003d4   TB0CCR1
000003d6   TB0CCR2
000003d8   TB0CCR3
000003da   TB0CCR4
000003dc   TB0CCR5
000003de   TB0CCR6
000003c2   TB0CCTL0
000003c4   TB0CCTL1
000003c6   TB0CCTL2
000003c8   TB0CCTL3
000003ca   TB0CCTL4
000003cc   TB0CCTL5
000003ce   TB0CCTL6
000003c0   TB0CTL
000003e0   TB0EX0
000003ee   TB0IV
000003d0   TB0R
0000c648   TIMER0_A1_ISR
0000c500   TIMER0_B1_ISR
0000c516   TIMER1_A1_ISR
0000c4a0   TIMER2_A1_ISR
0000c7e8   TXBufferIsEmpty
0000baa4   TimerStart
0000bec8   TimerStop
00002150   TransmitFirst
00002152   TransmitPush
0000c8da   Trap_ISR
000005d0   UCA0ABCTL
000005c6   UCA0BRW
000005c7   UCA0BRW_H
000005c6   UCA0BRW_L
000005c0   UCA0CTLW0
000005c1   UCA0CTLW0_H
000005c0   UCA0CTLW0_L
000005dc   UCA0ICTL
000005dd   UCA0ICTL_H
000005dc   UCA0ICTL_L
000005d2   UCA0IRCTL
000005d3   UCA0IRCTL_H
000005d2   UCA0IRCTL_L
000005de   UCA0IV
000005c8   UCA0MCTL
000005cc   UCA0RXBUF
000005ca   UCA0STAT
000005ce   UCA0TXBUF
00000610   UCA1ABCTL
00000606   UCA1BRW
00000607   UCA1BRW_H
00000606   UCA1BRW_L
00000600   UCA1CTLW0
00000601   UCA1CTLW0_H
00000600   UCA1CTLW0_L
0000061c   UCA1ICTL
0000061d   UCA1ICTL_H
0000061c   UCA1ICTL_L
00000612   UCA1IRCTL
00000613   UCA1IRCTL_H
00000612   UCA1IRCTL_L
0000061e   UCA1IV
00000608   UCA1MCTL
0000060c   UCA1RXBUF
0000060a   UCA1STAT
0000060e   UCA1TXBUF
000005e6   UCB0BRW
000005e7   UCB0BRW_H
000005e6   UCB0BRW_L
000005e0   UCB0CTLW0
000005e1   UCB0CTLW0_H
000005e0   UCB0CTLW0_L
000005f0   UCB0I2COA
000005f1   UCB0I2COA_H
000005f0   UCB0I2COA_L
000005f2   UCB0I2CSA
000005f3   UCB0I2CSA_H
000005f2   UCB0I2CSA_L
000005fc   UCB0ICTL
000005fd   UCB0ICTL_H
000005fc   UCB0ICTL_L
000005fe   UCB0IV
000005ec   UCB0RXBUF
000005ea   UCB0STAT
000005ee   UCB0TXBUF
00000626   UCB1BRW
00000627   UCB1BRW_H
00000626   UCB1BRW_L
00000620   UCB1CTLW0
00000621   UCB1CTLW0_H
00000620   UCB1CTLW0_L
00000630   UCB1I2COA
00000631   UCB1I2COA_H
00000630   UCB1I2COA_L
00000632   UCB1I2CSA
00000633   UCB1I2CSA_H
00000632   UCB1I2CSA_L
0000063c   UCB1ICTL
0000063d   UCB1ICTL_H
0000063c   UCB1ICTL_L
0000063e   UCB1IV
0000062c   UCB1RXBUF
0000062a   UCB1STAT
0000062e   UCB1TXBUF
00000160   UCSCTL0
00000161   UCSCTL0_H
00000160   UCSCTL0_L
00000162   UCSCTL1
00000163   UCSCTL1_H
00000162   UCSCTL1_L
00000164   UCSCTL2
00000165   UCSCTL2_H
00000164   UCSCTL2_L
00000166   UCSCTL3
00000167   UCSCTL3_H
00000166   UCSCTL3_L
00000168   UCSCTL4
00000169   UCSCTL4_H
00000168   UCSCTL4_L
0000016a   UCSCTL5
0000016b   UCSCTL5_H
0000016a   UCSCTL5_L
0000016c   UCSCTL6
0000016d   UCSCTL6_H
0000016c   UCSCTL6_L
0000016e   UCSCTL7
0000016f   UCSCTL7_H
0000016e   UCSCTL7_L
00000170   UCSCTL8
00000171   UCSCTL8_H
00000170   UCSCTL8_L
0000c6d6   UINT16_TO_STREAM_f
0000c1c6   UINT32_TO_STREAM_f
0000015c   WDTCTL
0000015d   WDTCTL_H
0000015c   WDTCTL_L
0000c89e   WlanInterruptDisable
0000c7f2   WlanInterruptEnable
0000c6e6   WriteWlanPin
00002190   _Errno
00002142   _SSIDKey
0000216a   _SSIDName
0000217e   _SSIDType
00003400   __STACK_END
000000a0   __STACK_SIZE
000000a0   __SYSMEM_SIZE
0000c94a   __TI_CINIT_Base
0000c95a   __TI_CINIT_Limit
0000c938   __TI_Handler_Table_Base
0000c944   __TI_Handler_Table_Limit
UNDEFED    __TI_INITARRAY_Base
UNDEFED    __TI_INITARRAY_Limit
00000001   __TI_args_main
0000bc94   __TI_decompress_none
0000c732   __TI_decompress_rle24
00000001   __TI_exit
00008000   __TI_frcdivd
00008bd8   __TI_frcmpyd
0000ffd2   __TI_int41
0000ffd4   __TI_int42
0000ffd6   __TI_int43
0000ffd8   __TI_int44
0000ffda   __TI_int45
0000ffdc   __TI_int46
0000ffde   __TI_int47
0000ffe0   __TI_int48
0000ffe2   __TI_int49
0000ffe4   __TI_int50
0000ffe6   __TI_int51
0000ffe8   __TI_int52
0000ffea   __TI_int53
0000ffec   __TI_int54
0000ffee   __TI_int55
0000fff0   __TI_int56
0000fff2   __TI_int57
0000fff4   __TI_int58
0000fff6   __TI_int59
0000fff8   __TI_int60
0000fffa   __TI_int61
0000fffc   __TI_int62
0000bb9c   __TI_zero_init
ffffffff   __binit__
ffffffff   __c_args__
0000b964   __memcpy_far
0000936c   __mspabi_divd
0000ab48   __mspabi_divf
0000ba64   __mspabi_divli
000099fe   __mspabi_divlli
0000c584   __mspabi_divu
0000b3be   __mspabi_divul
0000884a   __mspabi_divull
0000c624   __mspabi_fixdu
0000ace6   __mspabi_fixdul
0000adea   __mspabi_fixfli
0000b5f6   __mspabi_fltlif
0000c8a4   __mspabi_fltud
0000ad68   __mspabi_fltuld
00009128   __mspabi_mpyd
0000a50e   __mspabi_mpyf
0000c59a   __mspabi_mpyi_f5hw
0000c30a   __mspabi_mpyl_f5hw
0000b2b2   __mspabi_mpyll_f5hw
0000ba64   __mspabi_remli
0000c584   __mspabi_remu
0000b3be   __mspabi_remul
0000c824   __mspabi_slli
0000c6f6   __mspabi_slll
0000bc50   __mspabi_slll_1
0000bc2c   __mspabi_slll_10
0000bc28   __mspabi_slll_11
0000bc24   __mspabi_slll_12
0000bc20   __mspabi_slll_13
0000bc1c   __mspabi_slll_14
0000bc18   __mspabi_slll_15
0000bc4c   __mspabi_slll_2
0000bc48   __mspabi_slll_3
0000bc44   __mspabi_slll_4
0000bc40   __mspabi_slll_5
0000bc3c   __mspabi_slll_6
0000bc38   __mspabi_slll_7
0000bc34   __mspabi_slll_8
0000bc30   __mspabi_slll_9
0000bae2   __mspabi_sllll
0000bc12   __mspabi_sral_1
0000bbee   __mspabi_sral_10
0000bbea   __mspabi_sral_11
0000bbe6   __mspabi_sral_12
0000bbe2   __mspabi_sral_13
0000bbde   __mspabi_sral_14
0000bbda   __mspabi_sral_15
0000bc0e   __mspabi_sral_2
0000bc0a   __mspabi_sral_3
0000bc06   __mspabi_sral_4
0000bc02   __mspabi_sral_5
0000bbfe   __mspabi_sral_6
0000bbfa   __mspabi_sral_7
0000bbf6   __mspabi_sral_8
0000bbf2   __mspabi_sral_9
0000b6ce   __mspabi_srall
0000c706   __mspabi_srll
0000bc8e   __mspabi_srll_1
0000bc6a   __mspabi_srll_10
0000bc66   __mspabi_srll_11
0000bc62   __mspabi_srll_12
0000bc5e   __mspabi_srll_13
0000bc5a   __mspabi_srll_14
0000bc56   __mspabi_srll_15
0000bc8a   __mspabi_srll_2
0000bc86   __mspabi_srll_3
0000bc82   __mspabi_srll_4
0000bc7e   __mspabi_srll_5
0000bc7a   __mspabi_srll_6
0000bc76   __mspabi_srll_7
0000bc72   __mspabi_srll_8
0000bc6e   __mspabi_srll_9
0000bb20   __mspabi_srlll
0000b038   _auto_init
0000c404   _c_int00
0000c404   _c_int00_noexit
0000213a   _callback_dimmerTimer
00002136   _callback_hearbeatTimer
0000213e   _callback_ledTimer
00002132   _callback_readCurrent
0000218a   _device
00002154   _lock
0000c8e6   _nop
0000fffe   _reset_vector
0000217a   _serverIP
00002186   _serverPort
00003360   _stack
00002194   _sys_memory
0000c7fc   _system_pre_init
00002158   _unlock
0000c8de   abort
ffffffff   binit
0000c5c4   callCloseSocket
0000c806   callback_dimmerTimer
0000c86a   callback_heartbeatTimer
0000c1ee   callback_ledTimer
0000c4b8   callback_readCurrent
0000b4be   changeIO_dimmer
0000b712   changeIO_outlet
0000bb5e   checkNetwork
0000b416   closesocket
00001d6c   comms_receive_array
00001db2   comms_transmit_array
0000c16e   configDHCP
0000aa28   connect
0000b79a   connectServer
0000c2c6   connectToServer
0000b182   connectToWifi
0000b9a4   connectWifi
0000c3cc   controlCommsReceive
00009d8a   controlCommsReceive_dimmer
0000b46a   controlCommsReceive_outlet
0000bf64   createDimmer
0000bf96   createOutlet
0000c65a   createTypeDevice
0000218c   device
0000c740   disableDimmer
0000af54   doEvent
0000c872   do_event_packetsReceived
0000c2e8   do_event_payloadReceived
0000c52c   do_event_payloadToSend
0000c810   do_event_socket_connected
0000c5c4   do_event_socket_disconnected
0000befc   do_event_wifi_connected
0000c8e2   do_event_wifi_disconnected
0000c87a   enableDimmer
0000218e   event
0000c7be   getCurrentStateDimmer
0000c8aa   getDeviceInfoState
0000c5d8   getLanConfig
0000c41e   getTimeElapsed
0000c8b0   getValueCurrentVolt
0000c8b6   getValues
0000b9e4   get_socket_active_status
0000c0b8   hci_command_send
0000b640   hci_data_send
00008444   hci_event_handler
00009f74   hci_patch_send
00008eb2   hci_unsol_event_handler
0000a458   hci_unsol_handle_patch_request
0000bf30   hci_unsolicited_event_handler
0000b1ee   heartBeat_dimmer
0000a990   heartBeat_outlet
0000c438   infoCommsReceive
0000b756   infoCommsReceive_dimmer
0000be5e   infoCommsReceive_outlet
0000b7dc   initApp
00009c76   initCC3000
0000c542   initClk
0000c8bc   initCommunication
0000c238   initDevice_dimmer
0000c882   initDevice_outlet
0000c3e8   initDimmerTimer
0000c19a   initDriver
0000c558   initHearbeatTimer
0000c74e   initLEDs
0000c25c   initLedTimer
0000c452   initNetwork
0000c0e6   initReadCurrent
0000a8f6   initSocket
0000c46c   initTIMER0
0000c8c2   init_bis_register
0000c34e   init_spi
0000aede   ledControl
0000c56e   llabs
0000c36e   main
0000a678   malloc
0000c66c   memcpy
0000c5ec   memset
0000bd80   minit
0000a71e   netapp_dhcp
0000c38e   netapp_ipconfig
00009e80   netapp_timeout_values
0000c486   next
0000c8c8   notify
0000aab8   payloadReceived
0000973c   payloadToSend
00001e7c   pingReport
0000a39a   pio_init
0000c4d0   pop
0000c75c   popReceive
0000c76a   popTransmit
0000bfc8   push
0000c67e   pushReceive
0000c690   pushTransmit
0000b366   readADC
0000c81a   readAppSwitch
0000c4e8   receiveComms
0000c280   receivePackets
0000bd0c   recv
00001d08   requestBuffer
0000c778   resetDimmerTimer
00001e90   sSpiInformation
0000bcd0   send
0000c82e   sendBootLoaderPatch
0000c838   sendDriverPatch
0000b81e   sendPackets
0000b81e   sendPayLoad
0000c842   sendWLFWPatch
0000c88a   setCurrentStateDimmerOn
0000c8ce   setDimmerTime
0000c8d4   setHeartbeatTime
0000bdb8   setState
0000c02a   setStateDimmer
0000c84c   setValue
0000b252   set_socket_active_status
0000a5c4   setsockopt
0000abd6   simple_link_recv
00009584   simple_link_send
0000b0a8   socket
00002176   socket_active_status
0000c856   socketclosed
00001c00   spi_buffer
0000c786   strlen
00001e3e   tSLInformation
00001ea0   tSocketAddr
00002170   tSpiReadHeader
0000c6a2   timer2_Execute_dimmer
0000c8e8   timer2_Execute_outlet
0000c114   toggleControl
0000c794   toggleLed
0000c7a2   turnLedOff
0000c7b0   turnLedOn
0000b688   turnOffligth
0000b860   turnOnlight
00001eb0   ulCC3000Connected
00001eb4   ulCC3000DHCP
00001eb8   ulCC3000SocketClosed
00001ebc   ulPingReceived
00001ec0   ulSocketTCP
0000c6b4   updateAsyncEvent
0000bdf0   updateIPinfo
0000c860   wifiConnected
000098a2   wlan_connect
0000bd46   wlan_init
0000b8a2   wlan_ioctl_del_profile
0000b30c   wlan_ioctl_set_connection_policy
0000afc6   wlan_set_event_mask
0000a7be   wlan_start
0000c32c   wlan_stop
00001c84   wlan_tx_buffer


GLOBAL SYMBOLS: SORTED BY Symbol Address 

address    name
--------   ----
00000001   __TI_args_main
00000001   __TI_exit
000000a0   __STACK_SIZE
000000a0   __SYSMEM_SIZE
00000100   SFRIE1
00000100   SFRIE1_L
00000101   SFRIE1_H
00000102   SFRIFG1
00000102   SFRIFG1_L
00000103   SFRIFG1_H
00000104   SFRRPCR
00000104   SFRRPCR_L
00000105   SFRRPCR_H
00000120   PMMCTL0
00000120   PMMCTL0_L
00000121   PMMCTL0_H
00000122   PMMCTL1
00000122   PMMCTL1_L
00000123   PMMCTL1_H
00000124   SVSMHCTL
00000124   SVSMHCTL_L
00000125   SVSMHCTL_H
00000126   SVSMLCTL
00000126   SVSMLCTL_L
00000127   SVSMLCTL_H
00000128   SVSMIO
00000128   SVSMIO_L
00000129   SVSMIO_H
0000012c   PMMIFG
0000012c   PMMIFG_L
0000012d   PMMIFG_H
0000012e   PMMRIE
0000012e   PMMRIE_L
0000012f   PMMRIE_H
00000130   PM5CTL0
00000130   PM5CTL0_L
00000131   PM5CTL0_H
00000140   FCTL1
00000140   FCTL1_L
00000141   FCTL1_H
00000144   FCTL3
00000144   FCTL3_L
00000145   FCTL3_H
00000146   FCTL4
00000146   FCTL4_L
00000147   FCTL4_H
00000150   CRCDI
00000150   CRCDI_L
00000151   CRCDI_H
00000152   CRCDIRB
00000152   CRCDIRB_L
00000153   CRCDIRB_H
00000154   CRCINIRES
00000154   CRCINIRES_L
00000155   CRCINIRES_H
00000156   CRCRESR
00000156   CRCRESR_L
00000157   CRCRESR_H
00000158   RCCTL0
00000158   RCCTL0_L
00000159   RCCTL0_H
0000015c   WDTCTL
0000015c   WDTCTL_L
0000015d   WDTCTL_H
00000160   UCSCTL0
00000160   UCSCTL0_L
00000161   UCSCTL0_H
00000162   UCSCTL1
00000162   UCSCTL1_L
00000163   UCSCTL1_H
00000164   UCSCTL2
00000164   UCSCTL2_L
00000165   UCSCTL2_H
00000166   UCSCTL3
00000166   UCSCTL3_L
00000167   UCSCTL3_H
00000168   UCSCTL4
00000168   UCSCTL4_L
00000169   UCSCTL4_H
0000016a   UCSCTL5
0000016a   UCSCTL5_L
0000016b   UCSCTL5_H
0000016c   UCSCTL6
0000016c   UCSCTL6_L
0000016d   UCSCTL6_H
0000016e   UCSCTL7
0000016e   UCSCTL7_L
0000016f   UCSCTL7_H
00000170   UCSCTL8
00000170   UCSCTL8_L
00000171   UCSCTL8_H
00000180   SYSCTL
00000180   SYSCTL_L
00000181   SYSCTL_H
00000182   SYSBSLC
00000182   SYSBSLC_L
00000183   SYSBSLC_H
00000186   SYSJMBC
00000186   SYSJMBC_L
00000187   SYSJMBC_H
00000188   SYSJMBI0
00000188   SYSJMBI0_L
00000189   SYSJMBI0_H
0000018a   SYSJMBI1
0000018a   SYSJMBI1_L
0000018b   SYSJMBI1_H
0000018c   SYSJMBO0
0000018c   SYSJMBO0_L
0000018d   SYSJMBO0_H
0000018e   SYSJMBO1
0000018e   SYSJMBO1_L
0000018f   SYSJMBO1_H
00000198   SYSBERRIV
00000198   SYSBERRIV_L
00000199   SYSBERRIV_H
0000019a   SYSUNIV
0000019a   SYSUNIV_L
0000019b   SYSUNIV_H
0000019c   SYSSNIV
0000019c   SYSSNIV_L
0000019d   SYSSNIV_H
0000019e   SYSRSTIV
0000019e   SYSRSTIV_L
0000019f   SYSRSTIV_H
000001b0   REFCTL0
000001b0   REFCTL0_L
000001b1   REFCTL0_H
000001c0   PMAPKEYID
000001c0   PMAPKEYID_L
000001c1   PMAPKEYID_H
000001c2   PMAPCTL
000001c2   PMAPCTL_L
000001c3   PMAPCTL_H
000001e0   P4MAP01
000001e0   P4MAP01_L
000001e1   P4MAP01_H
000001e2   P4MAP23
000001e2   P4MAP23_L
000001e3   P4MAP23_H
000001e4   P4MAP45
000001e4   P4MAP45_L
000001e5   P4MAP45_H
000001e6   P4MAP67
000001e6   P4MAP67_L
000001e7   P4MAP67_H
00000200   PAIN
00000200   PAIN_L
00000201   PAIN_H
00000202   PAOUT
00000202   PAOUT_L
00000203   PAOUT_H
00000204   PADIR
00000204   PADIR_L
00000205   PADIR_H
00000206   PAREN
00000206   PAREN_L
00000207   PAREN_H
00000208   PADS
00000208   PADS_L
00000209   PADS_H
0000020a   PASEL
0000020a   PASEL_L
0000020b   PASEL_H
0000020e   P1IV
00000218   PAIES
00000218   PAIES_L
00000219   PAIES_H
0000021a   PAIE
0000021a   PAIE_L
0000021b   PAIE_H
0000021c   PAIFG
0000021c   PAIFG_L
0000021d   PAIFG_H
0000021e   P2IV
00000220   PBIN
00000220   PBIN_L
00000221   PBIN_H
00000222   PBOUT
00000222   PBOUT_L
00000223   PBOUT_H
00000224   PBDIR
00000224   PBDIR_L
00000225   PBDIR_H
00000226   PBREN
00000226   PBREN_L
00000227   PBREN_H
00000228   PBDS
00000228   PBDS_L
00000229   PBDS_H
0000022a   PBSEL
0000022a   PBSEL_L
0000022b   PBSEL_H
00000240   PCIN
00000240   PCIN_L
00000241   PCIN_H
00000242   PCOUT
00000242   PCOUT_L
00000243   PCOUT_H
00000244   PCDIR
00000244   PCDIR_L
00000245   PCDIR_H
00000246   PCREN
00000246   PCREN_L
00000247   PCREN_H
00000248   PCDS
00000248   PCDS_L
00000249   PCDS_H
0000024a   PCSEL
0000024a   PCSEL_L
0000024b   PCSEL_H
00000320   PJIN
00000320   PJIN_L
00000321   PJIN_H
00000322   PJOUT
00000322   PJOUT_L
00000323   PJOUT_H
00000324   PJDIR
00000324   PJDIR_L
00000325   PJDIR_H
00000326   PJREN
00000326   PJREN_L
00000327   PJREN_H
00000328   PJDS
00000328   PJDS_L
00000329   PJDS_H
00000340   TA0CTL
00000342   TA0CCTL0
00000344   TA0CCTL1
00000346   TA0CCTL2
00000348   TA0CCTL3
0000034a   TA0CCTL4
00000350   TA0R
00000352   TA0CCR0
00000354   TA0CCR1
00000356   TA0CCR2
00000358   TA0CCR3
0000035a   TA0CCR4
00000360   TA0EX0
0000036e   TA0IV
00000380   TA1CTL
00000382   TA1CCTL0
00000384   TA1CCTL1
00000386   TA1CCTL2
00000390   TA1R
00000392   TA1CCR0
00000394   TA1CCR1
00000396   TA1CCR2
000003a0   TA1EX0
000003ae   TA1IV
000003c0   TB0CTL
000003c2   TB0CCTL0
000003c4   TB0CCTL1
000003c6   TB0CCTL2
000003c8   TB0CCTL3
000003ca   TB0CCTL4
000003cc   TB0CCTL5
000003ce   TB0CCTL6
000003d0   TB0R
000003d2   TB0CCR0
000003d4   TB0CCR1
000003d6   TB0CCR2
000003d8   TB0CCR3
000003da   TB0CCR4
000003dc   TB0CCR5
000003de   TB0CCR6
000003e0   TB0EX0
000003ee   TB0IV
00000400   TA2CTL
00000402   TA2CCTL0
00000404   TA2CCTL1
00000406   TA2CCTL2
00000410   TA2R
00000412   TA2CCR0
00000414   TA2CCR1
00000416   TA2CCR2
00000420   TA2EX0
0000042e   TA2IV
000004a0   RTCCTL01
000004a0   RTCCTL01_L
000004a1   RTCCTL01_H
000004a2   RTCCTL23
000004a2   RTCCTL23_L
000004a3   RTCCTL23_H
000004a8   RTCPS0CTL
000004a8   RTCPS0CTL_L
000004a9   RTCPS0CTL_H
000004aa   RTCPS1CTL
000004aa   RTCPS1CTL_L
000004ab   RTCPS1CTL_H
000004ac   RTCPS
000004ac   RTCPS_L
000004ad   RTCPS_H
000004ae   RTCIV
000004b0   RTCTIM0
000004b0   RTCTIM0_L
000004b1   RTCTIM0_H
000004b2   RTCTIM1
000004b2   RTCTIM1_L
000004b3   RTCTIM1_H
000004b4   RTCDATE
000004b4   RTCDATE_L
000004b5   RTCDATE_H
000004b6   RTCYEAR
000004b6   RTCYEAR_L
000004b7   RTCYEAR_H
000004b8   RTCAMINHR
000004b8   RTCAMINHR_L
000004b9   RTCAMINHR_H
000004ba   RTCADOWDAY
000004ba   RTCADOWDAY_L
000004bb   RTCADOWDAY_H
000004c0   MPY
000004c0   MPY_L
000004c1   MPY_H
000004c2   MPYS
000004c2   MPYS_L
000004c3   MPYS_H
000004c4   MAC
000004c4   MAC_L
000004c5   MAC_H
000004c6   MACS
000004c6   MACS_L
000004c7   MACS_H
000004c8   OP2
000004c8   OP2_L
000004c9   OP2_H
000004ca   RESLO
000004ca   RESLO_L
000004cb   RESLO_H
000004cc   RESHI
000004cc   RESHI_L
000004cd   RESHI_H
000004ce   SUMEXT
000004ce   SUMEXT_L
000004cf   SUMEXT_H
000004d0   MPY32L
000004d0   MPY32L_L
000004d1   MPY32L_H
000004d2   MPY32H
000004d2   MPY32H_L
000004d3   MPY32H_H
000004d4   MPYS32L
000004d4   MPYS32L_L
000004d5   MPYS32L_H
000004d6   MPYS32H
000004d6   MPYS32H_L
000004d7   MPYS32H_H
000004d8   MAC32L
000004d8   MAC32L_L
000004d9   MAC32L_H
000004da   MAC32H
000004da   MAC32H_L
000004db   MAC32H_H
000004dc   MACS32L
000004dc   MACS32L_L
000004dd   MACS32L_H
000004de   MACS32H
000004de   MACS32H_L
000004df   MACS32H_H
000004e0   OP2L
000004e0   OP2L_L
000004e1   OP2L_H
000004e2   OP2H
000004e2   OP2H_L
000004e3   OP2H_H
000004e4   RES0
000004e4   RES0_L
000004e5   RES0_H
000004e6   RES1
000004e6   RES1_L
000004e7   RES1_H
000004e8   RES2
000004e8   RES2_L
000004e9   RES2_H
000004ea   RES3
000004ea   RES3_L
000004eb   RES3_H
000004ec   MPY32CTL0
000004ec   MPY32CTL0_L
000004ed   MPY32CTL0_H
00000500   DMACTL0
00000500   DMACTL0_L
00000501   DMACTL0_H
00000502   DMACTL1
00000502   DMACTL1_L
00000503   DMACTL1_H
00000504   DMACTL2
00000504   DMACTL2_L
00000505   DMACTL2_H
00000506   DMACTL3
00000506   DMACTL3_L
00000507   DMACTL3_H
00000508   DMACTL4
00000508   DMACTL4_L
00000509   DMACTL4_H
0000050e   DMAIV
0000050e   DMAIV_L
0000050f   DMAIV_H
00000510   DMA0CTL
00000510   DMA0CTL_L
00000511   DMA0CTL_H
00000512   DMA0SA
00000512   DMA0SAL
00000516   DMA0DA
00000516   DMA0DAL
0000051a   DMA0SZ
00000520   DMA1CTL
00000520   DMA1CTL_L
00000521   DMA1CTL_H
00000522   DMA1SA
00000522   DMA1SAL
00000526   DMA1DA
00000526   DMA1DAL
0000052a   DMA1SZ
00000530   DMA2CTL
00000530   DMA2CTL_L
00000531   DMA2CTL_H
00000532   DMA2SA
00000532   DMA2SAL
00000536   DMA2DA
00000536   DMA2DAL
0000053a   DMA2SZ
000005c0   UCA0CTLW0
000005c0   UCA0CTLW0_L
000005c1   UCA0CTLW0_H
000005c6   UCA0BRW
000005c6   UCA0BRW_L
000005c7   UCA0BRW_H
000005c8   UCA0MCTL
000005ca   UCA0STAT
000005cc   UCA0RXBUF
000005ce   UCA0TXBUF
000005d0   UCA0ABCTL
000005d2   UCA0IRCTL
000005d2   UCA0IRCTL_L
000005d3   UCA0IRCTL_H
000005dc   UCA0ICTL
000005dc   UCA0ICTL_L
000005dd   UCA0ICTL_H
000005de   UCA0IV
000005e0   UCB0CTLW0
000005e0   UCB0CTLW0_L
000005e1   UCB0CTLW0_H
000005e6   UCB0BRW
000005e6   UCB0BRW_L
000005e7   UCB0BRW_H
000005ea   UCB0STAT
000005ec   UCB0RXBUF
000005ee   UCB0TXBUF
000005f0   UCB0I2COA
000005f0   UCB0I2COA_L
000005f1   UCB0I2COA_H
000005f2   UCB0I2CSA
000005f2   UCB0I2CSA_L
000005f3   UCB0I2CSA_H
000005fc   UCB0ICTL
000005fc   UCB0ICTL_L
000005fd   UCB0ICTL_H
000005fe   UCB0IV
00000600   UCA1CTLW0
00000600   UCA1CTLW0_L
00000601   UCA1CTLW0_H
00000606   UCA1BRW
00000606   UCA1BRW_L
00000607   UCA1BRW_H
00000608   UCA1MCTL
0000060a   UCA1STAT
0000060c   UCA1RXBUF
0000060e   UCA1TXBUF
00000610   UCA1ABCTL
00000612   UCA1IRCTL
00000612   UCA1IRCTL_L
00000613   UCA1IRCTL_H
0000061c   UCA1ICTL
0000061c   UCA1ICTL_L
0000061d   UCA1ICTL_H
0000061e   UCA1IV
00000620   UCB1CTLW0
00000620   UCB1CTLW0_L
00000621   UCB1CTLW0_H
00000626   UCB1BRW
00000626   UCB1BRW_L
00000627   UCB1BRW_H
0000062a   UCB1STAT
0000062c   UCB1RXBUF
0000062e   UCB1TXBUF
00000630   UCB1I2COA
00000630   UCB1I2COA_L
00000631   UCB1I2COA_H
00000632   UCB1I2CSA
00000632   UCB1I2CSA_L
00000633   UCB1I2CSA_H
0000063c   UCB1ICTL
0000063c   UCB1ICTL_L
0000063d   UCB1ICTL_H
0000063e   UCB1IV
00000740   ADC10CTL0
00000740   ADC10CTL0_L
00000741   ADC10CTL0_H
00000742   ADC10CTL1
00000742   ADC10CTL1_L
00000743   ADC10CTL1_H
00000744   ADC10CTL2
00000744   ADC10CTL2_L
00000745   ADC10CTL2_H
00000746   ADC10LO
00000746   ADC10LO_L
00000747   ADC10LO_H
00000748   ADC10HI
00000748   ADC10HI_L
00000749   ADC10HI_H
0000074a   ADC10MCTL0
0000074a   ADC10MCTL0_L
0000074b   ADC10MCTL0_H
00000752   ADC10MEM0
00000752   ADC10MEM0_L
00000753   ADC10MEM0_H
0000075a   ADC10IE
0000075a   ADC10IE_L
0000075b   ADC10IE_H
0000075c   ADC10IFG
0000075c   ADC10IFG_L
0000075d   ADC10IFG_H
0000075e   ADC10IV
0000075e   ADC10IV_L
0000075f   ADC10IV_H
000008c0   CBCTL0
000008c0   CBCTL0_L
000008c1   CBCTL0_H
000008c2   CBCTL1
000008c2   CBCTL1_L
000008c3   CBCTL1_H
000008c4   CBCTL2
000008c4   CBCTL2_L
000008c5   CBCTL2_H
000008c6   CBCTL3
000008c6   CBCTL3_L
000008c7   CBCTL3_H
000008cc   CBINT
000008cc   CBINT_L
000008cd   CBINT_H
000008ce   CBIV
00000900   LDOKEYPID
00000900   LDOKEYPID_L
00000901   LDOKEYPID_H
00000904   PUCTL
00000904   PUCTL_L
00000905   PUCTL_H
00000908   LDOPWRCTL
00000908   LDOPWRCTL_L
00000909   LDOPWRCTL_H
00001c00   spi_buffer
00001c84   wlan_tx_buffer
00001d08   requestBuffer
00001d6c   comms_receive_array
00001db2   comms_transmit_array
00001e3e   tSLInformation
00001e7c   pingReport
00001e90   sSpiInformation
00001ea0   tSocketAddr
00001eb0   ulCC3000Connected
00001eb4   ulCC3000DHCP
00001eb8   ulCC3000SocketClosed
00001ebc   ulPingReceived
00001ec0   ulSocketTCP
00002132   _callback_readCurrent
00002136   _callback_hearbeatTimer
0000213a   _callback_dimmerTimer
0000213e   _callback_ledTimer
00002142   _SSIDKey
0000214c   ReceiveFirst
0000214e   ReceivePush
00002150   TransmitFirst
00002152   TransmitPush
00002154   _lock
00002158   _unlock
0000216a   _SSIDName
00002170   tSpiReadHeader
00002176   socket_active_status
0000217a   _serverIP
0000217e   _SSIDType
00002186   _serverPort
0000218a   _device
0000218c   device
0000218e   event
00002190   _Errno
00002194   _sys_memory
00003360   _stack
00003400   __STACK_END
00008000   __TI_frcdivd
00008444   hci_event_handler
0000884a   __mspabi_divull
00008bd8   __TI_frcmpyd
00008eb2   hci_unsol_event_handler
00009128   __mspabi_mpyd
0000936c   __mspabi_divd
00009584   simple_link_send
0000973c   payloadToSend
000098a2   wlan_connect
000099fe   __mspabi_divlli
00009b3e   ComputationWattHour
00009c76   initCC3000
00009d8a   controlCommsReceive_dimmer
00009e80   netapp_timeout_values
00009f74   hci_patch_send
0000a128   Init_FLL
0000a2d0   SpiWrite
0000a39a   pio_init
0000a458   hci_unsol_handle_patch_request
0000a50e   __mspabi_mpyf
0000a5c4   setsockopt
0000a678   malloc
0000a71e   netapp_dhcp
0000a7be   wlan_start
0000a8f6   initSocket
0000a990   heartBeat_outlet
0000aa28   connect
0000aab8   payloadReceived
0000ab48   __mspabi_divf
0000abd6   simple_link_recv
0000ac60   CC3000_UsynchCallback
0000ace6   __mspabi_fixdul
0000ad68   __mspabi_fltuld
0000adea   __mspabi_fixfli
0000ae68   SpiReadDataCont
0000aede   ledControl
0000af54   doEvent
0000afc6   wlan_set_event_mask
0000b038   _auto_init
0000b0a8   socket
0000b116   IntSpiGPIOHandler
0000b182   connectToWifi
0000b1ee   heartBeat_dimmer
0000b252   set_socket_active_status
0000b2b2   __mspabi_mpyll_f5hw
0000b30c   wlan_ioctl_set_connection_policy
0000b366   readADC
0000b3be   __mspabi_divul
0000b3be   __mspabi_remul
0000b416   closesocket
0000b46a   controlCommsReceive_outlet
0000b4be   changeIO_dimmer
0000b510   SpiReadDataSynchronous
0000b560   HostFlowControlConsumeBuff
0000b5ac   SpiFirstWrite
0000b5f6   __mspabi_fltlif
0000b640   hci_data_send
0000b688   turnOffligth
0000b6ce   __mspabi_srall
0000b712   changeIO_outlet
0000b756   infoCommsReceive_dimmer
0000b79a   connectServer
0000b7dc   initApp
0000b81e   sendPackets
0000b81e   sendPayLoad
0000b860   turnOnlight
0000b8a2   wlan_ioctl_del_profile
0000b8e4   STREAM_TO_UINT32_f
0000b924   SetVCore
0000b964   __memcpy_far
0000b9a4   connectWifi
0000b9e4   get_socket_active_status
0000ba64   __mspabi_divli
0000ba64   __mspabi_remli
0000baa4   TimerStart
0000bae2   __mspabi_sllll
0000bb20   __mspabi_srlll
0000bb5e   checkNetwork
0000bb9c   __TI_zero_init
0000bbda   __mspabi_sral_15
0000bbde   __mspabi_sral_14
0000bbe2   __mspabi_sral_13
0000bbe6   __mspabi_sral_12
0000bbea   __mspabi_sral_11
0000bbee   __mspabi_sral_10
0000bbf2   __mspabi_sral_9
0000bbf6   __mspabi_sral_8
0000bbfa   __mspabi_sral_7
0000bbfe   __mspabi_sral_6
0000bc02   __mspabi_sral_5
0000bc06   __mspabi_sral_4
0000bc0a   __mspabi_sral_3
0000bc0e   __mspabi_sral_2
0000bc12   __mspabi_sral_1
0000bc18   __mspabi_slll_15
0000bc1c   __mspabi_slll_14
0000bc20   __mspabi_slll_13
0000bc24   __mspabi_slll_12
0000bc28   __mspabi_slll_11
0000bc2c   __mspabi_slll_10
0000bc30   __mspabi_slll_9
0000bc34   __mspabi_slll_8
0000bc38   __mspabi_slll_7
0000bc3c   __mspabi_slll_6
0000bc40   __mspabi_slll_5
0000bc44   __mspabi_slll_4
0000bc48   __mspabi_slll_3
0000bc4c   __mspabi_slll_2
0000bc50   __mspabi_slll_1
0000bc56   __mspabi_srll_15
0000bc5a   __mspabi_srll_14
0000bc5e   __mspabi_srll_13
0000bc62   __mspabi_srll_12
0000bc66   __mspabi_srll_11
0000bc6a   __mspabi_srll_10
0000bc6e   __mspabi_srll_9
0000bc72   __mspabi_srll_8
0000bc76   __mspabi_srll_7
0000bc7a   __mspabi_srll_6
0000bc7e   __mspabi_srll_5
0000bc82   __mspabi_srll_4
0000bc86   __mspabi_srll_3
0000bc8a   __mspabi_srll_2
0000bc8e   __mspabi_srll_1
0000bc94   __TI_decompress_none
0000bcd0   send
0000bd0c   recv
0000bd46   wlan_init
0000bd80   minit
0000bdb8   setState
0000bdf0   updateIPinfo
0000be28   Init_FLL_Settle
0000be5e   infoCommsReceive_outlet
0000be94   SpiWriteDataSynchronous
0000bec8   TimerStop
0000befc   do_event_wifi_connected
0000bf30   hci_unsolicited_event_handler
0000bf64   createDimmer
0000bf96   createOutlet
0000bfc8   push
0000c02a   setStateDimmer
0000c08a   SpiOpen
0000c0b8   hci_command_send
0000c0e6   initReadCurrent
0000c114   toggleControl
0000c142   SpiTriggerRxProcessing
0000c16e   configDHCP
0000c19a   initDriver
0000c1c6   UINT32_TO_STREAM_f
0000c1ee   callback_ledTimer
0000c214   GetState
0000c238   initDevice_dimmer
0000c25c   initLedTimer
0000c280   receivePackets
0000c2a4   IntGPIOHandler
0000c2c6   connectToServer
0000c2e8   do_event_payloadReceived
0000c30a   __mspabi_mpyl_f5hw
0000c32c   wlan_stop
0000c34e   init_spi
0000c36e   main
0000c38e   netapp_ipconfig
0000c3ae   IsStateChange
0000c3cc   controlCommsReceive
0000c3e8   initDimmerTimer
0000c404   _c_int00
0000c404   _c_int00_noexit
0000c41e   getTimeElapsed
0000c438   infoCommsReceive
0000c452   initNetwork
0000c46c   initTIMER0
0000c486   next
0000c4a0   TIMER2_A1_ISR
0000c4b8   callback_readCurrent
0000c4d0   pop
0000c4e8   receiveComms
0000c500   TIMER0_B1_ISR
0000c516   TIMER1_A1_ISR
0000c52c   do_event_payloadToSend
0000c542   initClk
0000c558   initHearbeatTimer
0000c56e   llabs
0000c584   __mspabi_divu
0000c584   __mspabi_remu
0000c59a   __mspabi_mpyi_f5hw
0000c5b0   STREAM_TO_UINT16_f
0000c5c4   callCloseSocket
0000c5c4   do_event_socket_disconnected
0000c5d8   getLanConfig
0000c5ec   memset
0000c600   SSIContReadOperation
0000c612   SimpleLinkWaitEvent
0000c624   __mspabi_fixdu
0000c636   ADC10_ISR
0000c648   TIMER0_A1_ISR
0000c65a   createTypeDevice
0000c66c   memcpy
0000c67e   pushReceive
0000c690   pushTransmit
0000c6a2   timer2_Execute_dimmer
0000c6b4   updateAsyncEvent
0000c6c6   SpiClose
0000c6d6   UINT16_TO_STREAM_f
0000c6e6   WriteWlanPin
0000c6f6   __mspabi_slll
0000c706   __mspabi_srll
0000c716   SpiReadHeader
0000c724   SpiReceiveHandler
0000c732   __TI_decompress_rle24
0000c740   disableDimmer
0000c74e   initLEDs
0000c75c   popReceive
0000c76a   popTransmit
0000c778   resetDimmerTimer
0000c786   strlen
0000c794   toggleLed
0000c7a2   turnLedOff
0000c7b0   turnLedOn
0000c7be   getCurrentStateDimmer
0000c7ca   RXBufferIsEmpty
0000c7d4   ReadWlanInterruptPin
0000c7de   SimpleLinkWaitData
0000c7e8   TXBufferIsEmpty
0000c7f2   WlanInterruptEnable
0000c7fc   _system_pre_init
0000c806   callback_dimmerTimer
0000c810   do_event_socket_connected
0000c81a   readAppSwitch
0000c824   __mspabi_slli
0000c82e   sendBootLoaderPatch
0000c838   sendDriverPatch
0000c842   sendWLFWPatch
0000c84c   setValue
0000c856   socketclosed
0000c860   wifiConnected
0000c86a   callback_heartbeatTimer
0000c872   do_event_packetsReceived
0000c87a   enableDimmer
0000c882   initDevice_outlet
0000c88a   setCurrentStateDimmerOn
0000c892   SpiPauseSpi
0000c898   SpiResumeSpi
0000c89e   WlanInterruptDisable
0000c8a4   __mspabi_fltud
0000c8aa   getDeviceInfoState
0000c8b0   getValueCurrentVolt
0000c8b6   getValues
0000c8bc   initCommunication
0000c8c2   init_bis_register
0000c8c8   notify
0000c8ce   setDimmerTime
0000c8d4   setHeartbeatTime
0000c8da   Trap_ISR
0000c8de   C$$EXIT
0000c8de   abort
0000c8e2   do_event_wifi_disconnected
0000c8e6   _nop
0000c8e8   timer2_Execute_outlet
0000c938   __TI_Handler_Table_Base
0000c944   __TI_Handler_Table_Limit
0000c94a   __TI_CINIT_Base
0000c95a   __TI_CINIT_Limit
0000ffd2   __TI_int41
0000ffd4   __TI_int42
0000ffd6   __TI_int43
0000ffd8   __TI_int44
0000ffda   __TI_int45
0000ffdc   __TI_int46
0000ffde   __TI_int47
0000ffe0   __TI_int48
0000ffe2   __TI_int49
0000ffe4   __TI_int50
0000ffe6   __TI_int51
0000ffe8   __TI_int52
0000ffea   __TI_int53
0000ffec   __TI_int54
0000ffee   __TI_int55
0000fff0   __TI_int56
0000fff2   __TI_int57
0000fff4   __TI_int58
0000fff6   __TI_int59
0000fff8   __TI_int60
0000fffa   __TI_int61
0000fffc   __TI_int62
0000fffe   _reset_vector
ffffffff   __binit__
ffffffff   __c_args__
ffffffff   binit
UNDEFED    __TI_INITARRAY_Base
UNDEFED    __TI_INITARRAY_Limit

[880 symbols]
