<?xml version="1.0"?>
<link_info>
   <banner>MSP430 Linker PC v4.2.1</banner>
   <copyright>Copyright (c) 2003-2013 Texas Instruments Incorporated</copyright>
   <link_time>0x52c0fd62</link_time>
   <link_errors>0x0</link_errors>
   <output_file>CurubaDevice.out</output_file>
   <entry_point>
      <name>_c_int00</name>
      <address>0xc404</address>
   </entry_point>
   <input_file_list>
      <input_file id="fl-2">
         <path>.\Communication\</path>
         <kind>object</kind>
         <file>network.obj</file>
         <name>network.obj</name>
      </input_file>
      <input_file id="fl-3">
         <path>.\Communication\</path>
         <kind>object</kind>
         <file>communication.obj</file>
         <name>communication.obj</name>
      </input_file>
      <input_file id="fl-4">
         <path>.\Control\</path>
         <kind>object</kind>
         <file>eventManager.obj</file>
         <name>eventManager.obj</name>
      </input_file>
      <input_file id="fl-5">
         <path>.\Control\</path>
         <kind>object</kind>
         <file>deviceInfoState.obj</file>
         <name>deviceInfoState.obj</name>
      </input_file>
      <input_file id="fl-6">
         <path>.\Control\</path>
         <kind>object</kind>
         <file>deviceControl.obj</file>
         <name>deviceControl.obj</name>
      </input_file>
      <input_file id="fl-7">
         <path>.\Control\</path>
         <kind>object</kind>
         <file>commsReceive.obj</file>
         <name>commsReceive.obj</name>
      </input_file>
      <input_file id="fl-8">
         <path>.\Device\</path>
         <kind>object</kind>
         <file>typeDevice.obj</file>
         <name>typeDevice.obj</name>
      </input_file>
      <input_file id="fl-9">
         <path>.\Device\</path>
         <kind>object</kind>
         <file>outlet.obj</file>
         <name>outlet.obj</name>
      </input_file>
      <input_file id="fl-a">
         <path>.\Device\</path>
         <kind>object</kind>
         <file>dimmer.obj</file>
         <name>dimmer.obj</name>
      </input_file>
      <input_file id="fl-b">
         <path>.\Util\</path>
         <kind>object</kind>
         <file>util.obj</file>
         <name>util.obj</name>
      </input_file>
      <input_file id="fl-c">
         <path>.\Util\</path>
         <kind>object</kind>
         <file>commsManager.obj</file>
         <name>commsManager.obj</name>
      </input_file>
      <input_file id="fl-d">
         <path>.\Util\</path>
         <kind>object</kind>
         <file>adcBuffer.obj</file>
         <name>adcBuffer.obj</name>
      </input_file>
      <input_file id="fl-e">
         <path>.\</path>
         <kind>object</kind>
         <file>main.obj</file>
         <name>main.obj</name>
      </input_file>
      <input_file id="fl-18">
         <path>..\lib\</path>
         <kind>archive</kind>
         <file>CC3000 Board.lib</file>
         <name>boardMSP430.obj</name>
      </input_file>
      <input_file id="fl-19">
         <path>..\lib\</path>
         <kind>archive</kind>
         <file>CC3000 Board.lib</file>
         <name>interuptDeviceControl.obj</name>
      </input_file>
      <input_file id="fl-1a">
         <path>..\lib\</path>
         <kind>archive</kind>
         <file>CC3000 Board.lib</file>
         <name>board.obj</name>
      </input_file>
      <input_file id="fl-1b">
         <path>..\lib\</path>
         <kind>archive</kind>
         <file>CC3000 Spi.lib</file>
         <name>spi.obj</name>
      </input_file>
      <input_file id="fl-1c">
         <path>..\lib\</path>
         <kind>archive</kind>
         <file>CC3000HostDriver.lib</file>
         <name>wlan.obj</name>
      </input_file>
      <input_file id="fl-1d">
         <path>..\lib\</path>
         <kind>archive</kind>
         <file>CC3000HostDriver.lib</file>
         <name>security.obj</name>
      </input_file>
      <input_file id="fl-1e">
         <path>..\lib\</path>
         <kind>archive</kind>
         <file>CC3000HostDriver.lib</file>
         <name>nvmem.obj</name>
      </input_file>
      <input_file id="fl-1f">
         <path>..\lib\</path>
         <kind>archive</kind>
         <file>CC3000HostDriver.lib</file>
         <name>hci.obj</name>
      </input_file>
      <input_file id="fl-20">
         <path>..\lib\</path>
         <kind>archive</kind>
         <file>CC3000HostDriver.lib</file>
         <name>evnt_handler.obj</name>
      </input_file>
      <input_file id="fl-21">
         <path>..\lib\</path>
         <kind>archive</kind>
         <file>CC3000HostDriver.lib</file>
         <name>cc3000_common.obj</name>
      </input_file>
      <input_file id="fl-22">
         <path>..\lib\</path>
         <kind>archive</kind>
         <file>Wifi.lib</file>
         <name>cc3000.obj</name>
      </input_file>
      <input_file id="fl-3d">
         <path>C:\ti\ccsv5\tools\compiler\msp430_4.2.1\lib\</path>
         <kind>archive</kind>
         <file>rts430x_lc_sd_eabi.lib</file>
         <name>asr32.obj</name>
      </input_file>
      <input_file id="fl-3e">
         <path>C:\ti\ccsv5\tools\compiler\msp430_4.2.1\lib\</path>
         <kind>archive</kind>
         <file>rts430x_lc_sd_eabi.lib</file>
         <name>boot.obj</name>
      </input_file>
      <input_file id="fl-3f">
         <path>C:\ti\ccsv5\tools\compiler\msp430_4.2.1\lib\</path>
         <kind>archive</kind>
         <file>rts430x_lc_sd_eabi.lib</file>
         <name>copy_decompress_none.obj</name>
      </input_file>
      <input_file id="fl-40">
         <path>C:\ti\ccsv5\tools\compiler\msp430_4.2.1\lib\</path>
         <kind>archive</kind>
         <file>rts430x_lc_sd_eabi.lib</file>
         <name>copy_decompress_rle.obj</name>
      </input_file>
      <input_file id="fl-41">
         <path>C:\ti\ccsv5\tools\compiler\msp430_4.2.1\lib\</path>
         <kind>archive</kind>
         <file>rts430x_lc_sd_eabi.lib</file>
         <name>copy_zero_init.obj</name>
      </input_file>
      <input_file id="fl-42">
         <path>C:\ti\ccsv5\tools\compiler\msp430_4.2.1\lib\</path>
         <kind>archive</kind>
         <file>rts430x_lc_sd_eabi.lib</file>
         <name>cpy_util.obj</name>
      </input_file>
      <input_file id="fl-43">
         <path>C:\ti\ccsv5\tools\compiler\msp430_4.2.1\lib\</path>
         <kind>archive</kind>
         <file>rts430x_lc_sd_eabi.lib</file>
         <name>div16u.obj</name>
      </input_file>
      <input_file id="fl-44">
         <path>C:\ti\ccsv5\tools\compiler\msp430_4.2.1\lib\</path>
         <kind>archive</kind>
         <file>rts430x_lc_sd_eabi.lib</file>
         <name>div32s.obj</name>
      </input_file>
      <input_file id="fl-45">
         <path>C:\ti\ccsv5\tools\compiler\msp430_4.2.1\lib\</path>
         <kind>archive</kind>
         <file>rts430x_lc_sd_eabi.lib</file>
         <name>div32u.obj</name>
      </input_file>
      <input_file id="fl-46">
         <path>C:\ti\ccsv5\tools\compiler\msp430_4.2.1\lib\</path>
         <kind>archive</kind>
         <file>rts430x_lc_sd_eabi.lib</file>
         <name>divd.obj</name>
      </input_file>
      <input_file id="fl-47">
         <path>C:\ti\ccsv5\tools\compiler\msp430_4.2.1\lib\</path>
         <kind>archive</kind>
         <file>rts430x_lc_sd_eabi.lib</file>
         <name>errno.obj</name>
      </input_file>
      <input_file id="fl-48">
         <path>C:\ti\ccsv5\tools\compiler\msp430_4.2.1\lib\</path>
         <kind>archive</kind>
         <file>rts430x_lc_sd_eabi.lib</file>
         <name>exit.obj</name>
      </input_file>
      <input_file id="fl-49">
         <path>C:\ti\ccsv5\tools\compiler\msp430_4.2.1\lib\</path>
         <kind>archive</kind>
         <file>rts430x_lc_sd_eabi.lib</file>
         <name>fixdu.obj</name>
      </input_file>
      <input_file id="fl-4a">
         <path>C:\ti\ccsv5\tools\compiler\msp430_4.2.1\lib\</path>
         <kind>archive</kind>
         <file>rts430x_lc_sd_eabi.lib</file>
         <name>fixdul.obj</name>
      </input_file>
      <input_file id="fl-4b">
         <path>C:\ti\ccsv5\tools\compiler\msp430_4.2.1\lib\</path>
         <kind>archive</kind>
         <file>rts430x_lc_sd_eabi.lib</file>
         <name>fltud.obj</name>
      </input_file>
      <input_file id="fl-4c">
         <path>C:\ti\ccsv5\tools\compiler\msp430_4.2.1\lib\</path>
         <kind>archive</kind>
         <file>rts430x_lc_sd_eabi.lib</file>
         <name>fltuld.obj</name>
      </input_file>
      <input_file id="fl-4d">
         <path>C:\ti\ccsv5\tools\compiler\msp430_4.2.1\lib\</path>
         <kind>archive</kind>
         <file>rts430x_lc_sd_eabi.lib</file>
         <name>frcdivd.obj</name>
      </input_file>
      <input_file id="fl-4e">
         <path>C:\ti\ccsv5\tools\compiler\msp430_4.2.1\lib\</path>
         <kind>archive</kind>
         <file>rts430x_lc_sd_eabi.lib</file>
         <name>fs_div.obj</name>
      </input_file>
      <input_file id="fl-4f">
         <path>C:\ti\ccsv5\tools\compiler\msp430_4.2.1\lib\</path>
         <kind>archive</kind>
         <file>rts430x_lc_sd_eabi.lib</file>
         <name>fs_ltof.obj</name>
      </input_file>
      <input_file id="fl-50">
         <path>C:\ti\ccsv5\tools\compiler\msp430_4.2.1\lib\</path>
         <kind>archive</kind>
         <file>rts430x_lc_sd_eabi.lib</file>
         <name>fs_mpy.obj</name>
      </input_file>
      <input_file id="fl-51">
         <path>C:\ti\ccsv5\tools\compiler\msp430_4.2.1\lib\</path>
         <kind>archive</kind>
         <file>rts430x_lc_sd_eabi.lib</file>
         <name>fs_tol.obj</name>
      </input_file>
      <input_file id="fl-52">
         <path>C:\ti\ccsv5\tools\compiler\msp430_4.2.1\lib\</path>
         <kind>archive</kind>
         <file>rts430x_lc_sd_eabi.lib</file>
         <name>llmath.obj</name>
      </input_file>
      <input_file id="fl-53">
         <path>C:\ti\ccsv5\tools\compiler\msp430_4.2.1\lib\</path>
         <kind>archive</kind>
         <file>rts430x_lc_sd_eabi.lib</file>
         <name>lsl16.obj</name>
      </input_file>
      <input_file id="fl-54">
         <path>C:\ti\ccsv5\tools\compiler\msp430_4.2.1\lib\</path>
         <kind>archive</kind>
         <file>rts430x_lc_sd_eabi.lib</file>
         <name>lsl32.obj</name>
      </input_file>
      <input_file id="fl-55">
         <path>C:\ti\ccsv5\tools\compiler\msp430_4.2.1\lib\</path>
         <kind>archive</kind>
         <file>rts430x_lc_sd_eabi.lib</file>
         <name>lsr32.obj</name>
      </input_file>
      <input_file id="fl-56">
         <path>C:\ti\ccsv5\tools\compiler\msp430_4.2.1\lib\</path>
         <kind>archive</kind>
         <file>rts430x_lc_sd_eabi.lib</file>
         <name>memcpy.obj</name>
      </input_file>
      <input_file id="fl-57">
         <path>C:\ti\ccsv5\tools\compiler\msp430_4.2.1\lib\</path>
         <kind>archive</kind>
         <file>rts430x_lc_sd_eabi.lib</file>
         <name>memory.obj</name>
      </input_file>
      <input_file id="fl-58">
         <path>C:\ti\ccsv5\tools\compiler\msp430_4.2.1\lib\</path>
         <kind>archive</kind>
         <file>rts430x_lc_sd_eabi.lib</file>
         <name>memset.obj</name>
      </input_file>
      <input_file id="fl-59">
         <path>C:\ti\ccsv5\tools\compiler\msp430_4.2.1\lib\</path>
         <kind>archive</kind>
         <file>rts430x_lc_sd_eabi.lib</file>
         <name>mpyd.obj</name>
      </input_file>
      <input_file id="fl-5a">
         <path>C:\ti\ccsv5\tools\compiler\msp430_4.2.1\lib\</path>
         <kind>archive</kind>
         <file>rts430x_lc_sd_eabi.lib</file>
         <name>mult16_f5hw.obj</name>
      </input_file>
      <input_file id="fl-5b">
         <path>C:\ti\ccsv5\tools\compiler\msp430_4.2.1\lib\</path>
         <kind>archive</kind>
         <file>rts430x_lc_sd_eabi.lib</file>
         <name>mult32_f5hw.obj</name>
      </input_file>
      <input_file id="fl-5c">
         <path>C:\ti\ccsv5\tools\compiler\msp430_4.2.1\lib\</path>
         <kind>archive</kind>
         <file>rts430x_lc_sd_eabi.lib</file>
         <name>mult64_f5hw.obj</name>
      </input_file>
      <input_file id="fl-5d">
         <path>C:\ti\ccsv5\tools\compiler\msp430_4.2.1\lib\</path>
         <kind>archive</kind>
         <file>rts430x_lc_sd_eabi.lib</file>
         <name>strlen.obj</name>
      </input_file>
      <input_file id="fl-5e">
         <path>C:\ti\ccsv5\tools\compiler\msp430_4.2.1\lib\</path>
         <kind>archive</kind>
         <file>rts430x_lc_sd_eabi.lib</file>
         <name>_lock.obj</name>
      </input_file>
      <input_file id="fl-5f">
         <path>C:\ti\ccsv5\tools\compiler\msp430_4.2.1\lib\</path>
         <kind>archive</kind>
         <file>rts430x_lc_sd_eabi.lib</file>
         <name>abs.obj</name>
      </input_file>
      <input_file id="fl-60">
         <path>C:\ti\ccsv5\tools\compiler\msp430_4.2.1\lib\</path>
         <kind>archive</kind>
         <file>rts430x_lc_sd_eabi.lib</file>
         <name>args_main.obj</name>
      </input_file>
      <input_file id="fl-61">
         <path>C:\ti\ccsv5\tools\compiler\msp430_4.2.1\lib\</path>
         <kind>archive</kind>
         <file>rts430x_lc_sd_eabi.lib</file>
         <name>autoinit.obj</name>
      </input_file>
      <input_file id="fl-62">
         <path>C:\ti\ccsv5\tools\compiler\msp430_4.2.1\lib\</path>
         <kind>archive</kind>
         <file>rts430x_lc_sd_eabi.lib</file>
         <name>frcmpyd.obj</name>
      </input_file>
      <input_file id="fl-63">
         <path>..\lib\</path>
         <kind>archive</kind>
         <file>CC3000HostDriver.lib</file>
         <name>socket.obj</name>
      </input_file>
      <input_file id="fl-64">
         <path>..\lib\</path>
         <kind>archive</kind>
         <file>CC3000HostDriver.lib</file>
         <name>netapp.obj</name>
      </input_file>
   </input_file_list>
   <object_component_list>
      <object_component id="oc-95">
         <name>.sysmem</name>
         <uninitialized>true</uninitialized>
         <run_address>0x2194</run_address>
         <size>0x4</size>
         <input_file_ref idref="fl-57"/>
      </object_component>
      <object_component id="oc-806">
         <name>.sysmem</name>
         <uninitialized>true</uninitialized>
         <run_address>0x2194</run_address>
         <size>0x0</size>
      </object_component>
      <object_component id="oc-92">
         <name>.stack</name>
         <uninitialized>true</uninitialized>
         <run_address>0x3360</run_address>
         <size>0x2</size>
         <input_file_ref idref="fl-3e"/>
      </object_component>
      <object_component id="oc-805">
         <name>.stack</name>
         <uninitialized>true</uninitialized>
         <run_address>0x3360</run_address>
         <size>0x0</size>
      </object_component>
      <object_component id="oc-698">
         <name>.text:__TI_frcdivd</name>
         <load_address>0x8000</load_address>
         <run_address>0x8000</run_address>
         <size>0x444</size>
         <input_file_ref idref="fl-4d"/>
      </object_component>
      <object_component id="oc-5e2">
         <name>.text:hci_event_handler</name>
         <load_address>0x8444</load_address>
         <run_address>0x8444</run_address>
         <size>0x406</size>
         <input_file_ref idref="fl-20"/>
      </object_component>
      <object_component id="oc-71c">
         <name>.text:__mspabi_divull</name>
         <load_address>0x884a</load_address>
         <run_address>0x884a</run_address>
         <size>0x38e</size>
         <input_file_ref idref="fl-52"/>
      </object_component>
      <object_component id="oc-6a4">
         <name>.text:__TI_frcmpyd</name>
         <load_address>0x8bd8</load_address>
         <run_address>0x8bd8</run_address>
         <size>0x2da</size>
         <input_file_ref idref="fl-62"/>
      </object_component>
      <object_component id="oc-3f6">
         <name>.text:hci_unsol_event_handler</name>
         <load_address>0x8eb2</load_address>
         <run_address>0x8eb2</run_address>
         <size>0x276</size>
         <input_file_ref idref="fl-20"/>
      </object_component>
      <object_component id="oc-53e">
         <name>.text:__mspabi_mpyd</name>
         <load_address>0x9128</load_address>
         <run_address>0x9128</run_address>
         <size>0x244</size>
         <input_file_ref idref="fl-59"/>
      </object_component>
      <object_component id="oc-539">
         <name>.text:__mspabi_divd</name>
         <load_address>0x936c</load_address>
         <run_address>0x936c</run_address>
         <size>0x218</size>
         <input_file_ref idref="fl-46"/>
      </object_component>
      <object_component id="oc-706">
         <name>.text:simple_link_send</name>
         <load_address>0x9584</load_address>
         <run_address>0x9584</run_address>
         <size>0x1b8</size>
         <input_file_ref idref="fl-63"/>
      </object_component>
      <object_component id="oc-31e">
         <name>.text:payloadToSend</name>
         <load_address>0x973c</load_address>
         <run_address>0x973c</run_address>
         <size>0x166</size>
         <input_file_ref idref="fl-3"/>
      </object_component>
      <object_component id="oc-40e">
         <name>.text:wlan_connect</name>
         <load_address>0x98a2</load_address>
         <run_address>0x98a2</run_address>
         <size>0x15c</size>
         <input_file_ref idref="fl-1c"/>
      </object_component>
      <object_component id="oc-65d">
         <name>.text:__mspabi_divlli</name>
         <load_address>0x99fe</load_address>
         <run_address>0x99fe</run_address>
         <size>0x140</size>
         <input_file_ref idref="fl-52"/>
      </object_component>
      <object_component id="oc-502">
         <name>.text:ComputationWattHour</name>
         <load_address>0x9b3e</load_address>
         <run_address>0x9b3e</run_address>
         <size>0x138</size>
         <input_file_ref idref="fl-b"/>
      </object_component>
      <object_component id="oc-27d">
         <name>.text:initCC3000</name>
         <load_address>0x9c76</load_address>
         <run_address>0x9c76</run_address>
         <size>0x114</size>
         <input_file_ref idref="fl-22"/>
      </object_component>
      <object_component id="oc-3c7">
         <name>.text:controlCommsReceive_dimmer</name>
         <load_address>0x9d8a</load_address>
         <run_address>0x9d8a</run_address>
         <size>0xf6</size>
         <input_file_ref idref="fl-a"/>
      </object_component>
      <object_component id="oc-41b">
         <name>.text:netapp_timeout_values</name>
         <load_address>0x9e80</load_address>
         <run_address>0x9e80</run_address>
         <size>0xf4</size>
         <input_file_ref idref="fl-64"/>
      </object_component>
      <object_component id="oc-750">
         <name>.text:hci_patch_send</name>
         <load_address>0x9f74</load_address>
         <run_address>0x9f74</run_address>
         <size>0xdc</size>
         <input_file_ref idref="fl-1f"/>
      </object_component>
      <object_component id="oc-e6">
         <name>.text:__TI_decompress_rle_core</name>
         <load_address>0xa050</load_address>
         <run_address>0xa050</run_address>
         <size>0xd8</size>
         <input_file_ref idref="fl-40"/>
      </object_component>
      <object_component id="oc-61d">
         <name>.text:Init_FLL</name>
         <load_address>0xa128</load_address>
         <run_address>0xa128</run_address>
         <size>0xd4</size>
         <input_file_ref idref="fl-18"/>
      </object_component>
      <object_component id="oc-612">
         <name>.text:SetVCoreUp</name>
         <load_address>0xa1fc</load_address>
         <run_address>0xa1fc</run_address>
         <size>0xd4</size>
         <input_file_ref idref="fl-18"/>
      </object_component>
      <object_component id="oc-5da">
         <name>.text:SpiWrite</name>
         <load_address>0xa2d0</load_address>
         <run_address>0xa2d0</run_address>
         <size>0xca</size>
         <input_file_ref idref="fl-1b"/>
      </object_component>
      <object_component id="oc-273">
         <name>.text:pio_init</name>
         <load_address>0xa39a</load_address>
         <run_address>0xa39a</run_address>
         <size>0xbe</size>
         <input_file_ref idref="fl-1a"/>
      </object_component>
      <object_component id="oc-6f9">
         <name>.text:hci_unsol_handle_patch_request</name>
         <load_address>0xa458</load_address>
         <run_address>0xa458</run_address>
         <size>0xb6</size>
         <input_file_ref idref="fl-20"/>
      </object_component>
      <object_component id="oc-676">
         <name>.text</name>
         <load_address>0xa50e</load_address>
         <run_address>0xa50e</run_address>
         <size>0xb6</size>
         <input_file_ref idref="fl-50"/>
      </object_component>
      <object_component id="oc-5bb">
         <name>.text:setsockopt</name>
         <load_address>0xa5c4</load_address>
         <run_address>0xa5c4</run_address>
         <size>0xb4</size>
         <input_file_ref idref="fl-63"/>
      </object_component>
      <object_component id="oc-39e">
         <name>.text:malloc</name>
         <load_address>0xa678</load_address>
         <run_address>0xa678</run_address>
         <size>0xa6</size>
         <input_file_ref idref="fl-57"/>
      </object_component>
      <object_component id="oc-37c">
         <name>.text:netapp_dhcp</name>
         <load_address>0xa71e</load_address>
         <run_address>0xa71e</run_address>
         <size>0xa0</size>
         <input_file_ref idref="fl-64"/>
      </object_component>
      <object_component id="oc-377">
         <name>.text:wlan_start</name>
         <load_address>0xa7be</load_address>
         <run_address>0xa7be</run_address>
         <size>0x9e</size>
         <input_file_ref idref="fl-1c"/>
      </object_component>
      <object_component id="oc-617">
         <name>.text:SetVCoreDown</name>
         <load_address>0xa85c</load_address>
         <run_address>0xa85c</run_address>
         <size>0x9a</size>
         <input_file_ref idref="fl-18"/>
      </object_component>
      <object_component id="oc-42c">
         <name>.text:initSocket</name>
         <load_address>0xa8f6</load_address>
         <run_address>0xa8f6</run_address>
         <size>0x9a</size>
         <input_file_ref idref="fl-22"/>
      </object_component>
      <object_component id="oc-3a8">
         <name>.text:heartBeat_outlet</name>
         <load_address>0xa990</load_address>
         <run_address>0xa990</run_address>
         <size>0x98</size>
         <input_file_ref idref="fl-9"/>
      </object_component>
      <object_component id="oc-5cf">
         <name>.text:connect</name>
         <load_address>0xaa28</load_address>
         <run_address>0xaa28</run_address>
         <size>0x90</size>
         <input_file_ref idref="fl-63"/>
      </object_component>
      <object_component id="oc-308">
         <name>.text:payloadReceived</name>
         <load_address>0xaab8</load_address>
         <run_address>0xaab8</run_address>
         <size>0x90</size>
         <input_file_ref idref="fl-3"/>
      </object_component>
      <object_component id="oc-672">
         <name>.text</name>
         <load_address>0xab48</load_address>
         <run_address>0xab48</run_address>
         <size>0x8e</size>
         <input_file_ref idref="fl-4e"/>
      </object_component>
      <object_component id="oc-414">
         <name>.text:simple_link_recv</name>
         <load_address>0xabd6</load_address>
         <run_address>0xabd6</run_address>
         <size>0x8a</size>
         <input_file_ref idref="fl-63"/>
      </object_component>
      <object_component id="oc-35e">
         <name>.text:CC3000_UsynchCallback</name>
         <load_address>0xac60</load_address>
         <run_address>0xac60</run_address>
         <size>0x86</size>
         <input_file_ref idref="fl-22"/>
      </object_component>
      <object_component id="oc-6ab">
         <name>.text:__mspabi_fixdul</name>
         <load_address>0xace6</load_address>
         <run_address>0xace6</run_address>
         <size>0x82</size>
         <input_file_ref idref="fl-4a"/>
      </object_component>
      <object_component id="oc-691">
         <name>.text:__mspabi_fltuld</name>
         <load_address>0xad68</load_address>
         <run_address>0xad68</run_address>
         <size>0x82</size>
         <input_file_ref idref="fl-4c"/>
      </object_component>
      <object_component id="oc-67a">
         <name>.text</name>
         <load_address>0xadea</load_address>
         <run_address>0xadea</run_address>
         <size>0x7e</size>
         <input_file_ref idref="fl-51"/>
      </object_component>
      <object_component id="oc-17c">
         <name>.text:SpiReadDataCont</name>
         <load_address>0xae68</load_address>
         <run_address>0xae68</run_address>
         <size>0x76</size>
         <input_file_ref idref="fl-1b"/>
      </object_component>
      <object_component id="oc-13b">
         <name>.text:ledControl</name>
         <load_address>0xaede</load_address>
         <run_address>0xaede</run_address>
         <size>0x76</size>
         <input_file_ref idref="fl-b"/>
      </object_component>
      <object_component id="oc-136">
         <name>.text:doEvent</name>
         <load_address>0xaf54</load_address>
         <run_address>0xaf54</run_address>
         <size>0x72</size>
         <input_file_ref idref="fl-4"/>
      </object_component>
      <object_component id="oc-396">
         <name>.text:wlan_set_event_mask</name>
         <load_address>0xafc6</load_address>
         <run_address>0xafc6</run_address>
         <size>0x72</size>
         <input_file_ref idref="fl-1c"/>
      </object_component>
      <object_component id="oc-b5">
         <name>.text:_auto_init</name>
         <load_address>0xb038</load_address>
         <run_address>0xb038</run_address>
         <size>0x70</size>
         <input_file_ref idref="fl-61"/>
      </object_component>
      <object_component id="oc-5b2">
         <name>.text:socket</name>
         <load_address>0xb0a8</load_address>
         <run_address>0xb0a8</run_address>
         <size>0x6e</size>
         <input_file_ref idref="fl-63"/>
      </object_component>
      <object_component id="oc-9c">
         <name>.text:_isr:IntSpiGPIOHandler</name>
         <load_address>0xb116</load_address>
         <run_address>0xb116</run_address>
         <size>0x6c</size>
         <input_file_ref idref="fl-1b"/>
      </object_component>
      <object_component id="oc-1f5">
         <name>.text:connectToWifi</name>
         <load_address>0xb182</load_address>
         <run_address>0xb182</run_address>
         <size>0x6c</size>
         <input_file_ref idref="fl-2"/>
      </object_component>
      <object_component id="oc-3c2">
         <name>.text:heartBeat_dimmer</name>
         <load_address>0xb1ee</load_address>
         <run_address>0xb1ee</run_address>
         <size>0x64</size>
         <input_file_ref idref="fl-a"/>
      </object_component>
      <object_component id="oc-44d">
         <name>.text:set_socket_active_status</name>
         <load_address>0xb252</load_address>
         <run_address>0xb252</run_address>
         <size>0x60</size>
         <input_file_ref idref="fl-20"/>
      </object_component>
      <object_component id="oc-654">
         <name>.text:__mpyll</name>
         <load_address>0xb2b2</load_address>
         <run_address>0xb2b2</run_address>
         <size>0x5a</size>
         <input_file_ref idref="fl-5c"/>
      </object_component>
      <object_component id="oc-381">
         <name>.text:wlan_ioctl_set_connection_policy</name>
         <load_address>0xb30c</load_address>
         <run_address>0xb30c</run_address>
         <size>0x5a</size>
         <input_file_ref idref="fl-1c"/>
      </object_component>
      <object_component id="oc-64b">
         <name>.text:readADC</name>
         <load_address>0xb366</load_address>
         <run_address>0xb366</run_address>
         <size>0x58</size>
         <input_file_ref idref="fl-1a"/>
      </object_component>
      <object_component id="oc-725">
         <name>.text</name>
         <load_address>0xb3be</load_address>
         <run_address>0xb3be</run_address>
         <size>0x58</size>
         <input_file_ref idref="fl-45"/>
      </object_component>
      <object_component id="oc-300">
         <name>.text:closesocket</name>
         <load_address>0xb416</load_address>
         <run_address>0xb416</run_address>
         <size>0x54</size>
         <input_file_ref idref="fl-63"/>
      </object_component>
      <object_component id="oc-3ad">
         <name>.text:controlCommsReceive_outlet</name>
         <load_address>0xb46a</load_address>
         <run_address>0xb46a</run_address>
         <size>0x54</size>
         <input_file_ref idref="fl-9"/>
      </object_component>
      <object_component id="oc-54d">
         <name>.text:changeIO_dimmer</name>
         <load_address>0xb4be</load_address>
         <run_address>0xb4be</run_address>
         <size>0x52</size>
         <input_file_ref idref="fl-a"/>
      </object_component>
      <object_component id="oc-176">
         <name>.text:SpiReadDataSynchronous</name>
         <load_address>0xb510</load_address>
         <run_address>0xb510</run_address>
         <size>0x50</size>
         <input_file_ref idref="fl-1b"/>
      </object_component>
      <object_component id="oc-75f">
         <name>.text:HostFlowControlConsumeBuff</name>
         <load_address>0xb560</load_address>
         <run_address>0xb560</run_address>
         <size>0x4c</size>
         <input_file_ref idref="fl-63"/>
      </object_component>
      <object_component id="oc-6e7">
         <name>.text:SpiFirstWrite</name>
         <load_address>0xb5ac</load_address>
         <run_address>0xb5ac</run_address>
         <size>0x4a</size>
         <input_file_ref idref="fl-1b"/>
      </object_component>
      <object_component id="oc-66e">
         <name>.text</name>
         <load_address>0xb5f6</load_address>
         <run_address>0xb5f6</run_address>
         <size>0x4a</size>
         <input_file_ref idref="fl-4f"/>
      </object_component>
      <object_component id="oc-767">
         <name>.text:hci_data_send</name>
         <load_address>0xb640</load_address>
         <run_address>0xb640</run_address>
         <size>0x48</size>
         <input_file_ref idref="fl-1f"/>
      </object_component>
      <object_component id="oc-548">
         <name>.text:turnOffligth</name>
         <load_address>0xb688</load_address>
         <run_address>0xb688</run_address>
         <size>0x46</size>
         <input_file_ref idref="fl-1a"/>
      </object_component>
      <object_component id="oc-658">
         <name>.text:__mspabi_srall</name>
         <load_address>0xb6ce</load_address>
         <run_address>0xb6ce</run_address>
         <size>0x44</size>
         <input_file_ref idref="fl-52"/>
      </object_component>
      <object_component id="oc-508">
         <name>.text:changeIO_outlet</name>
         <load_address>0xb712</load_address>
         <run_address>0xb712</run_address>
         <size>0x44</size>
         <input_file_ref idref="fl-9"/>
      </object_component>
      <object_component id="oc-3cc">
         <name>.text:infoCommsReceive_dimmer</name>
         <load_address>0xb756</load_address>
         <run_address>0xb756</run_address>
         <size>0x44</size>
         <input_file_ref idref="fl-a"/>
      </object_component>
      <object_component id="oc-435">
         <name>.text:connectServer</name>
         <load_address>0xb79a</load_address>
         <run_address>0xb79a</run_address>
         <size>0x42</size>
         <input_file_ref idref="fl-22"/>
      </object_component>
      <object_component id="oc-127">
         <name>.text:initApp</name>
         <load_address>0xb7dc</load_address>
         <run_address>0xb7dc</run_address>
         <size>0x42</size>
         <input_file_ref idref="fl-6"/>
      </object_component>
      <object_component id="oc-474">
         <name>.text:sendPackets</name>
         <load_address>0xb81e</load_address>
         <run_address>0xb81e</run_address>
         <size>0x42</size>
         <input_file_ref idref="fl-22"/>
      </object_component>
      <object_component id="oc-554">
         <name>.text:turnOnlight</name>
         <load_address>0xb860</load_address>
         <run_address>0xb860</run_address>
         <size>0x42</size>
         <input_file_ref idref="fl-1a"/>
      </object_component>
      <object_component id="oc-386">
         <name>.text:wlan_ioctl_del_profile</name>
         <load_address>0xb8a2</load_address>
         <run_address>0xb8a2</run_address>
         <size>0x42</size>
         <input_file_ref idref="fl-1c"/>
      </object_component>
      <object_component id="oc-56d">
         <name>.text:STREAM_TO_UINT32_f</name>
         <load_address>0xb8e4</load_address>
         <run_address>0xb8e4</run_address>
         <size>0x40</size>
         <input_file_ref idref="fl-21"/>
      </object_component>
      <object_component id="oc-47e">
         <name>.text:SetVCore</name>
         <load_address>0xb924</load_address>
         <run_address>0xb924</run_address>
         <size>0x40</size>
         <input_file_ref idref="fl-18"/>
      </object_component>
      <object_component id="oc-d4">
         <name>.text:__memcpy_far</name>
         <load_address>0xb964</load_address>
         <run_address>0xb964</run_address>
         <size>0x40</size>
         <input_file_ref idref="fl-42"/>
      </object_component>
      <object_component id="oc-2d7">
         <name>.text:connectWifi</name>
         <load_address>0xb9a4</load_address>
         <run_address>0xb9a4</run_address>
         <size>0x40</size>
         <input_file_ref idref="fl-22"/>
      </object_component>
      <object_component id="oc-78f">
         <name>.text:get_socket_active_status</name>
         <load_address>0xb9e4</load_address>
         <run_address>0xb9e4</run_address>
         <size>0x40</size>
         <input_file_ref idref="fl-20"/>
      </object_component>
      <object_component id="oc-580">
         <name>.text:hci_event_unsol_flowcontrol_handler</name>
         <load_address>0xba24</load_address>
         <run_address>0xba24</run_address>
         <size>0x40</size>
         <input_file_ref idref="fl-20"/>
      </object_component>
      <object_component id="oc-66a">
         <name>.text</name>
         <load_address>0xba64</load_address>
         <run_address>0xba64</run_address>
         <size>0x40</size>
         <input_file_ref idref="fl-44"/>
      </object_component>
      <object_component id="oc-2bd">
         <name>.text:TimerStart</name>
         <load_address>0xbaa4</load_address>
         <run_address>0xbaa4</run_address>
         <size>0x3e</size>
         <input_file_ref idref="fl-1a"/>
      </object_component>
      <object_component id="oc-76e">
         <name>.text:__mspabi_sllll</name>
         <load_address>0xbae2</load_address>
         <run_address>0xbae2</run_address>
         <size>0x3e</size>
         <input_file_ref idref="fl-52"/>
      </object_component>
      <object_component id="oc-773">
         <name>.text:__mspabi_srlll</name>
         <load_address>0xbb20</load_address>
         <run_address>0xbb20</run_address>
         <size>0x3e</size>
         <input_file_ref idref="fl-52"/>
      </object_component>
      <object_component id="oc-12c">
         <name>.text:checkNetwork</name>
         <load_address>0xbb5e</load_address>
         <run_address>0xbb5e</run_address>
         <size>0x3e</size>
         <input_file_ref idref="fl-2"/>
      </object_component>
      <object_component id="oc-88">
         <name>.text:decompress:ZI:__TI_zero_init</name>
         <load_address>0xbb9c</load_address>
         <run_address>0xbb9c</run_address>
         <size>0x3e</size>
         <input_file_ref idref="fl-41"/>
      </object_component>
      <object_component id="oc-666">
         <name>.text:l_asr_const</name>
         <load_address>0xbbda</load_address>
         <run_address>0xbbda</run_address>
         <size>0x3e</size>
         <input_file_ref idref="fl-3d"/>
      </object_component>
      <object_component id="oc-6bc">
         <name>.text:l_lsl_const</name>
         <load_address>0xbc18</load_address>
         <run_address>0xbc18</run_address>
         <size>0x3e</size>
         <input_file_ref idref="fl-54"/>
      </object_component>
      <object_component id="oc-5d5">
         <name>.text:l_lsr_const</name>
         <load_address>0xbc56</load_address>
         <run_address>0xbc56</run_address>
         <size>0x3e</size>
         <input_file_ref idref="fl-55"/>
      </object_component>
      <object_component id="oc-83">
         <name>.text:decompress:none:__TI_decompress_none</name>
         <load_address>0xbc94</load_address>
         <run_address>0xbc94</run_address>
         <size>0x3c</size>
         <input_file_ref idref="fl-3f"/>
      </object_component>
      <object_component id="oc-60c">
         <name>.text:send</name>
         <load_address>0xbcd0</load_address>
         <run_address>0xbcd0</run_address>
         <size>0x3c</size>
         <input_file_ref idref="fl-63"/>
      </object_component>
      <object_component id="oc-2e2">
         <name>.text:recv</name>
         <load_address>0xbd0c</load_address>
         <run_address>0xbd0c</run_address>
         <size>0x3a</size>
         <input_file_ref idref="fl-63"/>
      </object_component>
      <object_component id="oc-372">
         <name>.text:wlan_init</name>
         <load_address>0xbd46</load_address>
         <run_address>0xbd46</run_address>
         <size>0x3a</size>
         <input_file_ref idref="fl-1c"/>
      </object_component>
      <object_component id="oc-4e1">
         <name>.text:minit</name>
         <load_address>0xbd80</load_address>
         <run_address>0xbd80</run_address>
         <size>0x38</size>
         <input_file_ref idref="fl-57"/>
      </object_component>
      <object_component id="oc-67f">
         <name>.text:setState</name>
         <load_address>0xbdb8</load_address>
         <run_address>0xbdb8</run_address>
         <size>0x38</size>
         <input_file_ref idref="fl-1a"/>
      </object_component>
      <object_component id="oc-2f1">
         <name>.text:updateIPinfo</name>
         <load_address>0xbdf0</load_address>
         <run_address>0xbdf0</run_address>
         <size>0x38</size>
         <input_file_ref idref="fl-22"/>
      </object_component>
      <object_component id="oc-483">
         <name>.text:Init_FLL_Settle</name>
         <load_address>0xbe28</load_address>
         <run_address>0xbe28</run_address>
         <size>0x36</size>
         <input_file_ref idref="fl-18"/>
      </object_component>
      <object_component id="oc-3b2">
         <name>.text:infoCommsReceive_outlet</name>
         <load_address>0xbe5e</load_address>
         <run_address>0xbe5e</run_address>
         <size>0x36</size>
         <input_file_ref idref="fl-9"/>
      </object_component>
      <object_component id="oc-106">
         <name>.text:SpiWriteDataSynchronous</name>
         <load_address>0xbe94</load_address>
         <run_address>0xbe94</run_address>
         <size>0x34</size>
         <input_file_ref idref="fl-1b"/>
      </object_component>
      <object_component id="oc-2b0">
         <name>.text:TimerStop</name>
         <load_address>0xbec8</load_address>
         <run_address>0xbec8</run_address>
         <size>0x34</size>
         <input_file_ref idref="fl-1a"/>
      </object_component>
      <object_component id="oc-20a">
         <name>.text:do_event_wifi_connected</name>
         <load_address>0xbefc</load_address>
         <run_address>0xbefc</run_address>
         <size>0x34</size>
         <input_file_ref idref="fl-2"/>
      </object_component>
      <object_component id="oc-2c8">
         <name>.text:hci_unsolicited_event_handler</name>
         <load_address>0xbf30</load_address>
         <run_address>0xbf30</run_address>
         <size>0x34</size>
         <input_file_ref idref="fl-20"/>
      </object_component>
      <object_component id="oc-297">
         <name>.text:createDimmer</name>
         <load_address>0xbf64</load_address>
         <run_address>0xbf64</run_address>
         <size>0x32</size>
         <input_file_ref idref="fl-8"/>
      </object_component>
      <object_component id="oc-292">
         <name>.text:createOutlet</name>
         <load_address>0xbf96</load_address>
         <run_address>0xbf96</run_address>
         <size>0x32</size>
         <input_file_ref idref="fl-8"/>
      </object_component>
      <object_component id="oc-5f6">
         <name>.text:push</name>
         <load_address>0xbfc8</load_address>
         <run_address>0xbfc8</run_address>
         <size>0x32</size>
         <input_file_ref idref="fl-c"/>
      </object_component>
      <object_component id="oc-4c1">
         <name>.text:SimpleLink_Init_Start</name>
         <load_address>0xbffa</load_address>
         <run_address>0xbffa</run_address>
         <size>0x30</size>
         <input_file_ref idref="fl-1c"/>
      </object_component>
      <object_component id="oc-6b3">
         <name>.text:setStateDimmer</name>
         <load_address>0xc02a</load_address>
         <run_address>0xc02a</run_address>
         <size>0x30</size>
         <input_file_ref idref="fl-1a"/>
      </object_component>
      <object_component id="oc-573">
         <name>.text:update_socket_active_status</name>
         <load_address>0xc05a</load_address>
         <run_address>0xc05a</run_address>
         <size>0x30</size>
         <input_file_ref idref="fl-20"/>
      </object_component>
      <object_component id="oc-4b7">
         <name>.text:SpiOpen</name>
         <load_address>0xc08a</load_address>
         <run_address>0xc08a</run_address>
         <size>0x2e</size>
         <input_file_ref idref="fl-1b"/>
      </object_component>
      <object_component id="oc-441">
         <name>.text:hci_command_send</name>
         <load_address>0xc0b8</load_address>
         <run_address>0xc0b8</run_address>
         <size>0x2e</size>
         <input_file_ref idref="fl-1f"/>
      </object_component>
      <object_component id="oc-1b8">
         <name>.text:initReadCurrent</name>
         <load_address>0xc0e6</load_address>
         <run_address>0xc0e6</run_address>
         <size>0x2e</size>
         <input_file_ref idref="fl-19"/>
      </object_component>
      <object_component id="oc-516">
         <name>.text:toggleControl</name>
         <load_address>0xc114</load_address>
         <run_address>0xc114</run_address>
         <size>0x2e</size>
         <input_file_ref idref="fl-1a"/>
      </object_component>
      <object_component id="oc-181">
         <name>.text:SpiTriggerRxProcessing</name>
         <load_address>0xc142</load_address>
         <run_address>0xc142</run_address>
         <size>0x2c</size>
         <input_file_ref idref="fl-1b"/>
      </object_component>
      <object_component id="oc-2ec">
         <name>.text:configDHCP</name>
         <load_address>0xc16e</load_address>
         <run_address>0xc16e</run_address>
         <size>0x2c</size>
         <input_file_ref idref="fl-22"/>
      </object_component>
      <object_component id="oc-19a">
         <name>.text:initDriver</name>
         <load_address>0xc19a</load_address>
         <run_address>0xc19a</run_address>
         <size>0x2c</size>
         <input_file_ref idref="fl-22"/>
      </object_component>
      <object_component id="oc-43c">
         <name>.text:UINT32_TO_STREAM_f</name>
         <load_address>0xc1c6</load_address>
         <run_address>0xc1c6</run_address>
         <size>0x28</size>
         <input_file_ref idref="fl-21"/>
      </object_component>
      <object_component id="oc-1d6">
         <name>.text:callback_ledTimer</name>
         <load_address>0xc1ee</load_address>
         <run_address>0xc1ee</run_address>
         <size>0x26</size>
         <input_file_ref idref="fl-6"/>
      </object_component>
      <object_component id="oc-4f0">
         <name>.text:GetState</name>
         <load_address>0xc214</load_address>
         <run_address>0xc214</run_address>
         <size>0x24</size>
         <input_file_ref idref="fl-b"/>
      </object_component>
      <object_component id="oc-3bd">
         <name>.text:initDevice_dimmer</name>
         <load_address>0xc238</load_address>
         <run_address>0xc238</run_address>
         <size>0x24</size>
         <input_file_ref idref="fl-a"/>
      </object_component>
      <object_component id="oc-1db">
         <name>.text:initLedTimer</name>
         <load_address>0xc25c</load_address>
         <run_address>0xc25c</run_address>
         <size>0x24</size>
         <input_file_ref idref="fl-19"/>
      </object_component>
      <object_component id="oc-200">
         <name>.text:receivePackets</name>
         <load_address>0xc280</load_address>
         <run_address>0xc280</run_address>
         <size>0x24</size>
         <input_file_ref idref="fl-22"/>
      </object_component>
      <object_component id="oc-a6">
         <name>.text:_isr:IntGPIOHandler</name>
         <load_address>0xc2a4</load_address>
         <run_address>0xc2a4</run_address>
         <size>0x22</size>
         <input_file_ref idref="fl-19"/>
      </object_component>
      <object_component id="oc-2f6">
         <name>.text:connectToServer</name>
         <load_address>0xc2c6</load_address>
         <run_address>0xc2c6</run_address>
         <size>0x22</size>
         <input_file_ref idref="fl-2"/>
      </object_component>
      <object_component id="oc-223">
         <name>.text:do_event_payloadReceived</name>
         <load_address>0xc2e8</load_address>
         <run_address>0xc2e8</run_address>
         <size>0x22</size>
         <input_file_ref idref="fl-3"/>
      </object_component>
      <object_component id="oc-662">
         <name>.text</name>
         <load_address>0xc30a</load_address>
         <run_address>0xc30a</run_address>
         <size>0x22</size>
         <input_file_ref idref="fl-5b"/>
      </object_component>
      <object_component id="oc-391">
         <name>.text:wlan_stop</name>
         <load_address>0xc32c</load_address>
         <run_address>0xc32c</run_address>
         <size>0x22</size>
         <input_file_ref idref="fl-1c"/>
      </object_component>
      <object_component id="oc-278">
         <name>.text:init_spi</name>
         <load_address>0xc34e</load_address>
         <run_address>0xc34e</run_address>
         <size>0x20</size>
         <input_file_ref idref="fl-1b"/>
      </object_component>
      <object_component id="oc-ba">
         <name>.text:main</name>
         <load_address>0xc36e</load_address>
         <run_address>0xc36e</run_address>
         <size>0x20</size>
         <input_file_ref idref="fl-e"/>
      </object_component>
      <object_component id="oc-421">
         <name>.text:netapp_ipconfig</name>
         <load_address>0xc38e</load_address>
         <run_address>0xc38e</run_address>
         <size>0x20</size>
         <input_file_ref idref="fl-64"/>
      </object_component>
      <object_component id="oc-4f3">
         <name>.text:IsStateChange</name>
         <load_address>0xc3ae</load_address>
         <run_address>0xc3ae</run_address>
         <size>0x1e</size>
         <input_file_ref idref="fl-b"/>
      </object_component>
      <object_component id="oc-462">
         <name>.text:controlCommsReceive</name>
         <load_address>0xc3cc</load_address>
         <run_address>0xc3cc</run_address>
         <size>0x1c</size>
         <input_file_ref idref="fl-7"/>
      </object_component>
      <object_component id="oc-1d1">
         <name>.text:initDimmerTimer</name>
         <load_address>0xc3e8</load_address>
         <run_address>0xc3e8</run_address>
         <size>0x1c</size>
         <input_file_ref idref="fl-19"/>
      </object_component>
      <object_component id="oc-71">
         <name>.text:_isr:_c_int00_noexit</name>
         <load_address>0xc404</load_address>
         <run_address>0xc404</run_address>
         <size>0x1a</size>
         <input_file_ref idref="fl-3e"/>
      </object_component>
      <object_component id="oc-230">
         <name>.text:getTimeElapsed</name>
         <load_address>0xc41e</load_address>
         <run_address>0xc41e</run_address>
         <size>0x1a</size>
         <input_file_ref idref="fl-b"/>
      </object_component>
      <object_component id="oc-467">
         <name>.text:infoCommsReceive</name>
         <load_address>0xc438</load_address>
         <run_address>0xc438</run_address>
         <size>0x1a</size>
         <input_file_ref idref="fl-7"/>
      </object_component>
      <object_component id="oc-122">
         <name>.text:initNetwork</name>
         <load_address>0xc452</load_address>
         <run_address>0xc452</run_address>
         <size>0x1a</size>
         <input_file_ref idref="fl-2"/>
      </object_component>
      <object_component id="oc-1bd">
         <name>.text:initTIMER0</name>
         <load_address>0xc46c</load_address>
         <run_address>0xc46c</run_address>
         <size>0x1a</size>
         <input_file_ref idref="fl-19"/>
      </object_component>
      <object_component id="oc-2ab">
         <name>.text:next</name>
         <load_address>0xc486</load_address>
         <run_address>0xc486</run_address>
         <size>0x1a</size>
         <input_file_ref idref="fl-d"/>
      </object_component>
      <object_component id="oc-a1">
         <name>.text:_isr:TIMER2_A1_ISR</name>
         <load_address>0xc4a0</load_address>
         <run_address>0xc4a0</run_address>
         <size>0x18</size>
         <input_file_ref idref="fl-19"/>
      </object_component>
      <object_component id="oc-1b3">
         <name>.text:callback_readCurrent</name>
         <load_address>0xc4b8</load_address>
         <run_address>0xc4b8</run_address>
         <size>0x18</size>
         <input_file_ref idref="fl-6"/>
      </object_component>
      <object_component id="oc-45b">
         <name>.text:pop</name>
         <load_address>0xc4d0</load_address>
         <run_address>0xc4d0</run_address>
         <size>0x18</size>
         <input_file_ref idref="fl-c"/>
      </object_component>
      <object_component id="oc-313">
         <name>.text:receiveComms</name>
         <load_address>0xc4e8</load_address>
         <run_address>0xc4e8</run_address>
         <size>0x18</size>
         <input_file_ref idref="fl-7"/>
      </object_component>
      <object_component id="oc-cf">
         <name>.text:_isr:TIMER0_B1_ISR</name>
         <load_address>0xc500</load_address>
         <run_address>0xc500</run_address>
         <size>0x16</size>
         <input_file_ref idref="fl-19"/>
      </object_component>
      <object_component id="oc-ab">
         <name>.text:_isr:TIMER1_A1_ISR</name>
         <load_address>0xc516</load_address>
         <run_address>0xc516</run_address>
         <size>0x16</size>
         <input_file_ref idref="fl-19"/>
      </object_component>
      <object_component id="oc-228">
         <name>.text:do_event_payloadToSend</name>
         <load_address>0xc52c</load_address>
         <run_address>0xc52c</run_address>
         <size>0x16</size>
         <input_file_ref idref="fl-3"/>
      </object_component>
      <object_component id="oc-33e">
         <name>.text:initClk</name>
         <load_address>0xc542</load_address>
         <run_address>0xc542</run_address>
         <size>0x16</size>
         <input_file_ref idref="fl-1a"/>
      </object_component>
      <object_component id="oc-1c7">
         <name>.text:initHearbeatTimer</name>
         <load_address>0xc558</load_address>
         <run_address>0xc558</run_address>
         <size>0x16</size>
         <input_file_ref idref="fl-19"/>
      </object_component>
      <object_component id="oc-717">
         <name>.text:llabs</name>
         <load_address>0xc56e</load_address>
         <run_address>0xc56e</run_address>
         <size>0x16</size>
         <input_file_ref idref="fl-5f"/>
      </object_component>
      <object_component id="oc-786">
         <name>.text</name>
         <load_address>0xc584</load_address>
         <run_address>0xc584</run_address>
         <size>0x16</size>
         <input_file_ref idref="fl-43"/>
      </object_component>
      <object_component id="oc-733">
         <name>.text</name>
         <load_address>0xc59a</load_address>
         <run_address>0xc59a</run_address>
         <size>0x16</size>
         <input_file_ref idref="fl-5a"/>
      </object_component>
      <object_component id="oc-256">
         <name>.text:STREAM_TO_UINT16_f</name>
         <load_address>0xc5b0</load_address>
         <run_address>0xc5b0</run_address>
         <size>0x14</size>
         <input_file_ref idref="fl-21"/>
      </object_component>
      <object_component id="oc-219">
         <name>.text:callCloseSocket</name>
         <load_address>0xc5c4</load_address>
         <run_address>0xc5c4</run_address>
         <size>0x14</size>
         <input_file_ref idref="fl-22"/>
      </object_component>
      <object_component id="oc-46f">
         <name>.text:getLanConfig</name>
         <load_address>0xc5d8</load_address>
         <run_address>0xc5d8</run_address>
         <size>0x14</size>
         <input_file_ref idref="fl-2"/>
      </object_component>
      <object_component id="oc-1a1">
         <name>.text:memset</name>
         <load_address>0xc5ec</load_address>
         <run_address>0xc5ec</run_address>
         <size>0x14</size>
         <input_file_ref idref="fl-58"/>
      </object_component>
      <object_component id="oc-113">
         <name>.text:SSIContReadOperation</name>
         <load_address>0xc600</load_address>
         <run_address>0xc600</run_address>
         <size>0x12</size>
         <input_file_ref idref="fl-1b"/>
      </object_component>
      <object_component id="oc-446">
         <name>.text:SimpleLinkWaitEvent</name>
         <load_address>0xc612</load_address>
         <run_address>0xc612</run_address>
         <size>0x12</size>
         <input_file_ref idref="fl-20"/>
      </object_component>
      <object_component id="oc-543">
         <name>.text:__mspabi_fixdu</name>
         <load_address>0xc624</load_address>
         <run_address>0xc624</run_address>
         <size>0x12</size>
         <input_file_ref idref="fl-49"/>
      </object_component>
      <object_component id="oc-ca">
         <name>.text:_isr:ADC10_ISR</name>
         <load_address>0xc636</load_address>
         <run_address>0xc636</run_address>
         <size>0x12</size>
         <input_file_ref idref="fl-19"/>
      </object_component>
      <object_component id="oc-c5">
         <name>.text:_isr:TIMER0_A1_ISR</name>
         <load_address>0xc648</load_address>
         <run_address>0xc648</run_address>
         <size>0x12</size>
         <input_file_ref idref="fl-19"/>
      </object_component>
      <object_component id="oc-1ac">
         <name>.text:createTypeDevice</name>
         <load_address>0xc65a</load_address>
         <run_address>0xc65a</run_address>
         <size>0x12</size>
         <input_file_ref idref="fl-8"/>
      </object_component>
      <object_component id="oc-426">
         <name>.text:memcpy</name>
         <load_address>0xc66c</load_address>
         <run_address>0xc66c</run_address>
         <size>0x12</size>
         <input_file_ref idref="fl-56"/>
      </object_component>
      <object_component id="oc-453">
         <name>.text:pushReceive</name>
         <load_address>0xc67e</load_address>
         <run_address>0xc67e</run_address>
         <size>0x12</size>
         <input_file_ref idref="fl-c"/>
      </object_component>
      <object_component id="oc-4f8">
         <name>.text:pushTransmit</name>
         <load_address>0xc690</load_address>
         <run_address>0xc690</run_address>
         <size>0x12</size>
         <input_file_ref idref="fl-c"/>
      </object_component>
      <object_component id="oc-3d1">
         <name>.text:timer2_Execute_dimmer</name>
         <load_address>0xc6a2</load_address>
         <run_address>0xc6a2</run_address>
         <size>0x12</size>
         <input_file_ref idref="fl-a"/>
      </object_component>
      <object_component id="oc-1eb">
         <name>.text:updateAsyncEvent</name>
         <load_address>0xc6b4</load_address>
         <run_address>0xc6b4</run_address>
         <size>0x12</size>
         <input_file_ref idref="fl-22"/>
      </object_component>
      <object_component id="oc-4d3">
         <name>.text:SpiClose</name>
         <load_address>0xc6c6</load_address>
         <run_address>0xc6c6</run_address>
         <size>0x10</size>
         <input_file_ref idref="fl-1b"/>
      </object_component>
      <object_component id="oc-592">
         <name>.text:UINT16_TO_STREAM_f</name>
         <load_address>0xc6d6</load_address>
         <run_address>0xc6d6</run_address>
         <size>0x10</size>
         <input_file_ref idref="fl-21"/>
      </object_component>
      <object_component id="oc-359">
         <name>.text:WriteWlanPin</name>
         <load_address>0xc6e6</load_address>
         <run_address>0xc6e6</run_address>
         <size>0x10</size>
         <input_file_ref idref="fl-18"/>
      </object_component>
      <object_component id="oc-5ea">
         <name>.text:l_lsl</name>
         <load_address>0xc6f6</load_address>
         <run_address>0xc6f6</run_address>
         <size>0x10</size>
         <input_file_ref idref="fl-54"/>
      </object_component>
      <object_component id="oc-73f">
         <name>.text:l_lsr</name>
         <load_address>0xc706</load_address>
         <run_address>0xc706</run_address>
         <size>0x10</size>
         <input_file_ref idref="fl-55"/>
      </object_component>
      <object_component id="oc-10d">
         <name>.text:SpiReadHeader</name>
         <load_address>0xc716</load_address>
         <run_address>0xc716</run_address>
         <size>0xe</size>
         <input_file_ref idref="fl-1b"/>
      </object_component>
      <object_component id="oc-4b2">
         <name>.text:SpiReceiveHandler</name>
         <load_address>0xc724</load_address>
         <run_address>0xc724</run_address>
         <size>0xe</size>
         <input_file_ref idref="fl-1c"/>
      </object_component>
      <object_component id="oc-8d">
         <name>.text:decompress:rle24:__TI_decompress_rle24</name>
         <load_address>0xc732</load_address>
         <run_address>0xc732</run_address>
         <size>0xe</size>
         <input_file_ref idref="fl-40"/>
      </object_component>
      <object_component id="oc-525">
         <name>.text:disableDimmer</name>
         <load_address>0xc740</load_address>
         <run_address>0xc740</run_address>
         <size>0xe</size>
         <input_file_ref idref="fl-1a"/>
      </object_component>
      <object_component id="oc-343">
         <name>.text:initLEDs</name>
         <load_address>0xc74e</load_address>
         <run_address>0xc74e</run_address>
         <size>0xe</size>
         <input_file_ref idref="fl-1a"/>
      </object_component>
      <object_component id="oc-30e">
         <name>.text:popReceive</name>
         <load_address>0xc75c</load_address>
         <run_address>0xc75c</run_address>
         <size>0xe</size>
         <input_file_ref idref="fl-c"/>
      </object_component>
      <object_component id="oc-319">
         <name>.text:popTransmit</name>
         <load_address>0xc76a</load_address>
         <run_address>0xc76a</run_address>
         <size>0xe</size>
         <input_file_ref idref="fl-c"/>
      </object_component>
      <object_component id="oc-559">
         <name>.text:resetDimmerTimer</name>
         <load_address>0xc778</load_address>
         <run_address>0xc778</run_address>
         <size>0xe</size>
         <input_file_ref idref="fl-1a"/>
      </object_component>
      <object_component id="oc-409">
         <name>.text:strlen</name>
         <load_address>0xc786</load_address>
         <run_address>0xc786</run_address>
         <size>0xe</size>
         <input_file_ref idref="fl-5d"/>
      </object_component>
      <object_component id="oc-235">
         <name>.text:toggleLed</name>
         <load_address>0xc794</load_address>
         <run_address>0xc794</run_address>
         <size>0xe</size>
         <input_file_ref idref="fl-1a"/>
      </object_component>
      <object_component id="oc-23f">
         <name>.text:turnLedOff</name>
         <load_address>0xc7a2</load_address>
         <run_address>0xc7a2</run_address>
         <size>0xe</size>
         <input_file_ref idref="fl-1a"/>
      </object_component>
      <object_component id="oc-23a">
         <name>.text:turnLedOn</name>
         <load_address>0xc7b0</load_address>
         <run_address>0xc7b0</run_address>
         <size>0xe</size>
         <input_file_ref idref="fl-1a"/>
      </object_component>
      <object_component id="oc-51b">
         <name>.text:getCurrentStateDimmer</name>
         <load_address>0xc7be</load_address>
         <run_address>0xc7be</run_address>
         <size>0xc</size>
         <input_file_ref idref="fl-1a"/>
      </object_component>
      <object_component id="oc-16f">
         <name>.text:RXBufferIsEmpty</name>
         <load_address>0xc7ca</load_address>
         <run_address>0xc7ca</run_address>
         <size>0xa</size>
         <input_file_ref idref="fl-1b"/>
      </object_component>
      <object_component id="oc-34a">
         <name>.text:ReadWlanInterruptPin</name>
         <load_address>0xc7d4</load_address>
         <run_address>0xc7d4</run_address>
         <size>0xa</size>
         <input_file_ref idref="fl-18"/>
      </object_component>
      <object_component id="oc-599">
         <name>.text:SimpleLinkWaitData</name>
         <load_address>0xc7de</load_address>
         <run_address>0xc7de</run_address>
         <size>0xa</size>
         <input_file_ref idref="fl-20"/>
      </object_component>
      <object_component id="oc-16a">
         <name>.text:TXBufferIsEmpty</name>
         <load_address>0xc7e8</load_address>
         <run_address>0xc7e8</run_address>
         <size>0xa</size>
         <input_file_ref idref="fl-1b"/>
      </object_component>
      <object_component id="oc-34f">
         <name>.text:WlanInterruptEnable</name>
         <load_address>0xc7f2</load_address>
         <run_address>0xc7f2</run_address>
         <size>0xa</size>
         <input_file_ref idref="fl-18"/>
      </object_component>
      <object_component id="oc-b0">
         <name>.text:_system_pre_init</name>
         <load_address>0xc7fc</load_address>
         <run_address>0xc7fc</run_address>
         <size>0xa</size>
         <input_file_ref idref="fl-22"/>
      </object_component>
      <object_component id="oc-1cc">
         <name>.text:callback_dimmerTimer</name>
         <load_address>0xc806</load_address>
         <run_address>0xc806</run_address>
         <size>0xa</size>
         <input_file_ref idref="fl-6"/>
      </object_component>
      <object_component id="oc-214">
         <name>.text:do_event_socket_connected</name>
         <load_address>0xc810</load_address>
         <run_address>0xc810</run_address>
         <size>0xa</size>
         <input_file_ref idref="fl-2"/>
      </object_component>
      <object_component id="oc-1a7">
         <name>.text:readAppSwitch</name>
         <load_address>0xc81a</load_address>
         <run_address>0xc81a</run_address>
         <size>0xa</size>
         <input_file_ref idref="fl-1a"/>
      </object_component>
      <object_component id="oc-5ee">
         <name>.text</name>
         <load_address>0xc824</load_address>
         <run_address>0xc824</run_address>
         <size>0xa</size>
         <input_file_ref idref="fl-53"/>
      </object_component>
      <object_component id="oc-36d">
         <name>.text:sendBootLoaderPatch</name>
         <load_address>0xc82e</load_address>
         <run_address>0xc82e</run_address>
         <size>0xa</size>
         <input_file_ref idref="fl-22"/>
      </object_component>
      <object_component id="oc-368">
         <name>.text:sendDriverPatch</name>
         <load_address>0xc838</load_address>
         <run_address>0xc838</run_address>
         <size>0xa</size>
         <input_file_ref idref="fl-22"/>
      </object_component>
      <object_component id="oc-363">
         <name>.text:sendWLFWPatch</name>
         <load_address>0xc842</load_address>
         <run_address>0xc842</run_address>
         <size>0xa</size>
         <input_file_ref idref="fl-22"/>
      </object_component>
      <object_component id="oc-2a6">
         <name>.text:setValue</name>
         <load_address>0xc84c</load_address>
         <run_address>0xc84c</run_address>
         <size>0xa</size>
         <input_file_ref idref="fl-d"/>
      </object_component>
      <object_component id="oc-1fa">
         <name>.text:socketclosed</name>
         <load_address>0xc856</load_address>
         <run_address>0xc856</run_address>
         <size>0xa</size>
         <input_file_ref idref="fl-22"/>
      </object_component>
      <object_component id="oc-1f0">
         <name>.text:wifiConnected</name>
         <load_address>0xc860</load_address>
         <run_address>0xc860</run_address>
         <size>0xa</size>
         <input_file_ref idref="fl-22"/>
      </object_component>
      <object_component id="oc-1c2">
         <name>.text:callback_heartbeatTimer</name>
         <load_address>0xc86a</load_address>
         <run_address>0xc86a</run_address>
         <size>0x8</size>
         <input_file_ref idref="fl-6"/>
      </object_component>
      <object_component id="oc-21e">
         <name>.text:do_event_packetsReceived</name>
         <load_address>0xc872</load_address>
         <run_address>0xc872</run_address>
         <size>0x8</size>
         <input_file_ref idref="fl-2"/>
      </object_component>
      <object_component id="oc-52f">
         <name>.text:enableDimmer</name>
         <load_address>0xc87a</load_address>
         <run_address>0xc87a</run_address>
         <size>0x8</size>
         <input_file_ref idref="fl-1a"/>
      </object_component>
      <object_component id="oc-3a3">
         <name>.text:initDevice_outlet</name>
         <load_address>0xc882</load_address>
         <run_address>0xc882</run_address>
         <size>0x8</size>
         <input_file_ref idref="fl-9"/>
      </object_component>
      <object_component id="oc-511">
         <name>.text:setCurrentStateDimmerOn</name>
         <load_address>0xc88a</load_address>
         <run_address>0xc88a</run_address>
         <size>0x8</size>
         <input_file_ref idref="fl-1a"/>
      </object_component>
      <object_component id="oc-25c">
         <name>.text:SpiPauseSpi</name>
         <load_address>0xc892</load_address>
         <run_address>0xc892</run_address>
         <size>0x6</size>
         <input_file_ref idref="fl-1b"/>
      </object_component>
      <object_component id="oc-3fc">
         <name>.text:SpiResumeSpi</name>
         <load_address>0xc898</load_address>
         <run_address>0xc898</run_address>
         <size>0x6</size>
         <input_file_ref idref="fl-1b"/>
      </object_component>
      <object_component id="oc-354">
         <name>.text:WlanInterruptDisable</name>
         <load_address>0xc89e</load_address>
         <run_address>0xc89e</run_address>
         <size>0x6</size>
         <input_file_ref idref="fl-18"/>
      </object_component>
      <object_component id="oc-534">
         <name>.text:__mspabi_fltud</name>
         <load_address>0xc8a4</load_address>
         <run_address>0xc8a4</run_address>
         <size>0x6</size>
         <input_file_ref idref="fl-4b"/>
      </object_component>
      <object_component id="oc-195">
         <name>.text:getDeviceInfoState</name>
         <load_address>0xc8aa</load_address>
         <run_address>0xc8aa</run_address>
         <size>0x6</size>
         <input_file_ref idref="fl-5"/>
      </object_component>
      <object_component id="oc-2a1">
         <name>.text:getValueCurrentVolt</name>
         <load_address>0xc8b0</load_address>
         <run_address>0xc8b0</run_address>
         <size>0x6</size>
         <input_file_ref idref="fl-1a"/>
      </object_component>
      <object_component id="oc-4fd">
         <name>.text:getValues</name>
         <load_address>0xc8b6</load_address>
         <run_address>0xc8b6</run_address>
         <size>0x6</size>
         <input_file_ref idref="fl-d"/>
      </object_component>
      <object_component id="oc-1e0">
         <name>.text:initCommunication</name>
         <load_address>0xc8bc</load_address>
         <run_address>0xc8bc</run_address>
         <size>0x6</size>
         <input_file_ref idref="fl-3"/>
      </object_component>
      <object_component id="oc-1e5">
         <name>.text:init_bis_register</name>
         <load_address>0xc8c2</load_address>
         <run_address>0xc8c2</run_address>
         <size>0x6</size>
         <input_file_ref idref="fl-1a"/>
      </object_component>
      <object_component id="oc-131">
         <name>.text:notify</name>
         <load_address>0xc8c8</load_address>
         <run_address>0xc8c8</run_address>
         <size>0x6</size>
         <input_file_ref idref="fl-4"/>
      </object_component>
      <object_component id="oc-52a">
         <name>.text:setDimmerTime</name>
         <load_address>0xc8ce</load_address>
         <run_address>0xc8ce</run_address>
         <size>0x6</size>
         <input_file_ref idref="fl-1a"/>
      </object_component>
      <object_component id="oc-4ea">
         <name>.text:setHeartbeatTime</name>
         <load_address>0xc8d4</load_address>
         <run_address>0xc8d4</run_address>
         <size>0x6</size>
         <input_file_ref idref="fl-1a"/>
      </object_component>
      <object_component id="oc-97">
         <name>.text:_isr:Trap_ISR</name>
         <load_address>0xc8da</load_address>
         <run_address>0xc8da</run_address>
         <size>0x4</size>
         <input_file_ref idref="fl-18"/>
      </object_component>
      <object_component id="oc-bf">
         <name>.text:abort</name>
         <load_address>0xc8de</load_address>
         <run_address>0xc8de</run_address>
         <size>0x4</size>
         <input_file_ref idref="fl-48"/>
      </object_component>
      <object_component id="oc-20f">
         <name>.text:do_event_wifi_disconnected</name>
         <load_address>0xc8e2</load_address>
         <run_address>0xc8e2</run_address>
         <size>0x4</size>
         <input_file_ref idref="fl-2"/>
      </object_component>
      <object_component id="oc-63a">
         <name>.text:_nop</name>
         <load_address>0xc8e6</load_address>
         <run_address>0xc8e6</run_address>
         <size>0x2</size>
         <input_file_ref idref="fl-5e"/>
      </object_component>
      <object_component id="oc-3b7">
         <name>.text:timer2_Execute_outlet</name>
         <load_address>0xc8e8</load_address>
         <run_address>0xc8e8</run_address>
         <size>0x2</size>
         <input_file_ref idref="fl-9"/>
      </object_component>
      <object_component id="oc-804">
         <name>.cinit..data.load</name>
         <load_address>0xc8ea</load_address>
         <run_address>0xc8ea</run_address>
         <size>0x4d</size>
      </object_component>
      <object_component id="oc-801">
         <name>__TI_handler_table</name>
         <load_address>0xc938</load_address>
         <run_address>0xc938</run_address>
         <size>0xc</size>
      </object_component>
      <object_component id="oc-803">
         <name>.cinit..bss.load</name>
         <load_address>0xc944</load_address>
         <run_address>0xc944</run_address>
         <size>0x6</size>
      </object_component>
      <object_component id="oc-802">
         <name>__TI_cinit_table</name>
         <load_address>0xc94a</load_address>
         <run_address>0xc94a</run_address>
         <size>0x10</size>
      </object_component>
      <object_component id="oc-68">
         <name>.int41</name>
         <load_address>0xffd2</load_address>
         <run_address>0xffd2</run_address>
         <size>0x2</size>
         <input_file_ref idref="fl-18"/>
      </object_component>
      <object_component id="oc-69">
         <name>.int42</name>
         <load_address>0xffd4</load_address>
         <run_address>0xffd4</run_address>
         <size>0x2</size>
         <input_file_ref idref="fl-1b"/>
      </object_component>
      <object_component id="oc-6a">
         <name>.int43</name>
         <load_address>0xffd6</load_address>
         <run_address>0xffd6</run_address>
         <size>0x2</size>
         <input_file_ref idref="fl-19"/>
      </object_component>
      <object_component id="oc-6b">
         <name>.int44</name>
         <load_address>0xffd8</load_address>
         <run_address>0xffd8</run_address>
         <size>0x2</size>
         <input_file_ref idref="fl-18"/>
      </object_component>
      <object_component id="oc-6c">
         <name>.int45</name>
         <load_address>0xffda</load_address>
         <run_address>0xffda</run_address>
         <size>0x2</size>
         <input_file_ref idref="fl-18"/>
      </object_component>
      <object_component id="oc-6d">
         <name>.int46</name>
         <load_address>0xffdc</load_address>
         <run_address>0xffdc</run_address>
         <size>0x2</size>
         <input_file_ref idref="fl-18"/>
      </object_component>
      <object_component id="oc-6e">
         <name>.int47</name>
         <load_address>0xffde</load_address>
         <run_address>0xffde</run_address>
         <size>0x2</size>
         <input_file_ref idref="fl-19"/>
      </object_component>
      <object_component id="oc-6f">
         <name>.int48</name>
         <load_address>0xffe0</load_address>
         <run_address>0xffe0</run_address>
         <size>0x2</size>
         <input_file_ref idref="fl-19"/>
      </object_component>
      <object_component id="oc-70">
         <name>.int49</name>
         <load_address>0xffe2</load_address>
         <run_address>0xffe2</run_address>
         <size>0x2</size>
         <input_file_ref idref="fl-18"/>
      </object_component>
      <object_component id="oc-76">
         <name>.int50</name>
         <load_address>0xffe4</load_address>
         <run_address>0xffe4</run_address>
         <size>0x2</size>
         <input_file_ref idref="fl-18"/>
      </object_component>
      <object_component id="oc-77">
         <name>.int51</name>
         <load_address>0xffe6</load_address>
         <run_address>0xffe6</run_address>
         <size>0x2</size>
         <input_file_ref idref="fl-18"/>
      </object_component>
      <object_component id="oc-78">
         <name>.int52</name>
         <load_address>0xffe8</load_address>
         <run_address>0xffe8</run_address>
         <size>0x2</size>
         <input_file_ref idref="fl-19"/>
      </object_component>
      <object_component id="oc-79">
         <name>.int53</name>
         <load_address>0xffea</load_address>
         <run_address>0xffea</run_address>
         <size>0x2</size>
         <input_file_ref idref="fl-18"/>
      </object_component>
      <object_component id="oc-7a">
         <name>.int54</name>
         <load_address>0xffec</load_address>
         <run_address>0xffec</run_address>
         <size>0x2</size>
         <input_file_ref idref="fl-19"/>
      </object_component>
      <object_component id="oc-7b">
         <name>.int55</name>
         <load_address>0xffee</load_address>
         <run_address>0xffee</run_address>
         <size>0x2</size>
         <input_file_ref idref="fl-18"/>
      </object_component>
      <object_component id="oc-7c">
         <name>.int56</name>
         <load_address>0xfff0</load_address>
         <run_address>0xfff0</run_address>
         <size>0x2</size>
         <input_file_ref idref="fl-18"/>
      </object_component>
      <object_component id="oc-7d">
         <name>.int57</name>
         <load_address>0xfff2</load_address>
         <run_address>0xfff2</run_address>
         <size>0x2</size>
         <input_file_ref idref="fl-18"/>
      </object_component>
      <object_component id="oc-7e">
         <name>.int58</name>
         <load_address>0xfff4</load_address>
         <run_address>0xfff4</run_address>
         <size>0x2</size>
         <input_file_ref idref="fl-19"/>
      </object_component>
      <object_component id="oc-7f">
         <name>.int59</name>
         <load_address>0xfff6</load_address>
         <run_address>0xfff6</run_address>
         <size>0x2</size>
         <input_file_ref idref="fl-18"/>
      </object_component>
      <object_component id="oc-80">
         <name>.int60</name>
         <load_address>0xfff8</load_address>
         <run_address>0xfff8</run_address>
         <size>0x2</size>
         <input_file_ref idref="fl-18"/>
      </object_component>
      <object_component id="oc-81">
         <name>.int61</name>
         <load_address>0xfffa</load_address>
         <run_address>0xfffa</run_address>
         <size>0x2</size>
         <input_file_ref idref="fl-18"/>
      </object_component>
      <object_component id="oc-82">
         <name>.int62</name>
         <load_address>0xfffc</load_address>
         <run_address>0xfffc</run_address>
         <size>0x2</size>
         <input_file_ref idref="fl-18"/>
      </object_component>
      <object_component id="oc-94">
         <name>.reset</name>
         <load_address>0xfffe</load_address>
         <run_address>0xfffe</run_address>
         <size>0x2</size>
         <input_file_ref idref="fl-3e"/>
      </object_component>
      <object_component id="oc-307">
         <name>.common:requestBuffer</name>
         <uninitialized>true</uninitialized>
[...]
         <value>0xc860</value>
         <object_component_ref idref="oc-1f0"/>
      </symbol>
      <symbol id="sm-957">
         <name>initDriver</name>
         <value>0xc19a</value>
         <object_component_ref idref="oc-19a"/>
      </symbol>
      <symbol id="sm-958">
         <name>socketclosed</name>
         <value>0xc856</value>
         <object_component_ref idref="oc-1fa"/>
      </symbol>
      <symbol id="sm-959">
         <name>configDHCP</name>
         <value>0xc16e</value>
         <object_component_ref idref="oc-2ec"/>
      </symbol>
      <symbol id="sm-95a">
         <name>connectWifi</name>
         <value>0xb9a4</value>
         <object_component_ref idref="oc-2d7"/>
      </symbol>
      <symbol id="sm-95b">
         <name>initCC3000</name>
         <value>0x9c76</value>
         <object_component_ref idref="oc-27d"/>
      </symbol>
      <symbol id="sm-95c">
         <name>CC3000_UsynchCallback</name>
         <value>0xac60</value>
         <object_component_ref idref="oc-35e"/>
      </symbol>
      <symbol id="sm-95d">
         <name>_system_pre_init</name>
         <value>0xc7fc</value>
         <object_component_ref idref="oc-b0"/>
      </symbol>
      <symbol id="sm-95e">
         <name>sendBootLoaderPatch</name>
         <value>0xc82e</value>
         <object_component_ref idref="oc-36d"/>
      </symbol>
      <symbol id="sm-95f">
         <name>sendPackets</name>
         <value>0xb81e</value>
         <object_component_ref idref="oc-474"/>
      </symbol>
      <symbol id="sm-966">
         <name>__mspabi_sral_15</name>
         <value>0xbbda</value>
         <object_component_ref idref="oc-666"/>
      </symbol>
      <symbol id="sm-967">
         <name>__mspabi_sral_14</name>
         <value>0xbbde</value>
         <object_component_ref idref="oc-666"/>
      </symbol>
      <symbol id="sm-968">
         <name>__mspabi_sral_13</name>
         <value>0xbbe2</value>
         <object_component_ref idref="oc-666"/>
      </symbol>
      <symbol id="sm-969">
         <name>__mspabi_sral_12</name>
         <value>0xbbe6</value>
         <object_component_ref idref="oc-666"/>
      </symbol>
      <symbol id="sm-96a">
         <name>__mspabi_sral_11</name>
         <value>0xbbea</value>
         <object_component_ref idref="oc-666"/>
      </symbol>
      <symbol id="sm-96b">
         <name>__mspabi_sral_10</name>
         <value>0xbbee</value>
         <object_component_ref idref="oc-666"/>
      </symbol>
      <symbol id="sm-96c">
         <name>__mspabi_sral_8</name>
         <value>0xbbf6</value>
         <object_component_ref idref="oc-666"/>
      </symbol>
      <symbol id="sm-96d">
         <name>__mspabi_sral_9</name>
         <value>0xbbf2</value>
         <object_component_ref idref="oc-666"/>
      </symbol>
      <symbol id="sm-96e">
         <name>__mspabi_sral_6</name>
         <value>0xbbfe</value>
         <object_component_ref idref="oc-666"/>
      </symbol>
      <symbol id="sm-96f">
         <name>__mspabi_sral_7</name>
         <value>0xbbfa</value>
         <object_component_ref idref="oc-666"/>
      </symbol>
      <symbol id="sm-970">
         <name>__mspabi_sral_4</name>
         <value>0xbc06</value>
         <object_component_ref idref="oc-666"/>
      </symbol>
      <symbol id="sm-971">
         <name>__mspabi_sral_5</name>
         <value>0xbc02</value>
         <object_component_ref idref="oc-666"/>
      </symbol>
      <symbol id="sm-972">
         <name>__mspabi_sral_2</name>
         <value>0xbc0e</value>
         <object_component_ref idref="oc-666"/>
      </symbol>
      <symbol id="sm-973">
         <name>__mspabi_sral_3</name>
         <value>0xbc0a</value>
         <object_component_ref idref="oc-666"/>
      </symbol>
      <symbol id="sm-974">
         <name>__mspabi_sral_1</name>
         <value>0xbc12</value>
         <object_component_ref idref="oc-666"/>
      </symbol>
      <symbol id="sm-982">
         <name>_c_int00_noexit</name>
         <value>0xc404</value>
         <object_component_ref idref="oc-71"/>
      </symbol>
      <symbol id="sm-983">
         <name>_c_int00</name>
         <value>0xc404</value>
         <object_component_ref idref="oc-71"/>
      </symbol>
      <symbol id="sm-984">
         <name>_stack</name>
         <value>0x3360</value>
         <object_component_ref idref="oc-92"/>
      </symbol>
      <symbol id="sm-985">
         <name>_reset_vector</name>
         <value>0xfffe</value>
         <object_component_ref idref="oc-94"/>
      </symbol>
      <symbol id="sm-995">
         <name>__TI_decompress_none</name>
         <value>0xbc94</value>
         <object_component_ref idref="oc-83"/>
      </symbol>
      <symbol id="sm-9b7">
         <name>__TI_decompress_rle24</name>
         <value>0xc732</value>
         <object_component_ref idref="oc-8d"/>
      </symbol>
      <symbol id="sm-9c9">
         <name>__TI_zero_init</name>
         <value>0xbb9c</value>
         <object_component_ref idref="oc-88"/>
      </symbol>
      <symbol id="sm-9d3">
         <name>__memcpy_far</name>
         <value>0xb964</value>
         <object_component_ref idref="oc-d4"/>
      </symbol>
      <symbol id="sm-9dc">
         <name>__mspabi_remu</name>
         <value>0xc584</value>
         <object_component_ref idref="oc-786"/>
      </symbol>
      <symbol id="sm-9dd">
         <name>__mspabi_divu</name>
         <value>0xc584</value>
         <object_component_ref idref="oc-786"/>
      </symbol>
      <symbol id="sm-9e8">
         <name>__mspabi_remli</name>
         <value>0xba64</value>
         <object_component_ref idref="oc-66a"/>
      </symbol>
      <symbol id="sm-9e9">
         <name>__mspabi_divli</name>
         <value>0xba64</value>
         <object_component_ref idref="oc-66a"/>
      </symbol>
      <symbol id="sm-9f6">
         <name>__mspabi_remul</name>
         <value>0xb3be</value>
         <object_component_ref idref="oc-725"/>
      </symbol>
      <symbol id="sm-9f7">
         <name>__mspabi_divul</name>
         <value>0xb3be</value>
         <object_component_ref idref="oc-725"/>
      </symbol>
      <symbol id="sm-a1c">
         <name>__mspabi_divd</name>
         <value>0x936c</value>
         <object_component_ref idref="oc-539"/>
      </symbol>
      <symbol id="sm-a22">
         <name>_Errno</name>
         <value>0x2190</value>
         <object_component_ref idref="oc-44b"/>
      </symbol>
      <symbol id="sm-a2b">
         <name>C$$EXIT</name>
         <value>0xc8de</value>
         <object_component_ref idref="oc-bf"/>
      </symbol>
      <symbol id="sm-a2c">
         <name>abort</name>
         <value>0xc8de</value>
         <object_component_ref idref="oc-bf"/>
      </symbol>
      <symbol id="sm-a39">
         <name>__mspabi_fixdu</name>
         <value>0xc624</value>
         <object_component_ref idref="oc-543"/>
      </symbol>
      <symbol id="sm-a4b">
         <name>__mspabi_fixdul</name>
         <value>0xace6</value>
         <object_component_ref idref="oc-6ab"/>
      </symbol>
      <symbol id="sm-a56">
         <name>__mspabi_fltud</name>
         <value>0xc8a4</value>
         <object_component_ref idref="oc-534"/>
      </symbol>
      <symbol id="sm-a6a">
         <name>__mspabi_fltuld</name>
         <value>0xad68</value>
         <object_component_ref idref="oc-691"/>
      </symbol>
      <symbol id="sm-a84">
         <name>__TI_frcdivd</name>
         <value>0x8000</value>
         <object_component_ref idref="oc-698"/>
      </symbol>
      <symbol id="sm-a95">
         <name>__mspabi_divf</name>
         <value>0xab48</value>
         <object_component_ref idref="oc-672"/>
      </symbol>
      <symbol id="sm-aa3">
         <name>__mspabi_fltlif</name>
         <value>0xb5f6</value>
         <object_component_ref idref="oc-66e"/>
      </symbol>
      <symbol id="sm-ab9">
         <name>__mspabi_mpyf</name>
         <value>0xa50e</value>
         <object_component_ref idref="oc-676"/>
      </symbol>
      <symbol id="sm-acb">
         <name>__mspabi_fixfli</name>
         <value>0xadea</value>
         <object_component_ref idref="oc-67a"/>
      </symbol>
      <symbol id="sm-b2e">
         <name>__mspabi_divlli</name>
         <value>0x99fe</value>
         <object_component_ref idref="oc-65d"/>
      </symbol>
      <symbol id="sm-b2f">
         <name>__mspabi_srlll</name>
         <value>0xbb20</value>
         <object_component_ref idref="oc-773"/>
      </symbol>
      <symbol id="sm-b30">
         <name>__mspabi_srall</name>
         <value>0xb6ce</value>
         <object_component_ref idref="oc-658"/>
      </symbol>
      <symbol id="sm-b31">
         <name>__mspabi_sllll</name>
         <value>0xbae2</value>
         <object_component_ref idref="oc-76e"/>
      </symbol>
      <symbol id="sm-b32">
         <name>__mspabi_divull</name>
         <value>0x884a</value>
         <object_component_ref idref="oc-71c"/>
      </symbol>
      <symbol id="sm-b3a">
         <name>__mspabi_slli</name>
         <value>0xc824</value>
         <object_component_ref idref="oc-5ee"/>
      </symbol>
      <symbol id="sm-b48">
         <name>__mspabi_slll_9</name>
         <value>0xbc30</value>
         <object_component_ref idref="oc-6bc"/>
      </symbol>
      <symbol id="sm-b49">
         <name>__mspabi_slll_8</name>
         <value>0xbc34</value>
         <object_component_ref idref="oc-6bc"/>
      </symbol>
      <symbol id="sm-b4a">
         <name>__mspabi_slll_7</name>
         <value>0xbc38</value>
         <object_component_ref idref="oc-6bc"/>
      </symbol>
      <symbol id="sm-b4b">
         <name>__mspabi_slll_6</name>
         <value>0xbc3c</value>
         <object_component_ref idref="oc-6bc"/>
      </symbol>
      <symbol id="sm-b4c">
         <name>__mspabi_slll_5</name>
         <value>0xbc40</value>
         <object_component_ref idref="oc-6bc"/>
      </symbol>
      <symbol id="sm-b4d">
         <name>__mspabi_slll_4</name>
         <value>0xbc44</value>
         <object_component_ref idref="oc-6bc"/>
      </symbol>
      <symbol id="sm-b4e">
         <name>__mspabi_slll_3</name>
         <value>0xbc48</value>
         <object_component_ref idref="oc-6bc"/>
      </symbol>
      <symbol id="sm-b4f">
         <name>__mspabi_slll_2</name>
         <value>0xbc4c</value>
         <object_component_ref idref="oc-6bc"/>
      </symbol>
      <symbol id="sm-b50">
         <name>__mspabi_slll_1</name>
         <value>0xbc50</value>
         <object_component_ref idref="oc-6bc"/>
      </symbol>
      <symbol id="sm-b51">
         <name>__mspabi_slll</name>
         <value>0xc6f6</value>
         <object_component_ref idref="oc-5ea"/>
      </symbol>
      <symbol id="sm-b52">
         <name>__mspabi_slll_15</name>
         <value>0xbc18</value>
         <object_component_ref idref="oc-6bc"/>
      </symbol>
      <symbol id="sm-b53">
         <name>__mspabi_slll_14</name>
         <value>0xbc1c</value>
         <object_component_ref idref="oc-6bc"/>
      </symbol>
      <symbol id="sm-b54">
         <name>__mspabi_slll_13</name>
         <value>0xbc20</value>
         <object_component_ref idref="oc-6bc"/>
      </symbol>
      <symbol id="sm-b55">
         <name>__mspabi_slll_12</name>
         <value>0xbc24</value>
         <object_component_ref idref="oc-6bc"/>
      </symbol>
      <symbol id="sm-b56">
         <name>__mspabi_slll_11</name>
         <value>0xbc28</value>
         <object_component_ref idref="oc-6bc"/>
      </symbol>
      <symbol id="sm-b57">
         <name>__mspabi_slll_10</name>
         <value>0xbc2c</value>
         <object_component_ref idref="oc-6bc"/>
      </symbol>
      <symbol id="sm-b65">
         <name>__mspabi_srll_8</name>
         <value>0xbc72</value>
         <object_component_ref idref="oc-5d5"/>
      </symbol>
      <symbol id="sm-b66">
         <name>__mspabi_srll_9</name>
         <value>0xbc6e</value>
         <object_component_ref idref="oc-5d5"/>
      </symbol>
      <symbol id="sm-b67">
         <name>__mspabi_srll_6</name>
         <value>0xbc7a</value>
         <object_component_ref idref="oc-5d5"/>
      </symbol>
      <symbol id="sm-b68">
         <name>__mspabi_srll_7</name>
         <value>0xbc76</value>
         <object_component_ref idref="oc-5d5"/>
      </symbol>
      <symbol id="sm-b69">
         <name>__mspabi_srll_4</name>
         <value>0xbc82</value>
         <object_component_ref idref="oc-5d5"/>
      </symbol>
      <symbol id="sm-b6a">
         <name>__mspabi_srll_5</name>
         <value>0xbc7e</value>
         <object_component_ref idref="oc-5d5"/>
      </symbol>
      <symbol id="sm-b6b">
         <name>__mspabi_srll_2</name>
         <value>0xbc8a</value>
         <object_component_ref idref="oc-5d5"/>
      </symbol>
      <symbol id="sm-b6c">
         <name>__mspabi_srll_3</name>
         <value>0xbc86</value>
         <object_component_ref idref="oc-5d5"/>
      </symbol>
      <symbol id="sm-b6d">
         <name>__mspabi_srll_1</name>
         <value>0xbc8e</value>
         <object_component_ref idref="oc-5d5"/>
      </symbol>
      <symbol id="sm-b6e">
         <name>__mspabi_srll_15</name>
         <value>0xbc56</value>
         <object_component_ref idref="oc-5d5"/>
      </symbol>
      <symbol id="sm-b6f">
         <name>__mspabi_srll_14</name>
         <value>0xbc5a</value>
         <object_component_ref idref="oc-5d5"/>
      </symbol>
      <symbol id="sm-b70">
         <name>__mspabi_srll_13</name>
         <value>0xbc5e</value>
         <object_component_ref idref="oc-5d5"/>
      </symbol>
      <symbol id="sm-b71">
         <name>__mspabi_srll_12</name>
         <value>0xbc62</value>
         <object_component_ref idref="oc-5d5"/>
      </symbol>
      <symbol id="sm-b72">
         <name>__mspabi_srll_11</name>
         <value>0xbc66</value>
         <object_component_ref idref="oc-5d5"/>
      </symbol>
      <symbol id="sm-b73">
         <name>__mspabi_srll_10</name>
         <value>0xbc6a</value>
         <object_component_ref idref="oc-5d5"/>
      </symbol>
      <symbol id="sm-b74">
         <name>__mspabi_srll</name>
         <value>0xc706</value>
         <object_component_ref idref="oc-73f"/>
      </symbol>
      <symbol id="sm-b81">
         <name>memcpy</name>
         <value>0xc66c</value>
         <object_component_ref idref="oc-426"/>
      </symbol>
      <symbol id="sm-bb8">
         <name>_sys_memory</name>
         <value>0x2194</value>
         <object_component_ref idref="oc-95"/>
      </symbol>
      <symbol id="sm-bb9">
         <name>malloc</name>
         <value>0xa678</value>
         <object_component_ref idref="oc-39e"/>
      </symbol>
      <symbol id="sm-bba">
         <name>minit</name>
         <value>0xbd80</value>
         <object_component_ref idref="oc-4e1"/>
      </symbol>
      <symbol id="sm-bc7">
         <name>memset</name>
         <value>0xc5ec</value>
         <object_component_ref idref="oc-1a1"/>
      </symbol>
      <symbol id="sm-be7">
         <name>__mspabi_mpyd</name>
         <value>0x9128</value>
         <object_component_ref idref="oc-53e"/>
      </symbol>
      <symbol id="sm-bee">
         <name>__mspabi_mpyi_f5hw</name>
         <value>0xc59a</value>
         <object_component_ref idref="oc-733"/>
      </symbol>
      <symbol id="sm-bf5">
         <name>__mspabi_mpyl_f5hw</name>
         <value>0xc30a</value>
         <object_component_ref idref="oc-662"/>
      </symbol>
      <symbol id="sm-bfc">
         <name>__mspabi_mpyll_f5hw</name>
         <value>0xb2b2</value>
         <object_component_ref idref="oc-654"/>
      </symbol>
      <symbol id="sm-c08">
         <name>strlen</name>
         <value>0xc786</value>
         <object_component_ref idref="oc-409"/>
      </symbol>
      <symbol id="sm-c17">
         <name>_nop</name>
         <value>0xc8e6</value>
         <object_component_ref idref="oc-63a"/>
      </symbol>
      <symbol id="sm-c18">
         <name>_lock</name>
         <value>0x2154</value>
         <object_component_ref idref="oc-4dd"/>
      </symbol>
      <symbol id="sm-c19">
         <name>_unlock</name>
         <value>0x2158</value>
         <object_component_ref idref="oc-4dd"/>
      </symbol>
      <symbol id="sm-c22">
         <name>llabs</name>
         <value>0xc56e</value>
         <object_component_ref idref="oc-717"/>
      </symbol>
      <symbol id="sm-c38">
         <name>_auto_init</name>
         <value>0xb038</value>
         <object_component_ref idref="oc-b5"/>
      </symbol>
      <symbol id="sm-c48">
         <name>__TI_frcmpyd</name>
         <value>0x8bd8</value>
         <object_component_ref idref="oc-6a4"/>
      </symbol>
      <symbol id="sm-c9d">
         <name>send</name>
         <value>0xbcd0</value>
         <object_component_ref idref="oc-60c"/>
      </symbol>
      <symbol id="sm-c9e">
         <name>socket</name>
         <value>0xb0a8</value>
         <object_component_ref idref="oc-5b2"/>
      </symbol>
      <symbol id="sm-c9f">
         <name>recv</name>
         <value>0xbd0c</value>
         <object_component_ref idref="oc-2e2"/>
      </symbol>
      <symbol id="sm-ca0">
         <name>connect</name>
         <value>0xaa28</value>
         <object_component_ref idref="oc-5cf"/>
      </symbol>
      <symbol id="sm-ca1">
         <name>simple_link_send</name>
         <value>0x9584</value>
         <object_component_ref idref="oc-706"/>
      </symbol>
      <symbol id="sm-ca2">
         <name>simple_link_recv</name>
         <value>0xabd6</value>
         <object_component_ref idref="oc-414"/>
      </symbol>
      <symbol id="sm-ca3">
         <name>HostFlowControlConsumeBuff</name>
         <value>0xb560</value>
         <object_component_ref idref="oc-75f"/>
      </symbol>
      <symbol id="sm-ca4">
         <name>setsockopt</name>
         <value>0xa5c4</value>
         <object_component_ref idref="oc-5bb"/>
      </symbol>
      <symbol id="sm-ca5">
         <name>closesocket</name>
         <value>0xb416</value>
         <object_component_ref idref="oc-300"/>
      </symbol>
      <symbol id="sm-ccc">
         <name>netapp_dhcp</name>
         <value>0xa71e</value>
         <object_component_ref idref="oc-37c"/>
      </symbol>
      <symbol id="sm-ccd">
         <name>netapp_timeout_values</name>
         <value>0x9e80</value>
         <object_component_ref idref="oc-41b"/>
      </symbol>
      <symbol id="sm-cce">
         <name>netapp_ipconfig</name>
         <value>0xc38e</value>
         <object_component_ref idref="oc-421"/>
      </symbol>
      <symbol id="sm-ccf">
         <name>__TI_exit</name>
         <value>0x1</value>
      </symbol>
      <symbol id="sm-cd0">
         <name>__TI_args_main</name>
         <value>0x1</value>
      </symbol>
      <symbol id="sm-cd1">
         <name>__TI_INITARRAY_Base</name>
         <value>0x0</value>
      </symbol>
      <symbol id="sm-cd2">
         <name>__TI_INITARRAY_Limit</name>
         <value>0x0</value>
      </symbol>
      <symbol id="sm-cd5">
         <name>do_event_socket_disconnected</name>
         <value>0xc5c4</value>
      </symbol>
      <symbol id="sm-cd6">
         <name>sendPayLoad</name>
         <value>0xb81e</value>
      </symbol>
   </symbol_table>
   <title>Link successful</title>
</link_info>
