******************************************************************************
                  MSP430 Linker PC v4.1.2                      
******************************************************************************
>> Linked Wed Dec 04 04:46:54 2013

OUTPUT FILE NAME:   <CurubaDevice.out>
ENTRY POINT SYMBOL: "_c_int00"  address: 0000bafc


MEMORY CONFIGURATION

         name            origin    length      used     unused   attr    fill
----------------------  --------  ---------  --------  --------  ----  --------
  SFR                   00000000   00000010  00000000  00000010  RWIX
  PERIPHERALS_8BIT      00000010   000000f0  00000000  000000f0  RWIX
  PERIPHERALS_16BIT     00000100   00000100  00000000  00000100  RWIX
  INFOD                 00001800   00000080  00000000  00000080  RWIX
  INFOC                 00001880   00000080  00000000  00000080  RWIX
  INFOB                 00001900   00000080  00000000  00000080  RWIX
  INFOA                 00001980   00000080  00000000  00000080  RWIX
  RAM                   00001c00   00001800  000004e2  0000131e  RWIX
  FLASH                 00008000   00007f80  00003de8  00004198  RWIX
  INT00                 0000ff80   00000002  00000000  00000002  RWIX
  INT01                 0000ff82   00000002  00000000  00000002  RWIX
  INT02                 0000ff84   00000002  00000000  00000002  RWIX
  INT03                 0000ff86   00000002  00000000  00000002  RWIX
  INT04                 0000ff88   00000002  00000000  00000002  RWIX
  INT05                 0000ff8a   00000002  00000000  00000002  RWIX
  INT06                 0000ff8c   00000002  00000000  00000002  RWIX
  INT07                 0000ff8e   00000002  00000000  00000002  RWIX
  INT08                 0000ff90   00000002  00000000  00000002  RWIX
  INT09                 0000ff92   00000002  00000000  00000002  RWIX
  INT10                 0000ff94   00000002  00000000  00000002  RWIX
  INT11                 0000ff96   00000002  00000000  00000002  RWIX
  INT12                 0000ff98   00000002  00000000  00000002  RWIX
  INT13                 0000ff9a   00000002  00000000  00000002  RWIX
  INT14                 0000ff9c   00000002  00000000  00000002  RWIX
  INT15                 0000ff9e   00000002  00000000  00000002  RWIX
  INT16                 0000ffa0   00000002  00000000  00000002  RWIX
  INT17                 0000ffa2   00000002  00000000  00000002  RWIX
  INT18                 0000ffa4   00000002  00000000  00000002  RWIX
  INT19                 0000ffa6   00000002  00000000  00000002  RWIX
  INT20                 0000ffa8   00000002  00000000  00000002  RWIX
  INT21                 0000ffaa   00000002  00000000  00000002  RWIX
  INT22                 0000ffac   00000002  00000000  00000002  RWIX
  INT23                 0000ffae   00000002  00000000  00000002  RWIX
  INT24                 0000ffb0   00000002  00000000  00000002  RWIX
  INT25                 0000ffb2   00000002  00000000  00000002  RWIX
  INT26                 0000ffb4   00000002  00000000  00000002  RWIX
  INT27                 0000ffb6   00000002  00000000  00000002  RWIX
  INT28                 0000ffb8   00000002  00000000  00000002  RWIX
  INT29                 0000ffba   00000002  00000000  00000002  RWIX
  INT30                 0000ffbc   00000002  00000000  00000002  RWIX
  INT31                 0000ffbe   00000002  00000000  00000002  RWIX
  INT32                 0000ffc0   00000002  00000000  00000002  RWIX
  INT33                 0000ffc2   00000002  00000000  00000002  RWIX
  INT34                 0000ffc4   00000002  00000000  00000002  RWIX
  INT35                 0000ffc6   00000002  00000000  00000002  RWIX
  INT36                 0000ffc8   00000002  00000000  00000002  RWIX
  INT37                 0000ffca   00000002  00000000  00000002  RWIX
  INT38                 0000ffcc   00000002  00000000  00000002  RWIX
  INT39                 0000ffce   00000002  00000000  00000002  RWIX
  INT40                 0000ffd0   00000002  00000000  00000002  RWIX
  INT41                 0000ffd2   00000002  00000000  00000002  RWIX
  INT42                 0000ffd4   00000002  00000002  00000000  RWIX
  INT43                 0000ffd6   00000002  00000002  00000000  RWIX
  INT44                 0000ffd8   00000002  00000002  00000000  RWIX
  INT45                 0000ffda   00000002  00000000  00000002  RWIX
  INT46                 0000ffdc   00000002  00000000  00000002  RWIX
  INT47                 0000ffde   00000002  00000002  00000000  RWIX
  INT48                 0000ffe0   00000002  00000002  00000000  RWIX
  INT49                 0000ffe2   00000002  00000000  00000002  RWIX
  INT50                 0000ffe4   00000002  00000000  00000002  RWIX
  INT51                 0000ffe6   00000002  00000000  00000002  RWIX
  INT52                 0000ffe8   00000002  00000002  00000000  RWIX
  INT53                 0000ffea   00000002  00000000  00000002  RWIX
  INT54                 0000ffec   00000002  00000002  00000000  RWIX
  INT55                 0000ffee   00000002  00000000  00000002  RWIX
  INT56                 0000fff0   00000002  00000000  00000002  RWIX
  INT57                 0000fff2   00000002  00000000  00000002  RWIX
  INT58                 0000fff4   00000002  00000002  00000000  RWIX
  INT59                 0000fff6   00000002  00000000  00000002  RWIX
  INT60                 0000fff8   00000002  00000000  00000002  RWIX
  INT61                 0000fffa   00000002  00000000  00000002  RWIX
  INT62                 0000fffc   00000002  00000000  00000002  RWIX
  RESET                 0000fffe   00000002  00000002  00000000  RWIX


SECTION ALLOCATION MAP

 output                                  attributes/
section   page    origin      length       input sections
--------  ----  ----------  ----------   ----------------
.init_array 
*          0    00008000    00000000     UNINITIALIZED

.bss       0    00001c00    0000033a     UNINITIALIZED
                  00001c00    00000118     CC3000 Spi.lib : spi.obj (.bss)
                  00001d18    000000ec     wifi.obj (.bss)
                  00001e04    000000a0     CommsManager.obj (.bss)
                  00001ea4    00000092     CC3000HostDriver.lib : wlan.obj (.bss)
                  00001f36    00000004     domumapp.obj (.bss)

.TI.noinit 
*          0    00001c00    00000000     UNINITIALIZED

.data      0    00001f3a    00000108     
                  00001f3a    00000080     domumapp.obj (.data:Tab_ADC10)
                  00001fba    00000032     domumapp.obj (.data)
                  00001fec    00000020     domumapp.obj (.data:devices)
                  0000200c    0000000c     CommsManager.obj (.data)
                  00002018    0000000c     wifi.obj (.data:SSIDKey)
                  00002024    00000009     wifi.obj (.data:SSIDName)
                  0000202d    00000001     --HOLE--
                  0000202e    00000005     CC3000 Spi.lib : spi.obj (.data:tSpiReadHeader)
                  00002033    00000001     --HOLE--
                  00002034    00000004     CC3000HostDriver.lib : evnt_handler.obj (.data)
                  00002038    00000004     wifi.obj (.data:DSServerIP)
                  0000203c    00000002     wifi.obj (.data:DSServerPort)
                  0000203e    00000002     main.obj (.data)
                  00002040    00000002     rts430x_lc_sd_eabi.lib : errno.obj (.data)

.TI.persistent 
*          0    00001f3a    00000000     UNINITIALIZED

.stack     0    00003360    000000a0     UNINITIALIZED
                  00003360    00000002     rts430x_lc_sd_eabi.lib : boot.obj (.stack)
                  00003362    0000009e     --HOLE--

.text      0    00008000    00003d7c     
                  00008000    00000444     rts430x_lc_sd_eabi.lib : frcdivd.obj (.text:_frcdivd)
                  00008444    00000406     CC3000HostDriver.lib : evnt_handler.obj (.text:hci_event_handler)
                  0000884a    000002da     rts430x_lc_sd_eabi.lib : frcmpyd.obj (.text:_frcmpyd)
                  00008b24    00000276     CC3000HostDriver.lib : evnt_handler.obj (.text:hci_unsol_event_handler)
                  00008d9a    00000244     rts430x_lc_sd_eabi.lib : mpyd.obj (.text:__mspabi_mpyd)
                  00008fde    00000218                            : divd.obj (.text:__mspabi_divd)
                  000091f6    000001ca     CC3000HostDriver.lib : socket.obj (.text:simple_link_send)
                  000093c0    000001c8     domumapp.obj (.text:ControlCommsReceive)
                  00009588    0000019a     wifi.obj (.text:connectNetwork)
                  00009722    00000196     domumapp.obj (.text:ComputationWattHour)
                  000098b8    00000172     wifi.obj (.text:payloadToSend)
                  00009a2a    0000015c     CC3000HostDriver.lib : wlan.obj (.text:wlan_connect)
                  00009b86    00000120     wifi.obj (.text:initCC3000)
                  00009ca6    000000f4     CC3000HostDriver.lib : netapp.obj (.text:netapp_timeout_values)
                  00009d9a    000000dc                          : hci.obj (.text:hci_patch_send)
                  00009e76    000000d6     rts430x_lc_sd_eabi.lib : copy_decompress_rle.obj (.text:__TI_decompress_rle_core)
                  00009f4c    000000d4     CC3000 Board.lib : board.obj (.text:SetVCoreUp)
                  0000a020    000000ca     CC3000 Spi.lib : spi.obj (.text:SpiWrite)
                  0000a0ea    000000c8     main.obj (.text:main)
                  0000a1b2    000000c6     CC3000 Board.lib : board.obj (.text:Init_FLL)
                  0000a278    000000c0     CC3000HostDriver.lib : socket.obj (.text:setsockopt)
                  0000a338    000000b6                          : evnt_handler.obj (.text:hci_unsol_handle_patch_request)
                  0000a3ee    000000b6     rts430x_lc_sd_eabi.lib : fs_mpy.obj (.text)
                  0000a4a4    000000a0                            : fltlid.obj (.text:__mspabi_fltlid)
                  0000a544    000000a0     CC3000HostDriver.lib : netapp.obj (.text:netapp_dhcp)
                  0000a5e4    0000009e                          : wlan.obj (.text:wlan_start)
                  0000a682    0000009c     domumapp.obj (.text:ChangeIO)
                  0000a71e    0000009a     CC3000 Board.lib : board.obj (.text:SetVCoreDown)
                  0000a7b8    0000009a     wifi.obj (.text:initSocketComm)
                  0000a852    00000098     CC3000 Board.lib : board.obj (.text:pio_init)
                  0000a8ea    00000096     wifi.obj (.text:payloadReceived)
                  0000a980    00000090     CC3000HostDriver.lib : socket.obj (.text:connect)
                  0000aa10    0000008e     rts430x_lc_sd_eabi.lib : fs_div.obj (.text)
                  0000aa9e    0000008e     CC3000HostDriver.lib : socket.obj (.text:simple_link_recv)
                  0000ab2c    00000088     wifi.obj (.text:CC3000_UsynchCallback)
                  0000abb4    00000082     rts430x_lc_sd_eabi.lib : fixdul.obj (.text:__mspabi_fixdul)
                  0000ac36    0000007e                            : fs_tol.obj (.text)
                  0000acb4    00000076     domumapp.obj (.text:InitListComms)
                  0000ad2a    00000076     CC3000 Spi.lib : spi.obj (.text:SpiReadDataCont)
                  0000ada0    00000074     CC3000HostDriver.lib : wlan.obj (.text:wlan_set_event_mask)
                  0000ae14    0000006e     rts430x_lc_sd_eabi.lib : autoinit.obj (.text:_auto_init)
                  0000ae82    0000006e     CC3000HostDriver.lib : socket.obj (.text:socket)
                  0000aef0    0000006c     CC3000 Spi.lib : spi.obj (.text:_isr:IntSpiGPIOHandler)
                  0000af5c    0000005e     CC3000HostDriver.lib : evnt_handler.obj (.text:set_socket_active_status)
                  0000afba    0000005a                          : wlan.obj (.text:wlan_ioctl_set_connection_policy)
                  0000b014    00000058     rts430x_lc_sd_eabi.lib : div32u.obj (.text)
                  0000b06c    00000054     domumapp.obj (.text:InfoCommsReceive)
                  0000b0c0    00000050     domumapp.obj (.text:ADCRead)
                  0000b110    00000050     CC3000 Spi.lib : spi.obj (.text:SpiReadDataSynchronous)
                  0000b160    0000004c     CC3000HostDriver.lib : socket.obj (.text:HostFlowControlConsumeBuff)
                  0000b1ac    0000004a     CC3000 Spi.lib : spi.obj (.text:SpiFirstWrite)
                  0000b1f6    0000004a     rts430x_lc_sd_eabi.lib : fs_ltof.obj (.text)
                  0000b240    00000048     CC3000HostDriver.lib : hci.obj (.text:hci_data_send)
                  0000b288    00000044                          : wlan.obj (.text:wlan_ioctl_del_profile)
                  0000b2cc    00000040     CommsManager.obj (.text:Push)
                  0000b30c    00000040     CC3000HostDriver.lib : cc3000_common.obj (.text:STREAM_TO_UINT32_f)
                  0000b34c    00000040     CC3000 Board.lib : board.obj (.text:SetVCore)
                  0000b38c    00000040     rts430x_lc_sd_eabi.lib : cpy_util.obj (.text:__memcpy_far)
                  0000b3cc    00000040     CC3000HostDriver.lib : evnt_handler.obj (.text:get_socket_active_status)
                  0000b40c    00000040                          : evnt_handler.obj (.text:hci_event_unsol_flowcontrol_handler)
                  0000b44c    00000040     wifi.obj (.text:initCommunication)
                  0000b48c    00000040     rts430x_lc_sd_eabi.lib : div32s.obj (.text)
                  0000b4cc    0000003e                            : asr32.obj (.text:l_asr_const)
                  0000b50a    0000003e                            : lsl32.obj (.text:l_lsl_const)
                  0000b548    0000003e                            : lsr32.obj (.text:l_lsr_const)
                  0000b586    0000003c                            : copy_decompress_none.obj (.text:decompress:none:__TI_decompress_none)
                  0000b5c2    0000003c     CC3000HostDriver.lib : socket.obj (.text:send)
                  0000b5fe    0000003a                          : socket.obj (.text:recv)
                  0000b638    0000003a                          : wlan.obj (.text:wlan_init)
                  0000b672    00000038     rts430x_lc_sd_eabi.lib : copy_zero_init.obj (.text:decompress:ZI:__TI_zero_init)
                  0000b6aa    00000038     wifi.obj (.text:sendPayLoad)
                  0000b6e2    00000036     CC3000 Board.lib : board.obj (.text:Init_FLL_Settle)
                  0000b718    00000034     CC3000 Spi.lib : spi.obj (.text:SpiWriteDataSynchronous)
                  0000b74c    00000034     CC3000HostDriver.lib : evnt_handler.obj (.text:hci_unsolicited_event_handler)
                  0000b780    00000034     wifi.obj (.text:receivePayLoad)
                  0000b7b4    00000032     domumapp.obj (.text:_isr:ADC10_ISR)
                  0000b7e6    00000030     CC3000HostDriver.lib : wlan.obj (.text:SimpleLink_Init_Start)
                  0000b816    00000030                          : evnt_handler.obj (.text:update_socket_active_status)
                  0000b846    0000002e     CC3000 Spi.lib : spi.obj (.text:SpiOpen)
                  0000b874    0000002e     CC3000HostDriver.lib : hci.obj (.text:hci_command_send)
                  0000b8a2    0000002c     CC3000 Spi.lib : spi.obj (.text:SpiTriggerRxProcessing)
                  0000b8ce    0000002a     domumapp.obj (.text:InitADC10)
                  0000b8f8    0000002a     wifi.obj (.text:getTimeCollapse)
                  0000b922    00000028     domumapp.obj (.text:InitTIMER1)
                  0000b94a    00000028     CC3000HostDriver.lib : cc3000_common.obj (.text:UINT32_TO_STREAM_f)
                  0000b972    00000026     CommsManager.obj (.text:Pop)
                  0000b998    00000026     domumapp.obj (.text:_isr:TIMER2_A1_ISR)
                  0000b9be    00000024     domumapp.obj (.text:TimerStart)
                  0000b9e2    00000024     domumapp.obj (.text:TimerStop)
                  0000ba06    00000022     rts430x_lc_sd_eabi.lib : mult32_f5hw.obj (.text)
                  0000ba28    00000022     CC3000HostDriver.lib : wlan.obj (.text:wlan_stop)
                  0000ba4a    00000020     domumapp.obj (.text:GetState)
                  0000ba6a    00000020     CC3000 Spi.lib : spi.obj (.text:init_spi)
                  0000ba8a    00000020     CC3000HostDriver.lib : netapp.obj (.text:netapp_ipconfig)
                  0000baaa    0000001c     domumapp.obj (.text:_isr:IntGPIOHandler)
                  0000bac6    0000001c     wifi.obj (.text:initTIMERB0)
                  0000bae2    0000001a     domumapp.obj (.text:InitTIMER2)
                  0000bafc    0000001a     rts430x_lc_sd_eabi.lib : boot.obj (.text:_isr:_c_int00_noexit)
                  0000bb16    00000016     domumapp.obj (.text:InitTIMER0)
                  0000bb2c    00000016     wifi.obj (.text:_isr:TIMER0_B1_ISR)
                  0000bb42    00000016     CC3000 Board.lib : board.obj (.text:initClk)
                  0000bb58    00000016     rts430x_lc_sd_eabi.lib : div16u.obj (.text)
                  0000bb6e    00000016                            : mult16_f5hw.obj (.text)
                  0000bb84    00000014     CC3000HostDriver.lib : cc3000_common.obj (.text:STREAM_TO_UINT16_f)
                  0000bb98    00000014     wifi.obj (.text:initDriver)
                  0000bbac    00000014     rts430x_lc_sd_eabi.lib : memset.obj (.text:memset)
                  0000bbc0    00000012     CC3000 Spi.lib : spi.obj (.text:SSIContReadOperation)
                  0000bbd2    00000012     CC3000HostDriver.lib : evnt_handler.obj (.text:SimpleLinkWaitEvent)
                  0000bbe4    00000012     rts430x_lc_sd_eabi.lib : fixdu.obj (.text:__mspabi_fixdu)
                  0000bbf6    00000012     domumapp.obj (.text:_isr:TIMER0_A1_ISR)
                  0000bc08    00000012     rts430x_lc_sd_eabi.lib : memcpy.obj (.text:memcpy)
                  0000bc1a    00000012                            : strlen.obj (.text:strlen)
                  0000bc2c    00000010     CC3000 Spi.lib : spi.obj (.text:SpiClose)
                  0000bc3c    00000010     CC3000HostDriver.lib : cc3000_common.obj (.text:UINT16_TO_STREAM_f)
                  0000bc4c    00000010     CC3000 Board.lib : board.obj (.text:WriteWlanPin)
                  0000bc5c    00000010     rts430x_lc_sd_eabi.lib : lsl32.obj (.text:l_lsl)
                  0000bc6c    00000010                            : lsr32.obj (.text:l_lsr)
                  0000bc7c    0000000e     CC3000 Spi.lib : spi.obj (.text:SpiReadHeader)
                  0000bc8a    0000000e     CC3000HostDriver.lib : wlan.obj (.text:SpiReceiveHandler)
                  0000bc98    0000000e     domumapp.obj (.text:_isr:TIMER1_A1_ISR)
                  0000bca6    0000000e     rts430x_lc_sd_eabi.lib : copy_decompress_rle.obj (.text:decompress:rle24:__TI_decompress_rle24)
                  0000bcb4    0000000e     CC3000 Board.lib : board.obj (.text:initLEDs)
                  0000bcc2    0000000e                      : board.obj (.text:turnLedOn)
                  0000bcd0    0000000c     rts430x_lc_sd_eabi.lib : fltid.obj (.text:__mspabi_fltid)
                  0000bcdc    0000000a     CC3000 Spi.lib : spi.obj (.text:RXBufferIsEmpty)
                  0000bce6    0000000a     CC3000 Board.lib : board.obj (.text:ReadAppSwitch)
                  0000bcf0    0000000a                      : board.obj (.text:ReadWlanInterruptPin)
                  0000bcfa    0000000a     CC3000HostDriver.lib : evnt_handler.obj (.text:SimpleLinkWaitData)
                  0000bd04    0000000a     CC3000 Spi.lib : spi.obj (.text:TXBufferIsEmpty)
                  0000bd0e    0000000a     CC3000 Board.lib : board.obj (.text:WlanInterruptEnable)
                  0000bd18    0000000a     wifi.obj (.text:_system_pre_init)
                  0000bd22    0000000a     wifi.obj (.text:getCountValue)
                  0000bd2c    0000000a     rts430x_lc_sd_eabi.lib : lsl16.obj (.text)
                  0000bd36    0000000a     wifi.obj (.text:sendBootLoaderPatch)
                  0000bd40    0000000a     wifi.obj (.text:sendDriverPatch)
                  0000bd4a    0000000a     wifi.obj (.text:sendWLFWPatch)
                  0000bd54    00000008     wifi.obj (.text:StartTIMERB0)
                  0000bd5c    00000006     CC3000 Spi.lib : spi.obj (.text:SpiPauseSpi)
                  0000bd62    00000006                    : spi.obj (.text:SpiResumeSpi)
                  0000bd68    00000006     CC3000 Board.lib : board.obj (.text:WlanInterruptDisable)
                  0000bd6e    00000006                      : board.obj (.text:_isr:TIMER2_A0_ISR)
                  0000bd74    00000004                      : board.obj (.text:Trap_ISR)
                  0000bd78    00000004     rts430x_lc_sd_eabi.lib : exit.obj (.text:abort)

.cinit     0    0000bd7c    0000006c     
                  0000bd7c    00000049     (.cinit..data.load) [load image, compression = rle]
                  0000bdc5    00000001     --HOLE-- [fill = 0]
                  0000bdc6    0000000c     (__TI_handler_table)
                  0000bdd2    00000006     (.cinit..bss.load) [load image, compression = zero_init]
                  0000bdd8    00000010     (__TI_cinit_table)

PORT2      0    0000ffd4    00000002     
                  0000ffd4    00000002     CC3000 Spi.lib : spi.obj (.int42)

TIMER2_A1 
*          0    0000ffd6    00000002     
                  0000ffd6    00000002     domumapp.obj (.int43)

TIMER2_A0 
*          0    0000ffd8    00000002     
                  0000ffd8    00000002     CC3000 Board.lib : board.obj (.int44)

PORT1      0    0000ffde    00000002     
                  0000ffde    00000002     domumapp.obj (.int47)

TIMER1_A1 
*          0    0000ffe0    00000002     
                  0000ffe0    00000002     domumapp.obj (.int48)

TIMER0_A1 
*          0    0000ffe8    00000002     
                  0000ffe8    00000002     domumapp.obj (.int52)

ADC10      0    0000ffec    00000002     
                  0000ffec    00000002     domumapp.obj (.int54)

TIMER0_B1 
*          0    0000fff4    00000002     
                  0000fff4    00000002     wifi.obj (.int58)

.reset     0    0000fffe    00000002     
                  0000fffe    00000002     rts430x_lc_sd_eabi.lib : boot.obj (.reset)


LINKER GENERATED COPY TABLES

__TI_cinit_table @ 0000bdd8 records: 2, size/record: 8, table size: 16
	.data: load addr=0000bd7c, load size=00000049 bytes, run addr=00001f3a, run size=00000108 bytes, compression=rle
	.bss: load addr=0000bdd2, load size=00000006 bytes, run addr=00001c00, run size=0000033a bytes, compression=zero_init


LINKER GENERATED HANDLER TABLE

__TI_handler_table @ 0000bdc6 records: 3, size/record: 4, table size: 12
	index: 0, handler: __TI_zero_init
	index: 1, handler: __TI_decompress_rle24
	index: 2, handler: __TI_decompress_none


GLOBAL SYMBOLS: SORTED ALPHABETICALLY BY Name 

address    name
--------   ----
00000740   ADC10CTL0
00000741   ADC10CTL0_H
00000740   ADC10CTL0_L
00000742   ADC10CTL1
00000743   ADC10CTL1_H
00000742   ADC10CTL1_L
00000744   ADC10CTL2
00000745   ADC10CTL2_H
00000744   ADC10CTL2_L
00000748   ADC10HI
00000749   ADC10HI_H
00000748   ADC10HI_L
0000075a   ADC10IE
0000075b   ADC10IE_H
0000075a   ADC10IE_L
0000075c   ADC10IFG
0000075d   ADC10IFG_H
0000075c   ADC10IFG_L
0000075e   ADC10IV
0000075f   ADC10IV_H
0000075e   ADC10IV_L
00000746   ADC10LO
00000747   ADC10LO_H
00000746   ADC10LO_L
0000074a   ADC10MCTL0
0000074b   ADC10MCTL0_H
0000074a   ADC10MCTL0_L
00000752   ADC10MEM0
00000753   ADC10MEM0_H
00000752   ADC10MEM0_L
0000b7b4   ADC10_ISR
0000b0c0   ADCRead
00001f36   ADC_Result
0000bd78   C$$EXIT
000008c0   CBCTL0
000008c1   CBCTL0_H
000008c0   CBCTL0_L
000008c2   CBCTL1
000008c3   CBCTL1_H
000008c2   CBCTL1_L
000008c4   CBCTL2
000008c5   CBCTL2_H
000008c4   CBCTL2_L
000008c6   CBCTL3
000008c7   CBCTL3_H
000008c6   CBCTL3_L
000008cc   CBINT
000008cd   CBINT_H
000008cc   CBINT_L
000008ce   CBIV
0000ab2c   CC3000_UsynchCallback
00001dba   CC3000ipconfig
00000150   CRCDI
00000152   CRCDIRB
00000153   CRCDIRB_H
00000152   CRCDIRB_L
00000151   CRCDI_H
00000150   CRCDI_L
00000154   CRCINIRES
00000155   CRCINIRES_H
00000154   CRCINIRES_L
00000156   CRCRESR
00000157   CRCRESR_H
00000156   CRCRESR_L
0000a682   ChangeIO
00009722   ComputationWattHour
000093c0   ControlCommsReceive
00000510   DMA0CTL
00000511   DMA0CTL_H
00000510   DMA0CTL_L
00000516   DMA0DA
00000516   DMA0DAL
00000512   DMA0SA
00000512   DMA0SAL
0000051a   DMA0SZ
00000520   DMA1CTL
00000521   DMA1CTL_H
00000520   DMA1CTL_L
00000526   DMA1DA
00000526   DMA1DAL
00000522   DMA1SA
00000522   DMA1SAL
0000052a   DMA1SZ
00000530   DMA2CTL
00000531   DMA2CTL_H
00000530   DMA2CTL_L
00000536   DMA2DA
00000536   DMA2DAL
00000532   DMA2SA
00000532   DMA2SAL
0000053a   DMA2SZ
00000500   DMACTL0
00000501   DMACTL0_H
00000500   DMACTL0_L
00000502   DMACTL1
00000503   DMACTL1_H
00000502   DMACTL1_L
00000504   DMACTL2
00000505   DMACTL2_H
00000504   DMACTL2_L
00000506   DMACTL3
00000507   DMACTL3_H
00000506   DMACTL3_L
00000508   DMACTL4
00000509   DMACTL4_H
00000508   DMACTL4_L
0000050e   DMAIV
0000050f   DMAIV_H
0000050e   DMAIV_L
00002038   DSServerIP
0000203c   DSServerPort
00000140   FCTL1
00000141   FCTL1_H
00000140   FCTL1_L
00000144   FCTL3
00000145   FCTL3_H
00000144   FCTL3_L
00000146   FCTL4
00000147   FCTL4_H
00000146   FCTL4_L
0000ba4a   GetState
0000b160   HostFlowControlConsumeBuff
0000b06c   InfoCommsReceive
0000b8ce   InitADC10
0000acb4   InitListComms
0000bb16   InitTIMER0
0000b922   InitTIMER1
0000bae2   InitTIMER2
0000a1b2   Init_FLL
0000b6e2   Init_FLL_Settle
0000baaa   IntGPIOHandler
0000aef0   IntSpiGPIOHandler
00000900   LDOKEYPID
00000901   LDOKEYPID_H
00000900   LDOKEYPID_L
00000908   LDOPWRCTL
00000909   LDOPWRCTL_H
00000908   LDOPWRCTL_L
000004c4   MAC
000004da   MAC32H
000004db   MAC32H_H
000004da   MAC32H_L
000004d8   MAC32L
000004d9   MAC32L_H
000004d8   MAC32L_L
000004c6   MACS
000004de   MACS32H
000004df   MACS32H_H
000004de   MACS32H_L
000004dc   MACS32L
000004dd   MACS32L_H
000004dc   MACS32L_L
000004c7   MACS_H
000004c6   MACS_L
000004c5   MAC_H
000004c4   MAC_L
000004c0   MPY
000004ec   MPY32CTL0
000004ed   MPY32CTL0_H
000004ec   MPY32CTL0_L
000004d2   MPY32H
000004d3   MPY32H_H
000004d2   MPY32H_L
000004d0   MPY32L
000004d1   MPY32L_H
000004d0   MPY32L_L
000004c2   MPYS
000004d6   MPYS32H
000004d7   MPYS32H_H
000004d6   MPYS32H_L
000004d4   MPYS32L
000004d5   MPYS32L_H
000004d4   MPYS32L_L
000004c3   MPYS_H
000004c2   MPYS_L
000004c1   MPY_H
000004c0   MPY_L
000004c8   OP2
000004e2   OP2H
000004e3   OP2H_H
000004e2   OP2H_L
000004e0   OP2L
000004e1   OP2L_H
000004e0   OP2L_L
000004c9   OP2_H
000004c8   OP2_L
00001d8c   OkToDoShutDown
0000020e   P1IV
0000021e   P2IV
000001e0   P4MAP01
000001e1   P4MAP01_H
000001e0   P4MAP01_L
000001e2   P4MAP23
000001e3   P4MAP23_H
000001e2   P4MAP23_L
000001e4   P4MAP45
000001e5   P4MAP45_H
000001e4   P4MAP45_L
000001e6   P4MAP67
000001e7   P4MAP67_H
000001e6   P4MAP67_L
00000204   PADIR
00000205   PADIR_H
00000204   PADIR_L
00000208   PADS
00000209   PADS_H
00000208   PADS_L
0000021a   PAIE
00000218   PAIES
00000219   PAIES_H
00000218   PAIES_L
0000021b   PAIE_H
0000021a   PAIE_L
0000021c   PAIFG
0000021d   PAIFG_H
0000021c   PAIFG_L
00000200   PAIN
00000201   PAIN_H
00000200   PAIN_L
00000202   PAOUT
00000203   PAOUT_H
00000202   PAOUT_L
00000206   PAREN
00000207   PAREN_H
00000206   PAREN_L
0000020a   PASEL
0000020b   PASEL_H
0000020a   PASEL_L
00000224   PBDIR
00000225   PBDIR_H
00000224   PBDIR_L
00000228   PBDS
00000229   PBDS_H
00000228   PBDS_L
00000220   PBIN
00000221   PBIN_H
00000220   PBIN_L
00000222   PBOUT
00000223   PBOUT_H
00000222   PBOUT_L
00000226   PBREN
00000227   PBREN_H
00000226   PBREN_L
0000022a   PBSEL
0000022b   PBSEL_H
0000022a   PBSEL_L
00000244   PCDIR
00000245   PCDIR_H
00000244   PCDIR_L
00000248   PCDS
00000249   PCDS_H
00000248   PCDS_L
00000240   PCIN
00000241   PCIN_H
00000240   PCIN_L
00000242   PCOUT
00000243   PCOUT_H
00000242   PCOUT_L
00000246   PCREN
00000247   PCREN_H
00000246   PCREN_L
0000024a   PCSEL
0000024b   PCSEL_H
0000024a   PCSEL_L
00000324   PJDIR
00000325   PJDIR_H
00000324   PJDIR_L
00000328   PJDS
00000329   PJDS_H
00000328   PJDS_L
00000320   PJIN
00000321   PJIN_H
00000320   PJIN_L
00000322   PJOUT
00000323   PJOUT_H
00000322   PJOUT_L
00000326   PJREN
00000327   PJREN_H
00000326   PJREN_L
00000130   PM5CTL0
00000131   PM5CTL0_H
00000130   PM5CTL0_L
000001c2   PMAPCTL
000001c3   PMAPCTL_H
000001c2   PMAPCTL_L
000001c0   PMAPKEYID
000001c1   PMAPKEYID_H
000001c0   PMAPKEYID_L
00000120   PMMCTL0
00000121   PMMCTL0_H
00000120   PMMCTL0_L
00000122   PMMCTL1
00000123   PMMCTL1_H
00000122   PMMCTL1_L
0000012c   PMMIFG
0000012d   PMMIFG_H
0000012c   PMMIFG_L
0000012e   PMMRIE
0000012f   PMMRIE_H
0000012e   PMMRIE_L
00000904   PUCTL
00000905   PUCTL_H
00000904   PUCTL_L
0000b972   Pop
0000b2cc   Push
00000158   RCCTL0
00000159   RCCTL0_H
00000158   RCCTL0_L
000001b0   REFCTL0
000001b1   REFCTL0_H
000001b0   REFCTL0_L
000004e4   RES0
000004e5   RES0_H
000004e4   RES0_L
000004e6   RES1
000004e7   RES1_H
000004e6   RES1_L
000004e8   RES2
000004e9   RES2_H
000004e8   RES2_L
000004ea   RES3
000004eb   RES3_H
000004ea   RES3_L
000004cc   RESHI
000004cd   RESHI_H
000004cc   RESHI_L
000004ca   RESLO
000004cb   RESLO_H
000004ca   RESLO_L
000004ba   RTCADOWDAY
000004bb   RTCADOWDAY_H
000004ba   RTCADOWDAY_L
000004b8   RTCAMINHR
000004b9   RTCAMINHR_H
000004b8   RTCAMINHR_L
000004a0   RTCCTL01
000004a1   RTCCTL01_H
000004a0   RTCCTL01_L
000004a2   RTCCTL23
000004a3   RTCCTL23_H
000004a2   RTCCTL23_L
000004b4   RTCDATE
000004b5   RTCDATE_H
000004b4   RTCDATE_L
000004ae   RTCIV
000004ac   RTCPS
000004a8   RTCPS0CTL
000004a9   RTCPS0CTL_H
000004a8   RTCPS0CTL_L
000004aa   RTCPS1CTL
000004ab   RTCPS1CTL_H
000004aa   RTCPS1CTL_L
000004ad   RTCPS_H
000004ac   RTCPS_L
000004b0   RTCTIM0
000004b1   RTCTIM0_H
000004b0   RTCTIM0_L
000004b2   RTCTIM1
000004b3   RTCTIM1_H
000004b2   RTCTIM1_L
000004b6   RTCYEAR
000004b7   RTCYEAR_H
000004b6   RTCYEAR_L
0000bcdc   RXBufferIsEmpty
0000bce6   ReadAppSwitch
0000bcf0   ReadWlanInterruptPin
0000200c   ReceiveFirst
00002010   ReceivePop
0000200e   ReceivePush
00000100   SFRIE1
00000101   SFRIE1_H
00000100   SFRIE1_L
00000102   SFRIFG1
00000103   SFRIFG1_H
00000102   SFRIFG1_L
00000104   SFRRPCR
00000105   SFRRPCR_H
00000104   SFRRPCR_L
0000bbc0   SSIContReadOperation
00002018   SSIDKey
00002024   SSIDName
0000bb84   STREAM_TO_UINT16_f
0000b30c   STREAM_TO_UINT32_f
000004ce   SUMEXT
000004cf   SUMEXT_H
000004ce   SUMEXT_L
00000124   SVSMHCTL
00000125   SVSMHCTL_H
00000124   SVSMHCTL_L
00000128   SVSMIO
00000129   SVSMIO_H
00000128   SVSMIO_L
00000126   SVSMLCTL
00000127   SVSMLCTL_H
00000126   SVSMLCTL_L
00000198   SYSBERRIV
00000199   SYSBERRIV_H
00000198   SYSBERRIV_L
00000182   SYSBSLC
00000183   SYSBSLC_H
00000182   SYSBSLC_L
00000180   SYSCTL
00000181   SYSCTL_H
00000180   SYSCTL_L
00000186   SYSJMBC
00000187   SYSJMBC_H
00000186   SYSJMBC_L
00000188   SYSJMBI0
00000189   SYSJMBI0_H
00000188   SYSJMBI0_L
0000018a   SYSJMBI1
0000018b   SYSJMBI1_H
0000018a   SYSJMBI1_L
0000018c   SYSJMBO0
0000018d   SYSJMBO0_H
0000018c   SYSJMBO0_L
0000018e   SYSJMBO1
0000018f   SYSJMBO1_H
0000018e   SYSJMBO1_L
0000019e   SYSRSTIV
0000019f   SYSRSTIV_H
0000019e   SYSRSTIV_L
0000019c   SYSSNIV
0000019d   SYSSNIV_H
0000019c   SYSSNIV_L
0000019a   SYSUNIV
0000019b   SYSUNIV_H
0000019a   SYSUNIV_L
0000b34c   SetVCore
0000bcfa   SimpleLinkWaitData
0000bbd2   SimpleLinkWaitEvent
0000bc2c   SpiClose
0000b1ac   SpiFirstWrite
0000b846   SpiOpen
0000bd5c   SpiPauseSpi
0000ad2a   SpiReadDataCont
0000b110   SpiReadDataSynchronous
0000bc7c   SpiReadHeader
0000bc8a   SpiReceiveHandler
0000bd62   SpiResumeSpi
0000b8a2   SpiTriggerRxProcessing
0000a020   SpiWrite
0000b718   SpiWriteDataSynchronous
0000bd54   StartTIMERB0
00001f38   SwitchDimmer
00000352   TA0CCR0
00000354   TA0CCR1
00000356   TA0CCR2
00000358   TA0CCR3
0000035a   TA0CCR4
00000342   TA0CCTL0
00000344   TA0CCTL1
00000346   TA0CCTL2
00000348   TA0CCTL3
0000034a   TA0CCTL4
00000340   TA0CTL
00000360   TA0EX0
0000036e   TA0IV
00000350   TA0R
00000392   TA1CCR0
00000394   TA1CCR1
00000396   TA1CCR2
00000382   TA1CCTL0
00000384   TA1CCTL1
00000386   TA1CCTL2
00000380   TA1CTL
000003a0   TA1EX0
000003ae   TA1IV
00000390   TA1R
00000412   TA2CCR0
00000414   TA2CCR1
00000416   TA2CCR2
00000402   TA2CCTL0
00000404   TA2CCTL1
00000406   TA2CCTL2
00000400   TA2CTL
00000420   TA2EX0
0000042e   TA2IV
00000410   TA2R
000003d2   TB0CCR0
000003d4   TB0CCR1
000003d6   TB0CCR2
000003d8   TB0CCR3
000003da   TB0CCR4
000003dc   TB0CCR5
000003de   TB0CCR6
000003c2   TB0CCTL0
000003c4   TB0CCTL1
000003c6   TB0CCTL2
000003c8   TB0CCTL3
000003ca   TB0CCTL4
000003cc   TB0CCTL5
000003ce   TB0CCTL6
000003c0   TB0CTL
000003e0   TB0EX0
000003ee   TB0IV
000003d0   TB0R
0000bbf6   TIMER0_A1_ISR
0000bb2c   TIMER0_B1_ISR
0000bc98   TIMER1_A1_ISR
0000bd6e   TIMER2_A0_ISR
0000b998   TIMER2_A1_ISR
0000bd04   TXBufferIsEmpty
00001f3a   Tab_ADC10
0000b9be   TimerStart
0000b9e2   TimerStop
00002012   TransmitFirst
00002016   TransmitPop
00002014   TransmitPush
0000bd74   Trap_ISR
000005d0   UCA0ABCTL
000005c6   UCA0BRW
000005c7   UCA0BRW_H
000005c6   UCA0BRW_L
000005c0   UCA0CTLW0
000005c1   UCA0CTLW0_H
000005c0   UCA0CTLW0_L
000005dc   UCA0ICTL
000005dd   UCA0ICTL_H
000005dc   UCA0ICTL_L
000005d2   UCA0IRCTL
000005d3   UCA0IRCTL_H
000005d2   UCA0IRCTL_L
000005de   UCA0IV
000005c8   UCA0MCTL
000005cc   UCA0RXBUF
000005ca   UCA0STAT
000005ce   UCA0TXBUF
00000610   UCA1ABCTL
00000606   UCA1BRW
00000607   UCA1BRW_H
00000606   UCA1BRW_L
00000600   UCA1CTLW0
00000601   UCA1CTLW0_H
00000600   UCA1CTLW0_L
0000061c   UCA1ICTL
0000061d   UCA1ICTL_H
0000061c   UCA1ICTL_L
00000612   UCA1IRCTL
00000613   UCA1IRCTL_H
00000612   UCA1IRCTL_L
0000061e   UCA1IV
00000608   UCA1MCTL
0000060c   UCA1RXBUF
0000060a   UCA1STAT
0000060e   UCA1TXBUF
000005e6   UCB0BRW
000005e7   UCB0BRW_H
000005e6   UCB0BRW_L
000005e0   UCB0CTLW0
000005e1   UCB0CTLW0_H
000005e0   UCB0CTLW0_L
000005f0   UCB0I2COA
000005f1   UCB0I2COA_H
000005f0   UCB0I2COA_L
000005f2   UCB0I2CSA
000005f3   UCB0I2CSA_H
000005f2   UCB0I2CSA_L
000005fc   UCB0ICTL
000005fd   UCB0ICTL_H
000005fc   UCB0ICTL_L
000005fe   UCB0IV
000005ec   UCB0RXBUF
000005ea   UCB0STAT
000005ee   UCB0TXBUF
00000626   UCB1BRW
00000627   UCB1BRW_H
00000626   UCB1BRW_L
00000620   UCB1CTLW0
00000621   UCB1CTLW0_H
00000620   UCB1CTLW0_L
00000630   UCB1I2COA
00000631   UCB1I2COA_H
00000630   UCB1I2COA_L
00000632   UCB1I2CSA
00000633   UCB1I2CSA_H
00000632   UCB1I2CSA_L
0000063c   UCB1ICTL
0000063d   UCB1ICTL_H
0000063c   UCB1ICTL_L
0000063e   UCB1IV
0000062c   UCB1RXBUF
0000062a   UCB1STAT
0000062e   UCB1TXBUF
00000160   UCSCTL0
00000161   UCSCTL0_H
00000160   UCSCTL0_L
00000162   UCSCTL1
00000163   UCSCTL1_H
00000162   UCSCTL1_L
00000164   UCSCTL2
00000165   UCSCTL2_H
00000164   UCSCTL2_L
00000166   UCSCTL3
00000167   UCSCTL3_H
00000166   UCSCTL3_L
00000168   UCSCTL4
00000169   UCSCTL4_H
00000168   UCSCTL4_L
0000016a   UCSCTL5
0000016b   UCSCTL5_H
0000016a   UCSCTL5_L
0000016c   UCSCTL6
0000016d   UCSCTL6_H
0000016c   UCSCTL6_L
0000016e   UCSCTL7
0000016f   UCSCTL7_H
0000016e   UCSCTL7_L
00000170   UCSCTL8
00000171   UCSCTL8_H
00000170   UCSCTL8_L
0000bc3c   UINT16_TO_STREAM_f
0000b94a   UINT32_TO_STREAM_f
0000015c   WDTCTL
0000015d   WDTCTL_H
0000015c   WDTCTL_L
0000bd68   WlanInterruptDisable
0000bd0e   WlanInterruptEnable
0000bc4c   WriteWlanPin
00002040   _Errno
00003400   __STACK_END
000000a0   __STACK_SIZE
0000bdd8   __TI_CINIT_Base
0000bde8   __TI_CINIT_Limit
0000bdc6   __TI_Handler_Table_Base
0000bdd2   __TI_Handler_Table_Limit
UNDEFED    __TI_INITARRAY_Base
UNDEFED    __TI_INITARRAY_Limit
00000001   __TI_args_main
0000b586   __TI_decompress_none
0000bca6   __TI_decompress_rle24
00000001   __TI_exit
0000b672   __TI_zero_init
ffffffff   __binit__
ffffffff   __c_args__
0000b38c   __memcpy_far
00008fde   __mspabi_divd
0000aa10   __mspabi_divf
0000b48c   __mspabi_divli
0000bb58   __mspabi_divu
0000b014   __mspabi_divul
0000bbe4   __mspabi_fixdu
0000abb4   __mspabi_fixdul
0000ac36   __mspabi_fixfli
0000bcd0   __mspabi_fltid
0000a4a4   __mspabi_fltlid
0000b1f6   __mspabi_fltlif
00008d9a   __mspabi_mpyd
0000a3ee   __mspabi_mpyf
0000bb6e   __mspabi_mpyi_f5hw
0000ba06   __mspabi_mpyl_f5hw
0000b48c   __mspabi_remli
0000bb58   __mspabi_remu
0000b014   __mspabi_remul
0000bd2c   __mspabi_slli
0000bc5c   __mspabi_slll
0000b542   __mspabi_slll_1
0000b51e   __mspabi_slll_10
0000b51a   __mspabi_slll_11
0000b516   __mspabi_slll_12
0000b512   __mspabi_slll_13
0000b50e   __mspabi_slll_14
0000b50a   __mspabi_slll_15
0000b53e   __mspabi_slll_2
0000b53a   __mspabi_slll_3
0000b536   __mspabi_slll_4
0000b532   __mspabi_slll_5
0000b52e   __mspabi_slll_6
0000b52a   __mspabi_slll_7
0000b526   __mspabi_slll_8
0000b522   __mspabi_slll_9
0000b504   __mspabi_sral_1
0000b4e0   __mspabi_sral_10
0000b4dc   __mspabi_sral_11
0000b4d8   __mspabi_sral_12
0000b4d4   __mspabi_sral_13
0000b4d0   __mspabi_sral_14
0000b4cc   __mspabi_sral_15
0000b500   __mspabi_sral_2
0000b4fc   __mspabi_sral_3
0000b4f8   __mspabi_sral_4
0000b4f4   __mspabi_sral_5
0000b4f0   __mspabi_sral_6
0000b4ec   __mspabi_sral_7
0000b4e8   __mspabi_sral_8
0000b4e4   __mspabi_sral_9
0000bc6c   __mspabi_srll
0000b580   __mspabi_srll_1
0000b55c   __mspabi_srll_10
0000b558   __mspabi_srll_11
0000b554   __mspabi_srll_12
0000b550   __mspabi_srll_13
0000b54c   __mspabi_srll_14
0000b548   __mspabi_srll_15
0000b57c   __mspabi_srll_2
0000b578   __mspabi_srll_3
0000b574   __mspabi_srll_4
0000b570   __mspabi_srll_5
0000b56c   __mspabi_srll_6
0000b568   __mspabi_srll_7
0000b564   __mspabi_srll_8
0000b560   __mspabi_srll_9
0000ae14   _auto_init
0000bafc   _c_int00
0000bafc   _c_int00_noexit
00008000   _frcdivd
0000884a   _frcmpyd
0000fffe   _reset_vector
00003360   _stack
0000bd18   _system_pre_init
0000bd78   abort
ffffffff   binit
00001e04   comms_receive_array
00001e54   comms_transmit_array
0000a980   connect
00009588   connectNetwork
00001fec   devices
0000bd22   getCountValue
0000b8f8   getTimeCollapse
0000b3cc   get_socket_active_status
0000b874   hci_command_send
0000b240   hci_data_send
00008444   hci_event_handler
00009d9a   hci_patch_send
00008b24   hci_unsol_event_handler
0000a338   hci_unsol_handle_patch_request
0000b74c   hci_unsolicited_event_handler
00009b86   initCC3000
0000bb42   initClk
0000b44c   initCommunication
0000bb98   initDriver
0000bcb4   initLEDs
0000a7b8   initSocketComm
0000bac6   initTIMERB0
0000ba6a   init_spi
00001ee2   key
0000a0ea   main
0000bc08   memcpy
0000bbac   memset
0000a544   netapp_dhcp
0000ba8a   netapp_ipconfig
00009ca6   netapp_timeout_values
0000a8ea   payloadReceived
000098b8   payloadToSend
00001da6   pingReport
0000a852   pio_init
00001ef2   profileArray
00001fba   ptr
0000b780   receivePayLoad
0000b5fe   recv
00001d18   requestBuffer
00001da4   sNetworkConnectAttempt
00001c00   sSpiInformation
0000b5c2   send
0000bd36   sendBootLoaderPatch
0000bd40   sendDriverPatch
0000b6aa   sendPayLoad
0000bd4a   sendWLFWPatch
0000af5c   set_socket_active_status
0000a278   setsockopt
0000aa9e   simple_link_recv
000091f6   simple_link_send
00001da0   slSocketConnected
00001da2   slSocketFault
0000ae82   socket
00002034   socket_active_status
00001c10   spi_buffer
0000bc1a   strlen
00001ea4   tSLInformation
00001df4   tSocketAddr
0000202e   tSpiReadHeader
0000bcc2   turnLedOn
00001d84   ulCC3000Connected
00001d88   ulCC3000DHCP
00001d90   ulCC3000DHCP_configured
00001d94   ulPingNumber
00001d80   ulSmartConfigFinished
00001d98   ulSocket
00001d9c   ulSocketTCP
00001d7c   ulTimecount
00009a2a   wlan_connect
0000b638   wlan_init
0000b288   wlan_ioctl_del_profile
0000afba   wlan_ioctl_set_connection_policy
0000ada0   wlan_set_event_mask
0000a5e4   wlan_start
0000ba28   wlan_stop
00001c94   wlan_tx_buffer


GLOBAL SYMBOLS: SORTED BY Symbol Address 

address    name
--------   ----
00000001   __TI_args_main
00000001   __TI_exit
000000a0   __STACK_SIZE
00000100   SFRIE1
00000100   SFRIE1_L
00000101   SFRIE1_H
00000102   SFRIFG1
00000102   SFRIFG1_L
00000103   SFRIFG1_H
00000104   SFRRPCR
00000104   SFRRPCR_L
00000105   SFRRPCR_H
00000120   PMMCTL0
00000120   PMMCTL0_L
00000121   PMMCTL0_H
00000122   PMMCTL1
00000122   PMMCTL1_L
00000123   PMMCTL1_H
00000124   SVSMHCTL
00000124   SVSMHCTL_L
00000125   SVSMHCTL_H
00000126   SVSMLCTL
00000126   SVSMLCTL_L
00000127   SVSMLCTL_H
00000128   SVSMIO
00000128   SVSMIO_L
00000129   SVSMIO_H
0000012c   PMMIFG
0000012c   PMMIFG_L
0000012d   PMMIFG_H
0000012e   PMMRIE
0000012e   PMMRIE_L
0000012f   PMMRIE_H
00000130   PM5CTL0
00000130   PM5CTL0_L
00000131   PM5CTL0_H
00000140   FCTL1
00000140   FCTL1_L
00000141   FCTL1_H
00000144   FCTL3
00000144   FCTL3_L
00000145   FCTL3_H
00000146   FCTL4
00000146   FCTL4_L
00000147   FCTL4_H
00000150   CRCDI
00000150   CRCDI_L
00000151   CRCDI_H
00000152   CRCDIRB
00000152   CRCDIRB_L
00000153   CRCDIRB_H
00000154   CRCINIRES
00000154   CRCINIRES_L
00000155   CRCINIRES_H
00000156   CRCRESR
00000156   CRCRESR_L
00000157   CRCRESR_H
00000158   RCCTL0
00000158   RCCTL0_L
00000159   RCCTL0_H
0000015c   WDTCTL
0000015c   WDTCTL_L
0000015d   WDTCTL_H
00000160   UCSCTL0
00000160   UCSCTL0_L
00000161   UCSCTL0_H
00000162   UCSCTL1
00000162   UCSCTL1_L
00000163   UCSCTL1_H
00000164   UCSCTL2
00000164   UCSCTL2_L
00000165   UCSCTL2_H
00000166   UCSCTL3
00000166   UCSCTL3_L
00000167   UCSCTL3_H
00000168   UCSCTL4
00000168   UCSCTL4_L
00000169   UCSCTL4_H
0000016a   UCSCTL5
0000016a   UCSCTL5_L
0000016b   UCSCTL5_H
0000016c   UCSCTL6
0000016c   UCSCTL6_L
0000016d   UCSCTL6_H
0000016e   UCSCTL7
0000016e   UCSCTL7_L
0000016f   UCSCTL7_H
00000170   UCSCTL8
00000170   UCSCTL8_L
00000171   UCSCTL8_H
00000180   SYSCTL
00000180   SYSCTL_L
00000181   SYSCTL_H
00000182   SYSBSLC
00000182   SYSBSLC_L
00000183   SYSBSLC_H
00000186   SYSJMBC
00000186   SYSJMBC_L
00000187   SYSJMBC_H
00000188   SYSJMBI0
00000188   SYSJMBI0_L
00000189   SYSJMBI0_H
0000018a   SYSJMBI1
0000018a   SYSJMBI1_L
0000018b   SYSJMBI1_H
0000018c   SYSJMBO0
0000018c   SYSJMBO0_L
0000018d   SYSJMBO0_H
0000018e   SYSJMBO1
0000018e   SYSJMBO1_L
0000018f   SYSJMBO1_H
00000198   SYSBERRIV
00000198   SYSBERRIV_L
00000199   SYSBERRIV_H
0000019a   SYSUNIV
0000019a   SYSUNIV_L
0000019b   SYSUNIV_H
0000019c   SYSSNIV
0000019c   SYSSNIV_L
0000019d   SYSSNIV_H
0000019e   SYSRSTIV
0000019e   SYSRSTIV_L
0000019f   SYSRSTIV_H
000001b0   REFCTL0
000001b0   REFCTL0_L
000001b1   REFCTL0_H
000001c0   PMAPKEYID
000001c0   PMAPKEYID_L
000001c1   PMAPKEYID_H
000001c2   PMAPCTL
000001c2   PMAPCTL_L
000001c3   PMAPCTL_H
000001e0   P4MAP01
000001e0   P4MAP01_L
000001e1   P4MAP01_H
000001e2   P4MAP23
000001e2   P4MAP23_L
000001e3   P4MAP23_H
000001e4   P4MAP45
000001e4   P4MAP45_L
000001e5   P4MAP45_H
000001e6   P4MAP67
000001e6   P4MAP67_L
000001e7   P4MAP67_H
00000200   PAIN
00000200   PAIN_L
00000201   PAIN_H
00000202   PAOUT
00000202   PAOUT_L
00000203   PAOUT_H
00000204   PADIR
00000204   PADIR_L
00000205   PADIR_H
00000206   PAREN
00000206   PAREN_L
00000207   PAREN_H
00000208   PADS
00000208   PADS_L
00000209   PADS_H
0000020a   PASEL
0000020a   PASEL_L
0000020b   PASEL_H
0000020e   P1IV
00000218   PAIES
00000218   PAIES_L
00000219   PAIES_H
0000021a   PAIE
0000021a   PAIE_L
0000021b   PAIE_H
0000021c   PAIFG
0000021c   PAIFG_L
0000021d   PAIFG_H
0000021e   P2IV
00000220   PBIN
00000220   PBIN_L
00000221   PBIN_H
00000222   PBOUT
00000222   PBOUT_L
00000223   PBOUT_H
00000224   PBDIR
00000224   PBDIR_L
00000225   PBDIR_H
00000226   PBREN
00000226   PBREN_L
00000227   PBREN_H
00000228   PBDS
00000228   PBDS_L
00000229   PBDS_H
0000022a   PBSEL
0000022a   PBSEL_L
0000022b   PBSEL_H
00000240   PCIN
00000240   PCIN_L
00000241   PCIN_H
00000242   PCOUT
00000242   PCOUT_L
00000243   PCOUT_H
00000244   PCDIR
00000244   PCDIR_L
00000245   PCDIR_H
00000246   PCREN
00000246   PCREN_L
00000247   PCREN_H
00000248   PCDS
00000248   PCDS_L
00000249   PCDS_H
0000024a   PCSEL
0000024a   PCSEL_L
0000024b   PCSEL_H
00000320   PJIN
00000320   PJIN_L
00000321   PJIN_H
00000322   PJOUT
00000322   PJOUT_L
00000323   PJOUT_H
00000324   PJDIR
00000324   PJDIR_L
00000325   PJDIR_H
00000326   PJREN
00000326   PJREN_L
00000327   PJREN_H
00000328   PJDS
00000328   PJDS_L
00000329   PJDS_H
00000340   TA0CTL
00000342   TA0CCTL0
00000344   TA0CCTL1
00000346   TA0CCTL2
00000348   TA0CCTL3
0000034a   TA0CCTL4
00000350   TA0R
00000352   TA0CCR0
00000354   TA0CCR1
00000356   TA0CCR2
00000358   TA0CCR3
0000035a   TA0CCR4
00000360   TA0EX0
0000036e   TA0IV
00000380   TA1CTL
00000382   TA1CCTL0
00000384   TA1CCTL1
00000386   TA1CCTL2
00000390   TA1R
00000392   TA1CCR0
00000394   TA1CCR1
00000396   TA1CCR2
000003a0   TA1EX0
000003ae   TA1IV
000003c0   TB0CTL
000003c2   TB0CCTL0
000003c4   TB0CCTL1
000003c6   TB0CCTL2
000003c8   TB0CCTL3
000003ca   TB0CCTL4
000003cc   TB0CCTL5
000003ce   TB0CCTL6
000003d0   TB0R
000003d2   TB0CCR0
000003d4   TB0CCR1
000003d6   TB0CCR2
000003d8   TB0CCR3
000003da   TB0CCR4
000003dc   TB0CCR5
000003de   TB0CCR6
000003e0   TB0EX0
000003ee   TB0IV
00000400   TA2CTL
00000402   TA2CCTL0
00000404   TA2CCTL1
00000406   TA2CCTL2
00000410   TA2R
00000412   TA2CCR0
00000414   TA2CCR1
00000416   TA2CCR2
00000420   TA2EX0
0000042e   TA2IV
000004a0   RTCCTL01
000004a0   RTCCTL01_L
000004a1   RTCCTL01_H
000004a2   RTCCTL23
000004a2   RTCCTL23_L
000004a3   RTCCTL23_H
000004a8   RTCPS0CTL
000004a8   RTCPS0CTL_L
000004a9   RTCPS0CTL_H
000004aa   RTCPS1CTL
000004aa   RTCPS1CTL_L
000004ab   RTCPS1CTL_H
000004ac   RTCPS
000004ac   RTCPS_L
000004ad   RTCPS_H
000004ae   RTCIV
000004b0   RTCTIM0
000004b0   RTCTIM0_L
000004b1   RTCTIM0_H
000004b2   RTCTIM1
000004b2   RTCTIM1_L
000004b3   RTCTIM1_H
000004b4   RTCDATE
000004b4   RTCDATE_L
000004b5   RTCDATE_H
000004b6   RTCYEAR
000004b6   RTCYEAR_L
000004b7   RTCYEAR_H
000004b8   RTCAMINHR
000004b8   RTCAMINHR_L
000004b9   RTCAMINHR_H
000004ba   RTCADOWDAY
000004ba   RTCADOWDAY_L
000004bb   RTCADOWDAY_H
000004c0   MPY
000004c0   MPY_L
000004c1   MPY_H
000004c2   MPYS
000004c2   MPYS_L
000004c3   MPYS_H
000004c4   MAC
000004c4   MAC_L
000004c5   MAC_H
000004c6   MACS
000004c6   MACS_L
000004c7   MACS_H
000004c8   OP2
000004c8   OP2_L
000004c9   OP2_H
000004ca   RESLO
000004ca   RESLO_L
000004cb   RESLO_H
000004cc   RESHI
000004cc   RESHI_L
000004cd   RESHI_H
000004ce   SUMEXT
000004ce   SUMEXT_L
000004cf   SUMEXT_H
000004d0   MPY32L
000004d0   MPY32L_L
000004d1   MPY32L_H
000004d2   MPY32H
000004d2   MPY32H_L
000004d3   MPY32H_H
000004d4   MPYS32L
000004d4   MPYS32L_L
000004d5   MPYS32L_H
000004d6   MPYS32H
000004d6   MPYS32H_L
000004d7   MPYS32H_H
000004d8   MAC32L
000004d8   MAC32L_L
000004d9   MAC32L_H
000004da   MAC32H
000004da   MAC32H_L
000004db   MAC32H_H
000004dc   MACS32L
000004dc   MACS32L_L
000004dd   MACS32L_H
000004de   MACS32H
000004de   MACS32H_L
000004df   MACS32H_H
000004e0   OP2L
000004e0   OP2L_L
000004e1   OP2L_H
000004e2   OP2H
000004e2   OP2H_L
000004e3   OP2H_H
000004e4   RES0
000004e4   RES0_L
000004e5   RES0_H
000004e6   RES1
000004e6   RES1_L
000004e7   RES1_H
000004e8   RES2
000004e8   RES2_L
000004e9   RES2_H
000004ea   RES3
000004ea   RES3_L
000004eb   RES3_H
000004ec   MPY32CTL0
000004ec   MPY32CTL0_L
000004ed   MPY32CTL0_H
00000500   DMACTL0
00000500   DMACTL0_L
00000501   DMACTL0_H
00000502   DMACTL1
00000502   DMACTL1_L
00000503   DMACTL1_H
00000504   DMACTL2
00000504   DMACTL2_L
00000505   DMACTL2_H
00000506   DMACTL3
00000506   DMACTL3_L
00000507   DMACTL3_H
00000508   DMACTL4
00000508   DMACTL4_L
00000509   DMACTL4_H
0000050e   DMAIV
0000050e   DMAIV_L
0000050f   DMAIV_H
00000510   DMA0CTL
00000510   DMA0CTL_L
00000511   DMA0CTL_H
00000512   DMA0SA
00000512   DMA0SAL
00000516   DMA0DA
00000516   DMA0DAL
0000051a   DMA0SZ
00000520   DMA1CTL
00000520   DMA1CTL_L
00000521   DMA1CTL_H
00000522   DMA1SA
00000522   DMA1SAL
00000526   DMA1DA
00000526   DMA1DAL
0000052a   DMA1SZ
00000530   DMA2CTL
00000530   DMA2CTL_L
00000531   DMA2CTL_H
00000532   DMA2SA
00000532   DMA2SAL
00000536   DMA2DA
00000536   DMA2DAL
0000053a   DMA2SZ
000005c0   UCA0CTLW0
000005c0   UCA0CTLW0_L
000005c1   UCA0CTLW0_H
000005c6   UCA0BRW
000005c6   UCA0BRW_L
000005c7   UCA0BRW_H
000005c8   UCA0MCTL
000005ca   UCA0STAT
000005cc   UCA0RXBUF
000005ce   UCA0TXBUF
000005d0   UCA0ABCTL
000005d2   UCA0IRCTL
000005d2   UCA0IRCTL_L
000005d3   UCA0IRCTL_H
000005dc   UCA0ICTL
000005dc   UCA0ICTL_L
000005dd   UCA0ICTL_H
000005de   UCA0IV
000005e0   UCB0CTLW0
000005e0   UCB0CTLW0_L
000005e1   UCB0CTLW0_H
000005e6   UCB0BRW
000005e6   UCB0BRW_L
000005e7   UCB0BRW_H
000005ea   UCB0STAT
000005ec   UCB0RXBUF
000005ee   UCB0TXBUF
000005f0   UCB0I2COA
000005f0   UCB0I2COA_L
000005f1   UCB0I2COA_H
000005f2   UCB0I2CSA
000005f2   UCB0I2CSA_L
000005f3   UCB0I2CSA_H
000005fc   UCB0ICTL
000005fc   UCB0ICTL_L
000005fd   UCB0ICTL_H
000005fe   UCB0IV
00000600   UCA1CTLW0
00000600   UCA1CTLW0_L
00000601   UCA1CTLW0_H
00000606   UCA1BRW
00000606   UCA1BRW_L
00000607   UCA1BRW_H
00000608   UCA1MCTL
0000060a   UCA1STAT
0000060c   UCA1RXBUF
0000060e   UCA1TXBUF
00000610   UCA1ABCTL
00000612   UCA1IRCTL
00000612   UCA1IRCTL_L
00000613   UCA1IRCTL_H
0000061c   UCA1ICTL
0000061c   UCA1ICTL_L
0000061d   UCA1ICTL_H
0000061e   UCA1IV
00000620   UCB1CTLW0
00000620   UCB1CTLW0_L
00000621   UCB1CTLW0_H
00000626   UCB1BRW
00000626   UCB1BRW_L
00000627   UCB1BRW_H
0000062a   UCB1STAT
0000062c   UCB1RXBUF
0000062e   UCB1TXBUF
00000630   UCB1I2COA
00000630   UCB1I2COA_L
00000631   UCB1I2COA_H
00000632   UCB1I2CSA
00000632   UCB1I2CSA_L
00000633   UCB1I2CSA_H
0000063c   UCB1ICTL
0000063c   UCB1ICTL_L
0000063d   UCB1ICTL_H
0000063e   UCB1IV
00000740   ADC10CTL0
00000740   ADC10CTL0_L
00000741   ADC10CTL0_H
00000742   ADC10CTL1
00000742   ADC10CTL1_L
00000743   ADC10CTL1_H
00000744   ADC10CTL2
00000744   ADC10CTL2_L
00000745   ADC10CTL2_H
00000746   ADC10LO
00000746   ADC10LO_L
00000747   ADC10LO_H
00000748   ADC10HI
00000748   ADC10HI_L
00000749   ADC10HI_H
0000074a   ADC10MCTL0
0000074a   ADC10MCTL0_L
0000074b   ADC10MCTL0_H
00000752   ADC10MEM0
00000752   ADC10MEM0_L
00000753   ADC10MEM0_H
0000075a   ADC10IE
0000075a   ADC10IE_L
0000075b   ADC10IE_H
0000075c   ADC10IFG
0000075c   ADC10IFG_L
0000075d   ADC10IFG_H
0000075e   ADC10IV
0000075e   ADC10IV_L
0000075f   ADC10IV_H
000008c0   CBCTL0
000008c0   CBCTL0_L
000008c1   CBCTL0_H
000008c2   CBCTL1
000008c2   CBCTL1_L
000008c3   CBCTL1_H
000008c4   CBCTL2
000008c4   CBCTL2_L
000008c5   CBCTL2_H
000008c6   CBCTL3
000008c6   CBCTL3_L
000008c7   CBCTL3_H
000008cc   CBINT
000008cc   CBINT_L
000008cd   CBINT_H
000008ce   CBIV
00000900   LDOKEYPID
00000900   LDOKEYPID_L
00000901   LDOKEYPID_H
00000904   PUCTL
00000904   PUCTL_L
00000905   PUCTL_H
00000908   LDOPWRCTL
00000908   LDOPWRCTL_L
00000909   LDOPWRCTL_H
00001c00   sSpiInformation
00001c10   spi_buffer
00001c94   wlan_tx_buffer
00001d18   requestBuffer
00001d7c   ulTimecount
00001d80   ulSmartConfigFinished
00001d84   ulCC3000Connected
00001d88   ulCC3000DHCP
00001d8c   OkToDoShutDown
00001d90   ulCC3000DHCP_configured
00001d94   ulPingNumber
00001d98   ulSocket
00001d9c   ulSocketTCP
00001da0   slSocketConnected
00001da2   slSocketFault
00001da4   sNetworkConnectAttempt
00001da6   pingReport
00001dba   CC3000ipconfig
00001df4   tSocketAddr
00001e04   comms_receive_array
00001e54   comms_transmit_array
00001ea4   tSLInformation
00001ee2   key
00001ef2   profileArray
00001f36   ADC_Result
00001f38   SwitchDimmer
00001f3a   Tab_ADC10
00001fba   ptr
00001fec   devices
0000200c   ReceiveFirst
0000200e   ReceivePush
00002010   ReceivePop
00002012   TransmitFirst
00002014   TransmitPush
00002016   TransmitPop
00002018   SSIDKey
00002024   SSIDName
0000202e   tSpiReadHeader
00002034   socket_active_status
00002038   DSServerIP
0000203c   DSServerPort
00002040   _Errno
00003360   _stack
00003400   __STACK_END
00008000   _frcdivd
00008444   hci_event_handler
0000884a   _frcmpyd
00008b24   hci_unsol_event_handler
00008d9a   __mspabi_mpyd
00008fde   __mspabi_divd
000091f6   simple_link_send
000093c0   ControlCommsReceive
00009588   connectNetwork
00009722   ComputationWattHour
000098b8   payloadToSend
00009a2a   wlan_connect
00009b86   initCC3000
00009ca6   netapp_timeout_values
00009d9a   hci_patch_send
0000a020   SpiWrite
0000a0ea   main
0000a1b2   Init_FLL
0000a278   setsockopt
0000a338   hci_unsol_handle_patch_request
0000a3ee   __mspabi_mpyf
0000a4a4   __mspabi_fltlid
0000a544   netapp_dhcp
0000a5e4   wlan_start
0000a682   ChangeIO
0000a7b8   initSocketComm
0000a852   pio_init
0000a8ea   payloadReceived
0000a980   connect
0000aa10   __mspabi_divf
0000aa9e   simple_link_recv
0000ab2c   CC3000_UsynchCallback
0000abb4   __mspabi_fixdul
0000ac36   __mspabi_fixfli
0000acb4   InitListComms
0000ad2a   SpiReadDataCont
0000ada0   wlan_set_event_mask
0000ae14   _auto_init
0000ae82   socket
0000aef0   IntSpiGPIOHandler
0000af5c   set_socket_active_status
0000afba   wlan_ioctl_set_connection_policy
0000b014   __mspabi_divul
0000b014   __mspabi_remul
0000b06c   InfoCommsReceive
0000b0c0   ADCRead
0000b110   SpiReadDataSynchronous
0000b160   HostFlowControlConsumeBuff
0000b1ac   SpiFirstWrite
0000b1f6   __mspabi_fltlif
0000b240   hci_data_send
0000b288   wlan_ioctl_del_profile
0000b2cc   Push
0000b30c   STREAM_TO_UINT32_f
0000b34c   SetVCore
0000b38c   __memcpy_far
0000b3cc   get_socket_active_status
0000b44c   initCommunication
0000b48c   __mspabi_divli
0000b48c   __mspabi_remli
0000b4cc   __mspabi_sral_15
0000b4d0   __mspabi_sral_14
0000b4d4   __mspabi_sral_13
0000b4d8   __mspabi_sral_12
0000b4dc   __mspabi_sral_11
0000b4e0   __mspabi_sral_10
0000b4e4   __mspabi_sral_9
0000b4e8   __mspabi_sral_8
0000b4ec   __mspabi_sral_7
0000b4f0   __mspabi_sral_6
0000b4f4   __mspabi_sral_5
0000b4f8   __mspabi_sral_4
0000b4fc   __mspabi_sral_3
0000b500   __mspabi_sral_2
0000b504   __mspabi_sral_1
0000b50a   __mspabi_slll_15
0000b50e   __mspabi_slll_14
0000b512   __mspabi_slll_13
0000b516   __mspabi_slll_12
0000b51a   __mspabi_slll_11
0000b51e   __mspabi_slll_10
0000b522   __mspabi_slll_9
0000b526   __mspabi_slll_8
0000b52a   __mspabi_slll_7
0000b52e   __mspabi_slll_6
0000b532   __mspabi_slll_5
0000b536   __mspabi_slll_4
0000b53a   __mspabi_slll_3
0000b53e   __mspabi_slll_2
0000b542   __mspabi_slll_1
0000b548   __mspabi_srll_15
0000b54c   __mspabi_srll_14
0000b550   __mspabi_srll_13
0000b554   __mspabi_srll_12
0000b558   __mspabi_srll_11
0000b55c   __mspabi_srll_10
0000b560   __mspabi_srll_9
0000b564   __mspabi_srll_8
0000b568   __mspabi_srll_7
0000b56c   __mspabi_srll_6
0000b570   __mspabi_srll_5
0000b574   __mspabi_srll_4
0000b578   __mspabi_srll_3
0000b57c   __mspabi_srll_2
0000b580   __mspabi_srll_1
0000b586   __TI_decompress_none
0000b5c2   send
0000b5fe   recv
0000b638   wlan_init
0000b672   __TI_zero_init
0000b6aa   sendPayLoad
0000b6e2   Init_FLL_Settle
0000b718   SpiWriteDataSynchronous
0000b74c   hci_unsolicited_event_handler
0000b780   receivePayLoad
0000b7b4   ADC10_ISR
0000b846   SpiOpen
0000b874   hci_command_send
0000b8a2   SpiTriggerRxProcessing
0000b8ce   InitADC10
0000b8f8   getTimeCollapse
0000b922   InitTIMER1
0000b94a   UINT32_TO_STREAM_f
0000b972   Pop
0000b998   TIMER2_A1_ISR
0000b9be   TimerStart
0000b9e2   TimerStop
0000ba06   __mspabi_mpyl_f5hw
0000ba28   wlan_stop
0000ba4a   GetState
0000ba6a   init_spi
0000ba8a   netapp_ipconfig
0000baaa   IntGPIOHandler
0000bac6   initTIMERB0
0000bae2   InitTIMER2
0000bafc   _c_int00
0000bafc   _c_int00_noexit
0000bb16   InitTIMER0
0000bb2c   TIMER0_B1_ISR
0000bb42   initClk
0000bb58   __mspabi_divu
0000bb58   __mspabi_remu
0000bb6e   __mspabi_mpyi_f5hw
0000bb84   STREAM_TO_UINT16_f
0000bb98   initDriver
0000bbac   memset
0000bbc0   SSIContReadOperation
0000bbd2   SimpleLinkWaitEvent
0000bbe4   __mspabi_fixdu
0000bbf6   TIMER0_A1_ISR
0000bc08   memcpy
0000bc1a   strlen
0000bc2c   SpiClose
0000bc3c   UINT16_TO_STREAM_f
0000bc4c   WriteWlanPin
0000bc5c   __mspabi_slll
0000bc6c   __mspabi_srll
0000bc7c   SpiReadHeader
0000bc8a   SpiReceiveHandler
0000bc98   TIMER1_A1_ISR
0000bca6   __TI_decompress_rle24
0000bcb4   initLEDs
0000bcc2   turnLedOn
0000bcd0   __mspabi_fltid
0000bcdc   RXBufferIsEmpty
0000bce6   ReadAppSwitch
0000bcf0   ReadWlanInterruptPin
0000bcfa   SimpleLinkWaitData
0000bd04   TXBufferIsEmpty
0000bd0e   WlanInterruptEnable
0000bd18   _system_pre_init
0000bd22   getCountValue
0000bd2c   __mspabi_slli
0000bd36   sendBootLoaderPatch
0000bd40   sendDriverPatch
0000bd4a   sendWLFWPatch
0000bd54   StartTIMERB0
0000bd5c   SpiPauseSpi
0000bd62   SpiResumeSpi
0000bd68   WlanInterruptDisable
0000bd6e   TIMER2_A0_ISR
0000bd74   Trap_ISR
0000bd78   C$$EXIT
0000bd78   abort
0000bdc6   __TI_Handler_Table_Base
0000bdd2   __TI_Handler_Table_Limit
0000bdd8   __TI_CINIT_Base
0000bde8   __TI_CINIT_Limit
0000fffe   _reset_vector
ffffffff   __binit__
ffffffff   __c_args__
ffffffff   binit
UNDEFED    __TI_INITARRAY_Base
UNDEFED    __TI_INITARRAY_Limit

[788 symbols]
